Component: ARM Compiler 5.06 (build 20) Tool: armlink [4d35a3]

==============================================================================

Section Cross References

    stm32f4xx_adc.o(i.ADC_DeInit) refers to stm32f4xx_rcc.o(i.RCC_APB2PeriphResetCmd) for RCC_APB2PeriphResetCmd
    stm32f4xx_can.o(i.CAN_DeInit) refers to stm32f4xx_rcc.o(i.RCC_APB1PeriphResetCmd) for RCC_APB1PeriphResetCmd
    stm32f4xx_cryp.o(i.CRYP_DeInit) refers to stm32f4xx_rcc.o(i.RCC_AHB2PeriphResetCmd) for RCC_AHB2PeriphResetCmd
    stm32f4xx_cryp_aes.o(i.CRYP_AES_CBC) refers to stm32f4xx_cryp.o(i.CRYP_KeyStructInit) for CRYP_KeyStructInit
    stm32f4xx_cryp_aes.o(i.CRYP_AES_CBC) refers to stm32f4xx_cryp.o(i.CRYP_KeyInit) for CRYP_KeyInit
    stm32f4xx_cryp_aes.o(i.CRYP_AES_CBC) refers to stm32f4xx_cryp.o(i.CRYP_Init) for CRYP_Init
    stm32f4xx_cryp_aes.o(i.CRYP_AES_CBC) refers to stm32f4xx_cryp.o(i.CRYP_IVInit) for CRYP_IVInit
    stm32f4xx_cryp_aes.o(i.CRYP_AES_CBC) refers to stm32f4xx_cryp.o(i.CRYP_FIFOFlush) for CRYP_FIFOFlush
    stm32f4xx_cryp_aes.o(i.CRYP_AES_CBC) refers to stm32f4xx_cryp.o(i.CRYP_Cmd) for CRYP_Cmd
    stm32f4xx_cryp_aes.o(i.CRYP_AES_CBC) refers to stm32f4xx_cryp.o(i.CRYP_GetCmdStatus) for CRYP_GetCmdStatus
    stm32f4xx_cryp_aes.o(i.CRYP_AES_CBC) refers to stm32f4xx_cryp.o(i.CRYP_GetFlagStatus) for CRYP_GetFlagStatus
    stm32f4xx_cryp_aes.o(i.CRYP_AES_CBC) refers to stm32f4xx_cryp.o(i.CRYP_DataIn) for CRYP_DataIn
    stm32f4xx_cryp_aes.o(i.CRYP_AES_CBC) refers to stm32f4xx_cryp.o(i.CRYP_DataOut) for CRYP_DataOut
    stm32f4xx_cryp_aes.o(i.CRYP_AES_CCM) refers to stm32f4xx_cryp.o(i.CRYP_KeyStructInit) for CRYP_KeyStructInit
    stm32f4xx_cryp_aes.o(i.CRYP_AES_CCM) refers to stm32f4xx_cryp.o(i.CRYP_FIFOFlush) for CRYP_FIFOFlush
    stm32f4xx_cryp_aes.o(i.CRYP_AES_CCM) refers to stm32f4xx_cryp.o(i.CRYP_KeyInit) for CRYP_KeyInit
    stm32f4xx_cryp_aes.o(i.CRYP_AES_CCM) refers to stm32f4xx_cryp.o(i.CRYP_IVInit) for CRYP_IVInit
    stm32f4xx_cryp_aes.o(i.CRYP_AES_CCM) refers to stm32f4xx_cryp.o(i.CRYP_Init) for CRYP_Init
    stm32f4xx_cryp_aes.o(i.CRYP_AES_CCM) refers to stm32f4xx_cryp.o(i.CRYP_PhaseConfig) for CRYP_PhaseConfig
    stm32f4xx_cryp_aes.o(i.CRYP_AES_CCM) refers to stm32f4xx_cryp.o(i.CRYP_DataIn) for CRYP_DataIn
    stm32f4xx_cryp_aes.o(i.CRYP_AES_CCM) refers to stm32f4xx_cryp.o(i.CRYP_Cmd) for CRYP_Cmd
    stm32f4xx_cryp_aes.o(i.CRYP_AES_CCM) refers to stm32f4xx_cryp.o(i.CRYP_GetCmdStatus) for CRYP_GetCmdStatus
    stm32f4xx_cryp_aes.o(i.CRYP_AES_CCM) refers to stm32f4xx_cryp.o(i.CRYP_GetFlagStatus) for CRYP_GetFlagStatus
    stm32f4xx_cryp_aes.o(i.CRYP_AES_CCM) refers to stm32f4xx_cryp.o(i.CRYP_DataOut) for CRYP_DataOut
    stm32f4xx_cryp_aes.o(i.CRYP_AES_CTR) refers to stm32f4xx_cryp.o(i.CRYP_KeyStructInit) for CRYP_KeyStructInit
    stm32f4xx_cryp_aes.o(i.CRYP_AES_CTR) refers to stm32f4xx_cryp.o(i.CRYP_KeyInit) for CRYP_KeyInit
    stm32f4xx_cryp_aes.o(i.CRYP_AES_CTR) refers to stm32f4xx_cryp.o(i.CRYP_Init) for CRYP_Init
    stm32f4xx_cryp_aes.o(i.CRYP_AES_CTR) refers to stm32f4xx_cryp.o(i.CRYP_IVInit) for CRYP_IVInit
    stm32f4xx_cryp_aes.o(i.CRYP_AES_CTR) refers to stm32f4xx_cryp.o(i.CRYP_FIFOFlush) for CRYP_FIFOFlush
    stm32f4xx_cryp_aes.o(i.CRYP_AES_CTR) refers to stm32f4xx_cryp.o(i.CRYP_Cmd) for CRYP_Cmd
    stm32f4xx_cryp_aes.o(i.CRYP_AES_CTR) refers to stm32f4xx_cryp.o(i.CRYP_GetCmdStatus) for CRYP_GetCmdStatus
    stm32f4xx_cryp_aes.o(i.CRYP_AES_CTR) refers to stm32f4xx_cryp.o(i.CRYP_DataIn) for CRYP_DataIn
    stm32f4xx_cryp_aes.o(i.CRYP_AES_CTR) refers to stm32f4xx_cryp.o(i.CRYP_GetFlagStatus) for CRYP_GetFlagStatus
    stm32f4xx_cryp_aes.o(i.CRYP_AES_CTR) refers to stm32f4xx_cryp.o(i.CRYP_DataOut) for CRYP_DataOut
    stm32f4xx_cryp_aes.o(i.CRYP_AES_ECB) refers to stm32f4xx_cryp.o(i.CRYP_KeyStructInit) for CRYP_KeyStructInit
    stm32f4xx_cryp_aes.o(i.CRYP_AES_ECB) refers to stm32f4xx_cryp.o(i.CRYP_KeyInit) for CRYP_KeyInit
    stm32f4xx_cryp_aes.o(i.CRYP_AES_ECB) refers to stm32f4xx_cryp.o(i.CRYP_Init) for CRYP_Init
    stm32f4xx_cryp_aes.o(i.CRYP_AES_ECB) refers to stm32f4xx_cryp.o(i.CRYP_FIFOFlush) for CRYP_FIFOFlush
    stm32f4xx_cryp_aes.o(i.CRYP_AES_ECB) refers to stm32f4xx_cryp.o(i.CRYP_Cmd) for CRYP_Cmd
    stm32f4xx_cryp_aes.o(i.CRYP_AES_ECB) refers to stm32f4xx_cryp.o(i.CRYP_GetCmdStatus) for CRYP_GetCmdStatus
    stm32f4xx_cryp_aes.o(i.CRYP_AES_ECB) refers to stm32f4xx_cryp.o(i.CRYP_GetFlagStatus) for CRYP_GetFlagStatus
    stm32f4xx_cryp_aes.o(i.CRYP_AES_ECB) refers to stm32f4xx_cryp.o(i.CRYP_DataIn) for CRYP_DataIn
    stm32f4xx_cryp_aes.o(i.CRYP_AES_ECB) refers to stm32f4xx_cryp.o(i.CRYP_DataOut) for CRYP_DataOut
    stm32f4xx_cryp_aes.o(i.CRYP_AES_GCM) refers to stm32f4xx_cryp.o(i.CRYP_KeyStructInit) for CRYP_KeyStructInit
    stm32f4xx_cryp_aes.o(i.CRYP_AES_GCM) refers to stm32f4xx_cryp.o(i.CRYP_FIFOFlush) for CRYP_FIFOFlush
    stm32f4xx_cryp_aes.o(i.CRYP_AES_GCM) refers to stm32f4xx_cryp.o(i.CRYP_KeyInit) for CRYP_KeyInit
[...]
    Removing gpio.o(.constdata), (8 bytes).
    Removing gpio.o(.constdata), (8 bytes).
    Removing gpio.o(.constdata), (8 bytes).
    Removing gpio.o(.constdata), (8 bytes).
    Removing gpio.o(.constdata), (8 bytes).
    Removing gpio.o(.constdata), (8 bytes).
    Removing gpio.o(.constdata), (8 bytes).
    Removing gpio.o(.constdata), (8 bytes).
    Removing gpio.o(.constdata), (8 bytes).
    Removing gpio.o(.constdata), (8 bytes).
    Removing gpio.o(.constdata), (8 bytes).
    Removing gpio.o(.constdata), (8 bytes).
    Removing gpio.o(.constdata), (8 bytes).
    Removing gpio.o(.constdata), (8 bytes).
    Removing gpio.o(.constdata), (8 bytes).
    Removing gpio.o(.constdata), (8 bytes).
    Removing gpio.o(.constdata), (8 bytes).
    Removing gpio.o(.constdata), (8 bytes).
    Removing gpio.o(.constdata), (8 bytes).
    Removing gpio.o(.constdata), (8 bytes).
    Removing gpio.o(.constdata), (8 bytes).
    Removing gpio.o(.constdata), (8 bytes).
    Removing gpio.o(.constdata), (8 bytes).
    Removing gpio.o(.constdata), (8 bytes).
    Removing gpio.o(.constdata), (8 bytes).
    Removing gpio.o(.constdata), (8 bytes).
    Removing gpio.o(.constdata), (8 bytes).
    Removing gpio.o(.constdata), (8 bytes).
    Removing gpio.o(.constdata), (8 bytes).
    Removing gpio.o(.constdata), (8 bytes).
    Removing gpio.o(.constdata), (8 bytes).
    Removing gpio.o(.constdata), (8 bytes).
    Removing gpio.o(.constdata), (8 bytes).
    Removing gpio.o(.constdata), (8 bytes).
    Removing gpio.o(.constdata), (8 bytes).
    Removing gpio.o(.constdata), (8 bytes).
    Removing gpio.o(.constdata), (8 bytes).
    Removing gpio.o(.constdata), (8 bytes).
    Removing gpio.o(.constdata), (8 bytes).
    Removing gpio.o(.constdata), (8 bytes).
    Removing gpio.o(.constdata), (8 bytes).
    Removing gpio.o(.constdata), (8 bytes).
    Removing gpio.o(.constdata), (8 bytes).
    Removing gpio.o(.constdata), (8 bytes).
    Removing gpio.o(.constdata), (8 bytes).
    Removing gpio.o(.constdata), (8 bytes).
    Removing gpio.o(.constdata), (8 bytes).
    Removing gpio.o(.constdata), (8 bytes).
    Removing gpio.o(.constdata), (8 bytes).
    Removing gpio.o(.constdata), (8 bytes).
    Removing gpio.o(.constdata), (8 bytes).
    Removing gpio.o(.constdata), (8 bytes).
    Removing gpio.o(.constdata), (8 bytes).
    Removing gpio.o(.constdata), (8 bytes).
    Removing gpio.o(.constdata), (8 bytes).
    Removing gpio.o(.constdata), (8 bytes).
    Removing gpio.o(.constdata), (8 bytes).
    Removing gpio.o(.constdata), (8 bytes).
    Removing gpio.o(.constdata), (8 bytes).
    Removing gpio.o(.constdata), (8 bytes).
    Removing gpio.o(.constdata), (8 bytes).
    Removing gpio.o(.constdata), (8 bytes).
    Removing gpio.o(.constdata), (8 bytes).
    Removing gpio.o(.constdata), (8 bytes).
    Removing gpio.o(.constdata), (8 bytes).
    Removing gpio.o(.constdata), (8 bytes).
    Removing gpio.o(.constdata), (8 bytes).
    Removing gpio.o(.constdata), (8 bytes).
    Removing gpio.o(.constdata), (8 bytes).
    Removing gpio.o(.constdata), (8 bytes).
    Removing gpio.o(.constdata), (8 bytes).
    Removing gpio.o(.constdata), (8 bytes).
    Removing gpio.o(.constdata), (8 bytes).
    Removing gpio.o(.constdata), (8 bytes).
    Removing gpio.o(.constdata), (8 bytes).
    Removing quick_math.o(.rev16_text), (4 bytes).
    Removing quick_math.o(.revsh_text), (4 bytes).
    Removing quick_math.o(.rrx_text), (6 bytes).
    Removing quick_math.o(i.s16_cap), (16 bytes).
    Removing quick_math.o(i.s16_kth_smallest), (164 bytes).
    Removing quick_math.o(i.s32_sqrt), (40 bytes).
    Removing quick_math.o(i.u16_cap), (16 bytes).
    Removing trigon_math.o(.rev16_text), (4 bytes).
    Removing trigon_math.o(.revsh_text), (4 bytes).
    Removing trigon_math.o(.rrx_text), (6 bytes).
    Removing trigon_math.o(i.app_acos), (44 bytes).
    Removing trigon_math.o(i.app_asin), (44 bytes).
    Removing trigon_math.o(i.app_atan), (44 bytes).
    Removing trigon_math.o(i.app_atan2), (60 bytes).
    Removing trigon_math.o(i.app_cos), (32 bytes).
    Removing trigon_math.o(i.app_sin), (32 bytes).
    Removing trigon_math.o(i.app_tan), (140 bytes).
    Removing trigon_math.o(.constdata), (1028 bytes).
    Removing buzzer_song.o(.rev16_text), (4 bytes).
    Removing buzzer_song.o(.revsh_text), (4 bytes).
    Removing buzzer_song.o(.rrx_text), (6 bytes).
    Removing buzzer_song.o(.constdata), (12 bytes).
    Removing buzzer_song.o(.constdata), (12 bytes).
    Removing buzzer_song.o(.constdata), (8 bytes).
    Removing buzzer_song.o(.constdata), (6 bytes).
    Removing buzzer_song.o(.constdata), (4 bytes).
    Removing buzzer_song.o(.constdata), (4 bytes).
    Removing buzzer_song.o(.constdata), (6 bytes).
    Removing buzzer_song.o(.constdata), (8 bytes).
    Removing buzzer_song.o(.constdata), (10 bytes).
    Removing buzzer_song.o(.constdata), (12 bytes).
    Removing buzzer_song.o(.constdata), (12 bytes).
    Removing buzzer_song.o(.constdata), (56 bytes).
    Removing buzzer_song.o(.constdata), (258 bytes).
    Removing buzzer_song.o(.constdata), (258 bytes).
    Removing buzzer_song.o(.constdata), (54 bytes).
    Removing buzzer_song.o(.constdata), (144 bytes).
    Removing can_motor.o(.rev16_text), (4 bytes).
    Removing can_motor.o(.revsh_text), (4 bytes).
    Removing can_motor.o(.rrx_text), (6 bytes).
    Removing can_motor.o(i.can_motor_feedback_decoding), (72 bytes).
    Removing can_motor.o(i.can_motor_init), (16 bytes).
    Removing can_motor.o(i.get_encoder_value), (12 bytes).
    Removing can_motor.o(i.motor_lock), (22 bytes).
    Removing can_motor.o(i.motor_set_acceleration), (60 bytes).
    Removing can_motor.o(i.motor_set_pos), (112 bytes).
    Removing can_motor.o(i.motor_set_vel), (92 bytes).
    Removing can_motor.o(.bss), (64 bytes).
    Removing mti-1_uart.o(.rev16_text), (4 bytes).
    Removing mti-1_uart.o(.revsh_text), (4 bytes).
    Removing mti-1_uart.o(.rrx_text), (6 bytes).
    Removing mti-1_uart.o(i.MTi_1_UART_Rx), (428 bytes).
    Removing mti-1_uart.o(i.MTi_1_UART_init), (96 bytes).
    Removing mti-1_uart.o(i.MTi_1_reset), (56 bytes).
    Removing mti-1_uart.o(i.clear_buffer), (20 bytes).
    Removing mti-1_uart.o(i.flt_cal), (102 bytes).
    Removing mti-1_uart.o(i.get_MTi_acc), (16 bytes).
    Removing mti-1_uart.o(i.get_MTi_ang), (16 bytes).
    Removing mti-1_uart.o(i.send_MTi_1_UART_msg), (144 bytes).
    Removing mti-1_uart.o(.bss), (24 bytes).
    Removing mti-1_uart.o(.data), (22 bytes).
    Removing ir_gp2y0a41sk.o(.rev16_text), (4 bytes).
    Removing ir_gp2y0a41sk.o(.revsh_text), (4 bytes).
    Removing ir_gp2y0a41sk.o(.rrx_text), (6 bytes).
    Removing ir_gp2y0a41sk.o(i.get_gp2y_dis), (20 bytes).
    Removing laser_dt50.o(.rev16_text), (4 bytes).
    Removing laser_dt50.o(.revsh_text), (4 bytes).
    Removing laser_dt50.o(.rrx_text), (6 bytes).
    Removing laser_dt50.o(i.get_ls_adc_reading), (20 bytes).
    Removing laser_dt50.o(i.get_ls_cal_reading), (120 bytes).
    Removing laser_dt50.o(.bss), (20 bytes).
    Removing laser_dt50.o(.constdata), (40 bytes).
    Removing pneumatic.o(.rev16_text), (4 bytes).
    Removing pneumatic.o(.revsh_text), (4 bytes).
    Removing pneumatic.o(.rrx_text), (6 bytes).
    Removing pneumatic.o(i.pneumatic_control), (16 bytes).
    Removing pneumatic.o(i.pneumatic_init), (32 bytes).
    Removing pneumatic.o(i.pneumatic_toggle), (16 bytes).
    Removing pneumatic.o(.data), (20 bytes).
    Removing gyro.o(.rev16_text), (4 bytes).
    Removing gyro.o(.revsh_text), (4 bytes).
    Removing gyro.o(.rrx_text), (6 bytes).
    Removing gyro.o(i.get_X), (48 bytes).
    Removing gyro.o(i.get_Y), (12 bytes).
    Removing gyro.o(i.get_angle), (12 bytes).
    Removing gyro.o(i.get_pos), (8 bytes).
    Removing gyro.o(i.get_pos_raw), (8 bytes).
    Removing gyro.o(i.gyro_cal), (100 bytes).
    Removing gyro.o(i.gyro_get_shift_x), (12 bytes).
    Removing gyro.o(i.gyro_get_shift_y), (12 bytes).
    Removing gyro.o(i.gyro_init), (28 bytes).
    Removing gyro.o(i.gyro_interrupt_handler), (392 bytes).
    Removing gyro.o(i.gyro_pos_set), (144 bytes).
    Removing gyro.o(i.gyro_pos_update), (30 bytes).
    Removing gyro.o(i.minus_x), (16 bytes).
    Removing gyro.o(i.minus_y), (16 bytes).
    Removing gyro.o(i.plus_x), (16 bytes).
    Removing gyro.o(i.plus_y), (16 bytes).
    Removing gyro.o(.bss), (10 bytes).
    Removing gyro.o(.data), (2 bytes).
    Removing gyro.o(.data), (2 bytes).
    Removing gyro.o(.data), (2 bytes).
    Removing gyro.o(.data), (2 bytes).
    Removing gyro.o(.data), (2 bytes).
    Removing gyro.o(.data), (2 bytes).
    Removing gyro.o(.data), (32 bytes).
    Removing arm_cos_q15.o(.rev16_text), (4 bytes).
    Removing arm_cos_q15.o(.revsh_text), (4 bytes).
    Removing arm_cos_q15.o(.text), (168 bytes).
    Removing arm_cos_q15.o(.constdata), (518 bytes).
    Removing arm_sin_q15.o(.rev16_text), (4 bytes).
    Removing arm_sin_q15.o(.revsh_text), (4 bytes).
    Removing arm_sin_q15.o(.text), (164 bytes).
    Removing arm_sin_q15.o(.constdata), (518 bytes).
    Removing dflti.o(.text), (34 bytes).
    Removing dfixi.o(.text), (62 bytes).
    Removing approx_math.o(i.Sqrt), (96 bytes).

1175 unused section(s) (total 42549 bytes) removed from the image.

==============================================================================

Image Symbol Table

    Local Symbols

    Symbol Name                              Value     Ov Type        Size  Object(Section)

    ../clib/../cmprslib/zerorunl2.c          0x00000000   Number         0  __dczerorl2.o ABSOLUTE
    ../clib/microlib/division.c              0x00000000   Number         0  uidiv.o ABSOLUTE
    ../clib/microlib/division.c              0x00000000   Number         0  uldiv.o ABSOLUTE
    ../clib/microlib/errno.c                 0x00000000   Number         0  errno.o ABSOLUTE
    ../clib/microlib/init/entry.s            0x00000000   Number         0  entry11b.o ABSOLUTE
    ../clib/microlib/init/entry.s            0x00000000   Number         0  entry7a.o ABSOLUTE
    ../clib/microlib/init/entry.s            0x00000000   Number         0  entry8a.o ABSOLUTE
    ../clib/microlib/init/entry.s            0x00000000   Number         0  entry8b.o ABSOLUTE
    ../clib/microlib/init/entry.s            0x00000000   Number         0  entry.o ABSOLUTE
    ../clib/microlib/init/entry.s            0x00000000   Number         0  entry9a.o ABSOLUTE
    ../clib/microlib/init/entry.s            0x00000000   Number         0  entry11a.o ABSOLUTE
    ../clib/microlib/init/entry.s            0x00000000   Number         0  entry9b.o ABSOLUTE
    ../clib/microlib/init/entry.s            0x00000000   Number         0  entry7b.o ABSOLUTE
    ../clib/microlib/init/entry.s            0x00000000   Number         0  entry5.o ABSOLUTE
    ../clib/microlib/init/entry.s            0x00000000   Number         0  entry2.o ABSOLUTE
    ../clib/microlib/init/entry.s            0x00000000   Number         0  entry10b.o ABSOLUTE
    ../clib/microlib/init/entry.s            0x00000000   Number         0  entry10a.o ABSOLUTE
    ../clib/microlib/longlong.c              0x00000000   Number         0  llushr.o ABSOLUTE
    ../clib/microlib/longlong.c              0x00000000   Number         0  llshl.o ABSOLUTE
    ../clib/microlib/longlong.c              0x00000000   Number         0  llsshr.o ABSOLUTE
    ../clib/microlib/malloc/malloc.c         0x00000000   Number         0  mallocra.o ABSOLUTE
    ../clib/microlib/malloc/malloc.c         0x00000000   Number         0  malloca.o ABSOLUTE
    ../clib/microlib/malloc/malloc.c         0x00000000   Number         0  mallocr.o ABSOLUTE
    ../clib/microlib/malloc/malloc.c         0x00000000   Number         0  malloc.o ABSOLUTE
    ../clib/microlib/malloc/mvars.c          0x00000000   Number         0  mvars.o ABSOLUTE
    ../clib/microlib/printf/printf.c         0x00000000   Number         0  printfa.o ABSOLUTE
    ../clib/microlib/stdio/fputc.c           0x00000000   Number         0  fputc.o ABSOLUTE
    ../clib/microlib/stdio/semi.s            0x00000000   Number         0  semi.o ABSOLUTE
    ../clib/microlib/stdio/streams.c         0x00000000   Number         0  stdout.o ABSOLUTE
    ../clib/microlib/string/memcpy.c         0x00000000   Number         0  memcpyb.o ABSOLUTE
    ../clib/microlib/string/memcpy.c         0x00000000   Number         0  memcpya.o ABSOLUTE
    ../clib/microlib/stubs.s                 0x00000000   Number         0  iusefp.o ABSOLUTE
    ../clib/microlib/stubs.s                 0x00000000   Number         0  iusesemip.o ABSOLUTE
    ../fplib/microlib/f2d.c                  0x00000000   Number         0  f2d.o ABSOLUTE
    ../fplib/microlib/fpadd.c                0x00000000   Number         0  dadd.o ABSOLUTE
    ../fplib/microlib/fpdiv.c                0x00000000   Number         0  ddiv.o ABSOLUTE
    ../fplib/microlib/fpepilogue.c           0x00000000   Number         0  depilogue.o ABSOLUTE
    ../fplib/microlib/fpfix.c                0x00000000   Number         0  dfixul.o ABSOLUTE
    ../fplib/microlib/fpfix.c                0x00000000   Number         0  dfixi.o ABSOLUTE
    ../fplib/microlib/fpflt.c                0x00000000   Number         0  dflti.o ABSOLUTE
    ../fplib/microlib/fpmul.c                0x00000000   Number         0  dmul.o ABSOLUTE
    ../mathlib/acosf.c                       0x00000000   Number         0  acosf_x.o ABSOLUTE
    ../mathlib/acosf.c                       0x00000000   Number         0  acosf.o ABSOLUTE
    ../mathlib/asinf.c                       0x00000000   Number         0  asinf_x.o ABSOLUTE
    ../mathlib/asinf.c                       0x00000000   Number         0  asinf.o ABSOLUTE
    ../mathlib/atan2f.c                      0x00000000   Number         0  atan2f.o ABSOLUTE
    ../mathlib/atan2f.c                      0x00000000   Number         0  atan2f_x.o ABSOLUTE
    ../mathlib/atanf.c                       0x00000000   Number         0  atanf_x.o ABSOLUTE
    ../mathlib/atanf.c                       0x00000000   Number         0  atanf.o ABSOLUTE
    ../mathlib/fpclassifyf.c                 0x00000000   Number         0  fpclassifyf.o ABSOLUTE
    ../mathlib/funder.c                      0x00000000   Number         0  funder.o ABSOLUTE
    ../mathlib/sqrtf.c                       0x00000000   Number         0  sqrtf_x.o ABSOLUTE
    ../mathlib/sqrtf.c                       0x00000000   Number         0  sqrtf.o ABSOLUTE
    ..\FastMathFunctions\arm_cos_q15.c       0x00000000   Number         0  arm_cos_q15.o ABSOLUTE
    ..\FastMathFunctions\arm_sin_q15.c       0x00000000   Number         0  arm_sin_q15.o ABSOLUTE
    ..\\FastMathFunctions\\arm_cos_q15.c     0x00000000   Number         0  arm_cos_q15.o ABSOLUTE
    ..\\FastMathFunctions\\arm_sin_q15.c     0x00000000   Number         0  arm_sin_q15.o ABSOLUTE
    cdrcmple.s                               0x00000000   Number         0  cdrcmple.o ABSOLUTE
    core\\adc.c                              0x00000000   Number         0  adc.o ABSOLUTE
    core\\approx_math.c                      0x00000000   Number         0  approx_math.o ABSOLUTE
    core\\button.c                           0x00000000   Number         0  button.o ABSOLUTE
    core\\buzzer.c                           0x00000000   Number         0  buzzer.o ABSOLUTE
    core\\can_protocol.c                     0x00000000   Number         0  can_protocol.o ABSOLUTE
    core\\encoder.c                          0x00000000   Number         0  encoder.o ABSOLUTE
    core\\gpio.c                             0x00000000   Number         0  gpio.o ABSOLUTE
    core\\lcd_main.c                         0x00000000   Number         0  lcd_main.o ABSOLUTE
    core\\led.c                              0x00000000   Number         0  led.o ABSOLUTE
    core\\quick_math.c                       0x00000000   Number         0  quick_math.o ABSOLUTE
    core\\servo.c                            0x00000000   Number         0  servo.o ABSOLUTE
    core\\ticks.c                            0x00000000   Number         0  ticks.o ABSOLUTE
    core\\trigon_math.c                      0x00000000   Number         0  trigon_math.o ABSOLUTE
    core\\usart.c                            0x00000000   Number         0  usart.o ABSOLUTE
    core\adc.c                               0x00000000   Number         0  adc.o ABSOLUTE
    core\approx_math.c                       0x00000000   Number         0  approx_math.o ABSOLUTE
    core\button.c                            0x00000000   Number         0  button.o ABSOLUTE
    core\buzzer.c                            0x00000000   Number         0  buzzer.o ABSOLUTE
    core\can_protocol.c                      0x00000000   Number         0  can_protocol.o ABSOLUTE
    core\encoder.c                           0x00000000   Number         0  encoder.o ABSOLUTE
    core\gpio.c                              0x00000000   Number         0  gpio.o ABSOLUTE
    core\lcd_main.c                          0x00000000   Number         0  lcd_main.o ABSOLUTE
    core\led.c                               0x00000000   Number         0  led.o ABSOLUTE
    core\quick_math.c                        0x00000000   Number         0  quick_math.o ABSOLUTE
    core\servo.c                             0x00000000   Number         0  servo.o ABSOLUTE
    core\ticks.c                             0x00000000   Number         0  ticks.o ABSOLUTE
    core\trigon_math.c                       0x00000000   Number         0  trigon_math.o ABSOLUTE
    core\usart.c                             0x00000000   Number         0  usart.o ABSOLUTE
    dc.s                                     0x00000000   Number         0  dc.o ABSOLUTE
    ext\IR_GP2Y0A41SK.c                      0x00000000   Number         0  ir_gp2y0a41sk.o ABSOLUTE
    ext\LASER_DT50.c                         0x00000000   Number         0  laser_dt50.o ABSOLUTE
    ext\MTi-1_UART.c                         0x00000000   Number         0  mti-1_uart.o ABSOLUTE
    ext\\IR_GP2Y0A41SK.c                     0x00000000   Number         0  ir_gp2y0a41sk.o ABSOLUTE
    ext\\LASER_DT50.c                        0x00000000   Number         0  laser_dt50.o ABSOLUTE
    ext\\MTi-1_UART.c                        0x00000000   Number         0  mti-1_uart.o ABSOLUTE
    ext\\buzzer_song.c                       0x00000000   Number         0  buzzer_song.o ABSOLUTE
    ext\\can_motor.c                         0x00000000   Number         0  can_motor.o ABSOLUTE
    ext\\gyro.c                              0x00000000   Number         0  gyro.o ABSOLUTE
    ext\\pneumatic.c                         0x00000000   Number         0  pneumatic.o ABSOLUTE
    ext\buzzer_song.c                        0x00000000   Number         0  buzzer_song.o ABSOLUTE
    ext\can_motor.c                          0x00000000   Number         0  can_motor.o ABSOLUTE
    ext\gyro.c                               0x00000000   Number         0  gyro.o ABSOLUTE
    ext\pneumatic.c                          0x00000000   Number         0  pneumatic.o ABSOLUTE
    handlers.s                               0x00000000   Number         0  handlers.o ABSOLUTE
    init.s                                   0x00000000   Number         0  init.o ABSOLUTE
    sys\Device\ST\STM32F4xx\Source\Templates\arm\startup_stm32f40_41xxx.s 0x00000000   Number         0  startup_stm32f40_41xxx.o ABSOLUTE
    sys\Libraries\STM32F4xx_StdPeriph_Driver\src\misc.c 0x00000000   Number         0  misc_1.o ABSOLUTE
    sys\Libraries\STM32F4xx_StdPeriph_Driver\src\stm32f4xx_adc.c 0x00000000   Number         0  stm32f4xx_adc.o ABSOLUTE
    sys\Libraries\STM32F4xx_StdPeriph_Driver\src\stm32f4xx_can.c 0x00000000   Number         0  stm32f4xx_can.o ABSOLUTE
    sys\Libraries\STM32F4xx_StdPeriph_Driver\src\stm32f4xx_cec.c 0x00000000   Number         0  stm32f4xx_cec.o ABSOLUTE
    sys\Libraries\STM32F4xx_StdPeriph_Driver\src\stm32f4xx_crc.c 0x00000000   Number         0  stm32f4xx_crc.o ABSOLUTE
    sys\Libraries\STM32F4xx_StdPeriph_Driver\src\stm32f4xx_cryp.c 0x00000000   Number         0  stm32f4xx_cryp.o ABSOLUTE
    sys\Libraries\STM32F4xx_StdPeriph_Driver\src\stm32f4xx_cryp_aes.c 0x00000000   Number         0  stm32f4xx_cryp_aes.o ABSOLUTE
    sys\Libraries\STM32F4xx_StdPeriph_Driver\src\stm32f4xx_cryp_des.c 0x00000000   Number         0  stm32f4xx_cryp_des.o ABSOLUTE
    sys\Libraries\STM32F4xx_StdPeriph_Driver\src\stm32f4xx_cryp_tdes.c 0x00000000   Number         0  stm32f4xx_cryp_tdes.o ABSOLUTE
    sys\Libraries\STM32F4xx_StdPeriph_Driver\src\stm32f4xx_dac.c 0x00000000   Number         0  stm32f4xx_dac.o ABSOLUTE
    sys\Libraries\STM32F4xx_StdPeriph_Driver\src\stm32f4xx_dbgmcu.c 0x00000000   Number         0  stm32f4xx_dbgmcu.o ABSOLUTE
    sys\Libraries\STM32F4xx_StdPeriph_Driver\src\stm32f4xx_dcmi.c 0x00000000   Number         0  stm32f4xx_dcmi.o ABSOLUTE
    sys\Libraries\STM32F4xx_StdPeriph_Driver\src\stm32f4xx_dma.c 0x00000000   Number         0  stm32f4xx_dma.o ABSOLUTE
    sys\Libraries\STM32F4xx_StdPeriph_Driver\src\stm32f4xx_dma2d.c 0x00000000   Number         0  stm32f4xx_dma2d.o ABSOLUTE
    sys\Libraries\STM32F4xx_StdPeriph_Driver\src\stm32f4xx_dsi.c 0x00000000   Number         0  stm32f4xx_dsi.o ABSOLUTE
    sys\Libraries\STM32F4xx_StdPeriph_Driver\src\stm32f4xx_exti.c 0x00000000   Number         0  stm32f4xx_exti.o ABSOLUTE
    sys\Libraries\STM32F4xx_StdPeriph_Driver\src\stm32f4xx_flash.c 0x00000000   Number         0  stm32f4xx_flash.o ABSOLUTE
    sys\Libraries\STM32F4xx_StdPeriph_Driver\src\stm32f4xx_flash_ramfunc.c 0x00000000   Number         0  stm32f4xx_flash_ramfunc.o ABSOLUTE
    sys\Libraries\STM32F4xx_StdPeriph_Driver\src\stm32f4xx_fmpi2c.c 0x00000000   Number         0  stm32f4xx_fmpi2c.o ABSOLUTE
    sys\Libraries\STM32F4xx_StdPeriph_Driver\src\stm32f4xx_fsmc.c 0x00000000   Number         0  stm32f4xx_fsmc.o ABSOLUTE
    sys\Libraries\STM32F4xx_StdPeriph_Driver\src\stm32f4xx_gpio.c 0x00000000   Number         0  stm32f4xx_gpio.o ABSOLUTE
    sys\Libraries\STM32F4xx_StdPeriph_Driver\src\stm32f4xx_hash.c 0x00000000   Number         0  stm32f4xx_hash.o ABSOLUTE
    sys\Libraries\STM32F4xx_StdPeriph_Driver\src\stm32f4xx_hash_md5.c 0x00000000   Number         0  stm32f4xx_hash_md5.o ABSOLUTE
    sys\Libraries\STM32F4xx_StdPeriph_Driver\src\stm32f4xx_hash_sha1.c 0x00000000   Number         0  stm32f4xx_hash_sha1.o ABSOLUTE
    sys\Libraries\STM32F4xx_StdPeriph_Driver\src\stm32f4xx_i2c.c 0x00000000   Number         0  stm32f4xx_i2c.o ABSOLUTE
    sys\Libraries\STM32F4xx_StdPeriph_Driver\src\stm32f4xx_iwdg.c 0x00000000   Number         0  stm32f4xx_iwdg.o ABSOLUTE
    sys\Libraries\STM32F4xx_StdPeriph_Driver\src\stm32f4xx_lptim.c 0x00000000   Number         0  stm32f4xx_lptim.o ABSOLUTE
    sys\Libraries\STM32F4xx_StdPeriph_Driver\src\stm32f4xx_ltdc.c 0x00000000   Number         0  stm32f4xx_ltdc.o ABSOLUTE
    sys\Libraries\STM32F4xx_StdPeriph_Driver\src\stm32f4xx_pwr.c 0x00000000   Number         0  stm32f4xx_pwr.o ABSOLUTE
    sys\Libraries\STM32F4xx_StdPeriph_Driver\src\stm32f4xx_qspi.c 0x00000000   Number         0  stm32f4xx_qspi.o ABSOLUTE
    sys\Libraries\STM32F4xx_StdPeriph_Driver\src\stm32f4xx_rcc.c 0x00000000   Number         0  stm32f4xx_rcc.o ABSOLUTE
    sys\Libraries\STM32F4xx_StdPeriph_Driver\src\stm32f4xx_rng.c 0x00000000   Number         0  stm32f4xx_rng.o ABSOLUTE
    sys\Libraries\STM32F4xx_StdPeriph_Driver\src\stm32f4xx_rtc.c 0x00000000   Number         0  stm32f4xx_rtc.o ABSOLUTE
    sys\Libraries\STM32F4xx_StdPeriph_Driver\src\stm32f4xx_sai.c 0x00000000   Number         0  stm32f4xx_sai.o ABSOLUTE
    sys\Libraries\STM32F4xx_StdPeriph_Driver\src\stm32f4xx_sdio.c 0x00000000   Number         0  stm32f4xx_sdio.o ABSOLUTE
    sys\Libraries\STM32F4xx_StdPeriph_Driver\src\stm32f4xx_spdifrx.c 0x00000000   Number         0  stm32f4xx_spdifrx.o ABSOLUTE
    sys\Libraries\STM32F4xx_StdPeriph_Driver\src\stm32f4xx_spi.c 0x00000000   Number         0  stm32f4xx_spi.o ABSOLUTE
    sys\Libraries\STM32F4xx_StdPeriph_Driver\src\stm32f4xx_syscfg.c 0x00000000   Number         0  stm32f4xx_syscfg.o ABSOLUTE
    sys\Libraries\STM32F4xx_StdPeriph_Driver\src\stm32f4xx_tim.c 0x00000000   Number         0  stm32f4xx_tim.o ABSOLUTE
    sys\Libraries\STM32F4xx_StdPeriph_Driver\src\stm32f4xx_usart.c 0x00000000   Number         0  stm32f4xx_usart.o ABSOLUTE
    sys\Libraries\STM32F4xx_StdPeriph_Driver\src\stm32f4xx_wwdg.c 0x00000000   Number         0  stm32f4xx_wwdg.o ABSOLUTE
    sys\\Libraries\\STM32F4xx_StdPeriph_Driver\\src\\misc.c 0x00000000   Number         0  misc_1.o ABSOLUTE
    sys\\Libraries\\STM32F4xx_StdPeriph_Driver\\src\\stm32f4xx_adc.c 0x00000000   Number         0  stm32f4xx_adc.o ABSOLUTE
    sys\\Libraries\\STM32F4xx_StdPeriph_Driver\\src\\stm32f4xx_can.c 0x00000000   Number         0  stm32f4xx_can.o ABSOLUTE
    sys\\Libraries\\STM32F4xx_StdPeriph_Driver\\src\\stm32f4xx_cec.c 0x00000000   Number         0  stm32f4xx_cec.o ABSOLUTE
    sys\\Libraries\\STM32F4xx_StdPeriph_Driver\\src\\stm32f4xx_crc.c 0x00000000   Number         0  stm32f4xx_crc.o ABSOLUTE
    sys\\Libraries\\STM32F4xx_StdPeriph_Driver\\src\\stm32f4xx_cryp.c 0x00000000   Number         0  stm32f4xx_cryp.o ABSOLUTE
    sys\\Libraries\\STM32F4xx_StdPeriph_Driver\\src\\stm32f4xx_cryp_aes.c 0x00000000   Number         0  stm32f4xx_cryp_aes.o ABSOLUTE
    sys\\Libraries\\STM32F4xx_StdPeriph_Driver\\src\\stm32f4xx_cryp_des.c 0x00000000   Number         0  stm32f4xx_cryp_des.o ABSOLUTE
    sys\\Libraries\\STM32F4xx_StdPeriph_Driver\\src\\stm32f4xx_cryp_tdes.c 0x00000000   Number         0  stm32f4xx_cryp_tdes.o ABSOLUTE
    sys\\Libraries\\STM32F4xx_StdPeriph_Driver\\src\\stm32f4xx_dac.c 0x00000000   Number         0  stm32f4xx_dac.o ABSOLUTE
    sys\\Libraries\\STM32F4xx_StdPeriph_Driver\\src\\stm32f4xx_dbgmcu.c 0x00000000   Number         0  stm32f4xx_dbgmcu.o ABSOLUTE
    sys\\Libraries\\STM32F4xx_StdPeriph_Driver\\src\\stm32f4xx_dcmi.c 0x00000000   Number         0  stm32f4xx_dcmi.o ABSOLUTE
    sys\\Libraries\\STM32F4xx_StdPeriph_Driver\\src\\stm32f4xx_dma.c 0x00000000   Number         0  stm32f4xx_dma.o ABSOLUTE
    sys\\Libraries\\STM32F4xx_StdPeriph_Driver\\src\\stm32f4xx_dma2d.c 0x00000000   Number         0  stm32f4xx_dma2d.o ABSOLUTE
    sys\\Libraries\\STM32F4xx_StdPeriph_Driver\\src\\stm32f4xx_dsi.c 0x00000000   Number         0  stm32f4xx_dsi.o ABSOLUTE
    sys\\Libraries\\STM32F4xx_StdPeriph_Driver\\src\\stm32f4xx_exti.c 0x00000000   Number         0  stm32f4xx_exti.o ABSOLUTE
    sys\\Libraries\\STM32F4xx_StdPeriph_Driver\\src\\stm32f4xx_flash.c 0x00000000   Number         0  stm32f4xx_flash.o ABSOLUTE
    sys\\Libraries\\STM32F4xx_StdPeriph_Driver\\src\\stm32f4xx_flash_ramfunc.c 0x00000000   Number         0  stm32f4xx_flash_ramfunc.o ABSOLUTE
    sys\\Libraries\\STM32F4xx_StdPeriph_Driver\\src\\stm32f4xx_fmpi2c.c 0x00000000   Number         0  stm32f4xx_fmpi2c.o ABSOLUTE
    sys\\Libraries\\STM32F4xx_StdPeriph_Driver\\src\\stm32f4xx_fsmc.c 0x00000000   Number         0  stm32f4xx_fsmc.o ABSOLUTE
    sys\\Libraries\\STM32F4xx_StdPeriph_Driver\\src\\stm32f4xx_gpio.c 0x00000000   Number         0  stm32f4xx_gpio.o ABSOLUTE
    sys\\Libraries\\STM32F4xx_StdPeriph_Driver\\src\\stm32f4xx_hash.c 0x00000000   Number         0  stm32f4xx_hash.o ABSOLUTE
    sys\\Libraries\\STM32F4xx_StdPeriph_Driver\\src\\stm32f4xx_hash_md5.c 0x00000000   Number         0  stm32f4xx_hash_md5.o ABSOLUTE
    sys\\Libraries\\STM32F4xx_StdPeriph_Driver\\src\\stm32f4xx_hash_sha1.c 0x00000000   Number         0  stm32f4xx_hash_sha1.o ABSOLUTE
    sys\\Libraries\\STM32F4xx_StdPeriph_Driver\\src\\stm32f4xx_i2c.c 0x00000000   Number         0  stm32f4xx_i2c.o ABSOLUTE
    sys\\Libraries\\STM32F4xx_StdPeriph_Driver\\src\\stm32f4xx_iwdg.c 0x00000000   Number         0  stm32f4xx_iwdg.o ABSOLUTE
    sys\\Libraries\\STM32F4xx_StdPeriph_Driver\\src\\stm32f4xx_lptim.c 0x00000000   Number         0  stm32f4xx_lptim.o ABSOLUTE
    sys\\Libraries\\STM32F4xx_StdPeriph_Driver\\src\\stm32f4xx_ltdc.c 0x00000000   Number         0  stm32f4xx_ltdc.o ABSOLUTE
    sys\\Libraries\\STM32F4xx_StdPeriph_Driver\\src\\stm32f4xx_pwr.c 0x00000000   Number         0  stm32f4xx_pwr.o ABSOLUTE
    sys\\Libraries\\STM32F4xx_StdPeriph_Driver\\src\\stm32f4xx_qspi.c 0x00000000   Number         0  stm32f4xx_qspi.o ABSOLUTE
    sys\\Libraries\\STM32F4xx_StdPeriph_Driver\\src\\stm32f4xx_rcc.c 0x00000000   Number         0  stm32f4xx_rcc.o ABSOLUTE
    sys\\Libraries\\STM32F4xx_StdPeriph_Driver\\src\\stm32f4xx_rng.c 0x00000000   Number         0  stm32f4xx_rng.o ABSOLUTE
    sys\\Libraries\\STM32F4xx_StdPeriph_Driver\\src\\stm32f4xx_rtc.c 0x00000000   Number         0  stm32f4xx_rtc.o ABSOLUTE
    sys\\Libraries\\STM32F4xx_StdPeriph_Driver\\src\\stm32f4xx_sai.c 0x00000000   Number         0  stm32f4xx_sai.o ABSOLUTE
    sys\\Libraries\\STM32F4xx_StdPeriph_Driver\\src\\stm32f4xx_sdio.c 0x00000000   Number         0  stm32f4xx_sdio.o ABSOLUTE
    sys\\Libraries\\STM32F4xx_StdPeriph_Driver\\src\\stm32f4xx_spdifrx.c 0x00000000   Number         0  stm32f4xx_spdifrx.o ABSOLUTE
    sys\\Libraries\\STM32F4xx_StdPeriph_Driver\\src\\stm32f4xx_spi.c 0x00000000   Number         0  stm32f4xx_spi.o ABSOLUTE
    sys\\Libraries\\STM32F4xx_StdPeriph_Driver\\src\\stm32f4xx_syscfg.c 0x00000000   Number         0  stm32f4xx_syscfg.o ABSOLUTE
    sys\\Libraries\\STM32F4xx_StdPeriph_Driver\\src\\stm32f4xx_tim.c 0x00000000   Number         0  stm32f4xx_tim.o ABSOLUTE
    sys\\Libraries\\STM32F4xx_StdPeriph_Driver\\src\\stm32f4xx_usart.c 0x00000000   Number         0  stm32f4xx_usart.o ABSOLUTE
    sys\\Libraries\\STM32F4xx_StdPeriph_Driver\\src\\stm32f4xx_wwdg.c 0x00000000   Number         0  stm32f4xx_wwdg.o ABSOLUTE
    sys\\stm32f4xx_it.c                      0x00000000   Number         0  stm32f4xx_it.o ABSOLUTE
    sys\\system_stm32f4xx.c                  0x00000000   Number         0  system_stm32f4xx.o ABSOLUTE
    sys\stm32f4xx_it.c                       0x00000000   Number         0  stm32f4xx_it.o ABSOLUTE
    sys\system_stm32f4xx.c                   0x00000000   Number         0  system_stm32f4xx.o ABSOLUTE
    user\\main.c                             0x00000000   Number         0  main.o ABSOLUTE
    user\main.c                              0x00000000   Number         0  main.o ABSOLUTE
    RESET                                    0x08000000   Section      392  startup_stm32f40_41xxx.o(RESET)
    .ARM.Collect$$$$00000000                 0x08000188   Section        0  entry.o(.ARM.Collect$$$$00000000)
    .ARM.Collect$$$$00000001                 0x08000188   Section        4  entry2.o(.ARM.Collect$$$$00000001)
    .ARM.Collect$$$$00000004                 0x0800018c   Section        4  entry5.o(.ARM.Collect$$$$00000004)
    .ARM.Collect$$$$00000008                 0x08000190   Section        0  entry7b.o(.ARM.Collect$$$$00000008)
    .ARM.Collect$$$$0000000A                 0x08000190   Section        0  entry8b.o(.ARM.Collect$$$$0000000A)
    .ARM.Collect$$$$0000000B                 0x08000190   Section        8  entry9a.o(.ARM.Collect$$$$0000000B)
    .ARM.Collect$$$$0000000D                 0x08000198   Section        0  entry10a.o(.ARM.Collect$$$$0000000D)
    .ARM.Collect$$$$0000000F                 0x08000198   Section        0  entry11a.o(.ARM.Collect$$$$0000000F)
    .ARM.Collect$$$$00002712                 0x08000198   Section        4  entry2.o(.ARM.Collect$$$$00002712)
    __lit__00000000                          0x08000198   Data           4  entry2.o(.ARM.Collect$$$$00002712)
    .emb_text                                0x0800019c   Section       14  ticks.o(.emb_text)
    $v0                                      0x0800019c   Number         0  ticks.o(.emb_text)
    .text                                    0x080001ac   Section       36  startup_stm32f40_41xxx.o(.text)
    $v0                                      0x080001ac   Number         0  startup_stm32f40_41xxx.o(.text)
    .text                                    0x080001d0   Section        0  dmul.o(.text)
    .text                                    0x080002b4   Section        0  f2d.o(.text)
    .text                                    0x080002da   Section        0  uidiv.o(.text)
    .text                                    0x08000306   Section        0  uldiv.o(.text)
    .text                                    0x08000368   Section        0  llushr.o(.text)
    .text                                    0x08000388   Section        0  iusefp.o(.text)
    .text                                    0x08000388   Section        0  depilogue.o(.text)
    .text                                    0x08000442   Section        0  dadd.o(.text)
    .text                                    0x08000590   Section        0  ddiv.o(.text)
    .text                                    0x0800066e   Section        0  dfixul.o(.text)
    .text                                    0x080006a0   Section       48  cdrcmple.o(.text)
    .text                                    0x080006d0   Section       36  init.o(.text)
    .text                                    0x080006f4   Section        0  llshl.o(.text)
    .text                                    0x08000712   Section        0  llsshr.o(.text)
    .text                                    0x08000736   Section        0  __dczerorl2.o(.text)
    i.BusFault_Handler                       0x0800078c   Section        0  stm32f4xx_it.o(i.BusFault_Handler)
    i.CAN1_RX0_IRQHandler                    0x08000790   Section        0  can_protocol.o(i.CAN1_RX0_IRQHandler)
    i.CAN1_TX_IRQHandler                     0x08000834   Section        0  can_protocol.o(i.CAN1_TX_IRQHandler)
    i.CAN_ClearITPendingBit                  0x0800085c   Section        0  stm32f4xx_can.o(i.CAN_ClearITPendingBit)
    i.CAN_DeInit                             0x080008f8   Section        0  stm32f4xx_can.o(i.CAN_DeInit)
    i.CAN_GetITStatus                        0x08000934   Section        0  stm32f4xx_can.o(i.CAN_GetITStatus)
    i.CAN_ITConfig                           0x08000a40   Section        0  stm32f4xx_can.o(i.CAN_ITConfig)
    i.CAN_Init                               0x08000a50   Section        0  stm32f4xx_can.o(i.CAN_Init)
    i.CAN_Receive                            0x08000b38   Section        0  stm32f4xx_can.o(i.CAN_Receive)
    i.CAN_StructInit                         0x08000bec   Section        0  stm32f4xx_can.o(i.CAN_StructInit)
    i.CAN_Transmit                           0x08000c0c   Section        0  stm32f4xx_can.o(i.CAN_Transmit)
    i.DebugMon_Handler                       0x08000ccc   Section        0  stm32f4xx_it.o(i.DebugMon_Handler)
    i.GPIO_Init                              0x08000cce   Section        0  stm32f4xx_gpio.o(i.GPIO_Init)
    i.GPIO_PinAFConfig                       0x08000d64   Section        0  stm32f4xx_gpio.o(i.GPIO_PinAFConfig)
    i.GPIO_ReadInputDataBit                  0x08000d86   Section        0  stm32f4xx_gpio.o(i.GPIO_ReadInputDataBit)
    i.GPIO_ResetBits                         0x08000d94   Section        0  stm32f4xx_gpio.o(i.GPIO_ResetBits)
    i.GPIO_SetBits                           0x08000d98   Section        0  stm32f4xx_gpio.o(i.GPIO_SetBits)
    i.HardFault_Handler                      0x08000d9c   Section        0  stm32f4xx_it.o(i.HardFault_Handler)
    i.MemManage_Handler                      0x08000d9e   Section        0  stm32f4xx_it.o(i.MemManage_Handler)
    i.NMI_Handler                            0x08000da0   Section        0  stm32f4xx_it.o(i.NMI_Handler)
    i.NVIC_Init                              0x08000da4   Section        0  misc_1.o(i.NVIC_Init)
    i.PendSV_Handler                         0x08000e18   Section        0  stm32f4xx_it.o(i.PendSV_Handler)
    i.RCC_AHB1PeriphClockCmd                 0x08000e1c   Section        0  stm32f4xx_rcc.o(i.RCC_AHB1PeriphClockCmd)
    i.RCC_APB1PeriphClockCmd                 0x08000e34   Section        0  stm32f4xx_rcc.o(i.RCC_APB1PeriphClockCmd)
    i.RCC_APB1PeriphClockLPModeCmd           0x08000e4c   Section        0  stm32f4xx_rcc.o(i.RCC_APB1PeriphClockLPModeCmd)
    i.RCC_APB1PeriphResetCmd                 0x08000e64   Section        0  stm32f4xx_rcc.o(i.RCC_APB1PeriphResetCmd)
    i.RCC_APB2PeriphClockCmd                 0x08000e7c   Section        0  stm32f4xx_rcc.o(i.RCC_APB2PeriphClockCmd)
    i.SPI_CalculateCRC                       0x08000e94   Section        0  stm32f4xx_spi.o(i.SPI_CalculateCRC)
    i.SPI_Cmd                                0x08000ea6   Section        0  stm32f4xx_spi.o(i.SPI_Cmd)
    i.SPI_I2S_GetFlagStatus                  0x08000eb8   Section        0  stm32f4xx_spi.o(i.SPI_I2S_GetFlagStatus)
    i.SPI_I2S_ReceiveData                    0x08000ec6   Section        0  stm32f4xx_spi.o(i.SPI_I2S_ReceiveData)
    i.SPI_I2S_SendData                       0x08000eca   Section        0  stm32f4xx_spi.o(i.SPI_I2S_SendData)
    i.SPI_Init                               0x08000ece   Section        0  stm32f4xx_spi.o(i.SPI_Init)
    i.SPI_SSOutputCmd                        0x08000f22   Section        0  stm32f4xx_spi.o(i.SPI_SSOutputCmd)
    i.SVC_Handler                            0x08000f34   Section        0  stm32f4xx_it.o(i.SVC_Handler)
    i.SysTick_Handler                        0x08000f36   Section        0  stm32f4xx_it.o(i.SysTick_Handler)
    i.SystemCoreClockUpdate                  0x08000f38   Section        0  system_stm32f4xx.o(i.SystemCoreClockUpdate)
    i.SystemInit                             0x08000fbc   Section        0  system_stm32f4xx.o(i.SystemInit)
    i.TIM5_IRQHandler                        0x080010d8   Section        0  ticks.o(i.TIM5_IRQHandler)
    i.TIM_ARRPreloadConfig                   0x0800111c   Section        0  stm32f4xx_tim.o(i.TIM_ARRPreloadConfig)
    i.TIM_ClearFlag                          0x0800112e   Section        0  stm32f4xx_tim.o(i.TIM_ClearFlag)
    i.TIM_ClearITPendingBit                  0x08001134   Section        0  stm32f4xx_tim.o(i.TIM_ClearITPendingBit)
    i.TIM_Cmd                                0x0800113a   Section        0  stm32f4xx_tim.o(i.TIM_Cmd)
    i.TIM_CtrlPWMOutputs                     0x0800114c   Section        0  stm32f4xx_tim.o(i.TIM_CtrlPWMOutputs)
    i.TIM_GetITStatus                        0x08001162   Section        0  stm32f4xx_tim.o(i.TIM_GetITStatus)
    i.TIM_ITConfig                           0x08001178   Section        0  stm32f4xx_tim.o(i.TIM_ITConfig)
    i.TIM_OC1Init                            0x08001188   Section        0  stm32f4xx_tim.o(i.TIM_OC1Init)
    i.TIM_OC1PreloadConfig                   0x080011f0   Section        0  stm32f4xx_tim.o(i.TIM_OC1PreloadConfig)
    i.TIM_SetCompare1                        0x080011fc   Section        0  stm32f4xx_tim.o(i.TIM_SetCompare1)
    i.TIM_TimeBaseInit                       0x08001200   Section        0  stm32f4xx_tim.o(i.TIM_TimeBaseInit)
    i.UART4_IRQHandler                       0x08001280   Section        0  usart.o(i.UART4_IRQHandler)
    i.UART5_IRQHandler                       0x080012c4   Section        0  usart.o(i.UART5_IRQHandler)
    i.USART1_IRQHandler                      0x08001308   Section        0  usart.o(i.USART1_IRQHandler)
    i.USART2_IRQHandler                      0x0800134c   Section        0  usart.o(i.USART2_IRQHandler)
    i.USART3_IRQHandler                      0x08001390   Section        0  usart.o(i.USART3_IRQHandler)
    i.USART_ClearITPendingBit                0x080013d4   Section        0  stm32f4xx_usart.o(i.USART_ClearITPendingBit)
    i.USART_GetITStatus                      0x080013e2   Section        0  stm32f4xx_usart.o(i.USART_GetITStatus)
    i.USART_ReceiveData                      0x08001424   Section        0  stm32f4xx_usart.o(i.USART_ReceiveData)
    i.UsageFault_Handler                     0x0800142c   Section        0  stm32f4xx_it.o(i.UsageFault_Handler)
    i.__0vsprintf                            0x08001430   Section        0  printfa.o(i.__0vsprintf)
    i.__scatterload_copy                     0x08001454   Section       14  handlers.o(i.__scatterload_copy)
    i.__scatterload_null                     0x08001462   Section        2  handlers.o(i.__scatterload_null)
    i.__scatterload_zeroinit                 0x08001464   Section       14  handlers.o(i.__scatterload_zeroinit)
    i._delay_ms                              0x08001474   Section        0  ticks.o(i._delay_ms)
    i._fp_digits                             0x080014e8   Section        0  printfa.o(i._fp_digits)
    _fp_digits                               0x080014e9   Thumb Code   334  printfa.o(i._fp_digits)
    i._printf_core                           0x0800164c   Section        0  printfa.o(i._printf_core)
    _printf_core                             0x0800164d   Thumb Code  1744  printfa.o(i._printf_core)
    i._printf_post_padding                   0x08001d28   Section        0  printfa.o(i._printf_post_padding)
    _printf_post_padding                     0x08001d29   Thumb Code    36  printfa.o(i._printf_post_padding)
    i._printf_pre_padding                    0x08001d4c   Section        0  printfa.o(i._printf_pre_padding)
    _printf_pre_padding                      0x08001d4d   Thumb Code    46  printfa.o(i._printf_pre_padding)
    i._sputc                                 0x08001d7a   Section        0  printfa.o(i._sputc)
    _sputc                                   0x08001d7b   Thumb Code    10  printfa.o(i._sputc)
    i.button_init                            0x08001d84   Section        0  button.o(i.button_init)
    i.button_pressed                         0x08001db8   Section        0  button.o(i.button_pressed)
    i.buzzer_init                            0x08001dd4   Section        0  buzzer.o(i.buzzer_init)
    i.can_init                               0x08001ee0   Section        0  can_protocol.o(i.can_init)
    i.can_tx_dequeue                         0x08001fcc   Section        0  can_protocol.o(i.can_tx_dequeue)
    i.can_tx_enqueue                         0x08002098   Section        0  can_protocol.o(i.can_tx_enqueue)
    i.can_tx_queue_size                      0x080020ec   Section        0  can_protocol.o(i.can_tx_queue_size)
    i.get_full_ticks                         0x08002108   Section        0  ticks.o(i.get_full_ticks)
    i.gpio_input_init                        0x08002120   Section        0  gpio.o(i.gpio_input_init)
    i.gpio_rcc_init_all                      0x0800213e   Section        0  gpio.o(i.gpio_rcc_init_all)
    i.gpio_read_input                        0x0800219c   Section        0  gpio.o(i.gpio_read_input)
    i.main                                   0x080021a4   Section        0  main.o(i.main)
    i.tft_char_is_changed                    0x08002364   Section        0  lcd_main.o(i.tft_char_is_changed)
    i.tft_clear                              0x08002400   Section        0  lcd_main.o(i.tft_clear)
    i.tft_config                             0x08002474   Section        0  lcd_main.o(i.tft_config)
    i.tft_fill_color                         0x0800268a   Section        0  lcd_main.o(i.tft_fill_color)
    i.tft_init                               0x080026ec   Section        0  lcd_main.o(i.tft_init)
    i.tft_println                            0x080027e8   Section        0  lcd_main.o(i.tft_println)
    i.tft_put_logo                           0x080028c4   Section        0  lcd_main.o(i.tft_put_logo)
    i.tft_put_pixel                          0x08003b9c   Section        0  lcd_main.o(i.tft_put_pixel)
    i.tft_set_pixel_pos                      0x08003bf8   Section        0  lcd_main.o(i.tft_set_pixel_pos)
    i.tft_set_text_color                     0x08003c48   Section        0  lcd_main.o(i.tft_set_text_color)
    i.tft_spi_init                           0x08003c54   Section        0  lcd_main.o(i.tft_spi_init)
    i.tft_update                             0x08003d68   Section        0  lcd_main.o(i.tft_update)
    i.tft_write_command                      0x0800435c   Section        0  lcd_main.o(i.tft_write_command)
    i.tft_write_data                         0x080043b8   Section        0  lcd_main.o(i.tft_write_data)
    i.ticks_init                             0x08004414   Section        0  ticks.o(i.ticks_init)
    .constdata                               0x08004480   Section        8  gpio.o(.constdata)
    .constdata                               0x08004488   Section        8  gpio.o(.constdata)
    .constdata                               0x08004490   Section        8  gpio.o(.constdata)
    .constdata                               0x08004498   Section        8  gpio.o(.constdata)
    .constdata                               0x080044a0   Section        8  gpio.o(.constdata)
    .constdata                               0x080044a8   Section        8  gpio.o(.constdata)
    .constdata                               0x080044b0   Section        8  gpio.o(.constdata)
    .constdata                               0x080044b8   Section        8  gpio.o(.constdata)
    .data                                    0x20000000   Section       20  system_stm32f4xx.o(.data)
    .data                                    0x20000014   Section        4  main.o(.data)
    .data                                    0x20000018   Section       20  can_protocol.o(.data)
    can_rx_count                             0x2000001c   Data           4  can_protocol.o(.data)
    .data                                    0x2000002c   Section       32  button.o(.data)
    BUTTONS                                  0x2000002c   Data          32  button.o(.data)
    .data                                    0x2000004c   Section     1550  lcd_main.o(.data)
    .data                                    0x2000065c   Section       48  usart.o(.data)
    .data                                    0x2000068c   Section       36  buzzer.o(.data)
    buzzer_on_flag                           0x2000068c   Data           1  buzzer.o(.data)
    buzzer_count                             0x2000068d   Data           1  buzzer.o(.data)
    buzzer_volume                            0x2000068e   Data           1  buzzer.o(.data)
    buzzer_song_flag                         0x2000068f   Data           1  buzzer.o(.data)
    buzzer_song_note_break_flag              0x20000690   Data           1  buzzer.o(.data)
    buzzer_period                            0x20000692   Data           2  buzzer.o(.data)
    buzzer_time_ms                           0x20000694   Data           2  buzzer.o(.data)
    buzzer_note_period                       0x20000696   Data           2  buzzer.o(.data)
    buzzer_current_song_note_id              0x20000698   Data           2  buzzer.o(.data)
    buzzer_song_note_length                  0x2000069a   Data           2  buzzer.o(.data)
    buzzer_song_note_length_left             0x2000069c   Data           2  buzzer.o(.data)
    buzzer_song_note_break                   0x2000069e   Data           2  buzzer.o(.data)
    buzzer_current_song                      0x200006a0   Data           4  buzzer.o(.data)
    .data                                    0x200006b0   Section        6  ticks.o(.data)
    .bss                                     0x200006b8   Section    32000  can_protocol.o(.bss)
    .bss                                     0x200083b8   Section      128  can_protocol.o(.bss)
    can_recent_rx                            0x200083b8   Data          16  can_protocol.o(.bss)
    .bss                                     0x20008438   Section     2000  lcd_main.o(.bss)
    .bss                                     0x20008c08   Section       20  usart.o(.bss)
    .bss                                     0x20008c1c   Section       26  buzzer.o(.bss)
    NOTE0_PERIOD                             0x20008c1c   Data          26  buzzer.o(.bss)
    .bss                                     0x20008c36   Section       24  buzzer.o(.bss)
    BUZZER_QUEUE_ARRAY                       0x20008c36   Data          24  buzzer.o(.bss)
    STACK                                    0x20008c50   Section     2048  startup_stm32f40_41xxx.o(STACK)

    Global Symbols

    Symbol Name                              Value     Ov Type        Size  Object(Section)

    BuildAttributes$$THM_ISAv4$E$P$D$K$B$S$7EM$VFPi3$EXTD16$VFPS$VFMA$PE$A:L22UL41UL21$X:L11$S22US41US21$IEEE1$IW$USESV6$~STKCKD$USESV7$~SHL$OTIME$ROPI$IEEEX$EBA8$MICROLIB$REQ8$PRES8$EABIv2 0x00000000   Number         0  anon$$obj.o ABSOLUTE
    __ARM_use_no_argv                        0x00000000   Number         0  main.o ABSOLUTE
    __cpp_initialize__aeabi_                  - Undefined Weak Reference
    __cxa_finalize                            - Undefined Weak Reference
    _clock_init                               - Undefined Weak Reference
    _microlib_exit                            - Undefined Weak Reference
    __Vectors_Size                           0x00000188   Number         0  startup_stm32f40_41xxx.o ABSOLUTE
    __Vectors                                0x08000000   Data           4  startup_stm32f40_41xxx.o(RESET)
    __Vectors_End                            0x08000188   Data           0  startup_stm32f40_41xxx.o(RESET)
    __main                                   0x08000189   Thumb Code     0  entry.o(.ARM.Collect$$$$00000000)
    _main_stk                                0x08000189   Thumb Code     0  entry2.o(.ARM.Collect$$$$00000001)
    _main_scatterload                        0x0800018d   Thumb Code     0  entry5.o(.ARM.Collect$$$$00000004)
    __main_after_scatterload                 0x08000191   Thumb Code     0  entry5.o(.ARM.Collect$$$$00000004)
    _main_clock                              0x08000191   Thumb Code     0  entry7b.o(.ARM.Collect$$$$00000008)
    _main_cpp_init                           0x08000191   Thumb Code     0  entry8b.o(.ARM.Collect$$$$0000000A)
    _main_init                               0x08000191   Thumb Code     0  entry9a.o(.ARM.Collect$$$$0000000B)
    __rt_final_cpp                           0x08000199   Thumb Code     0  entry10a.o(.ARM.Collect$$$$0000000D)
    __rt_final_exit                          0x08000199   Thumb Code     0  entry11a.o(.ARM.Collect$$$$0000000F)
    simple_delay10_us                        0x0800019d   Thumb Code    14  ticks.o(.emb_text)
    Reset_Handler                            0x080001ad   Thumb Code     8  startup_stm32f40_41xxx.o(.text)
    ADC_IRQHandler                           0x080001c7   Thumb Code     0  startup_stm32f40_41xxx.o(.text)
    CAN1_RX1_IRQHandler                      0x080001c7   Thumb Code     0  startup_stm32f40_41xxx.o(.text)
    CAN1_SCE_IRQHandler                      0x080001c7   Thumb Code     0  startup_stm32f40_41xxx.o(.text)
    CAN2_RX0_IRQHandler                      0x080001c7   Thumb Code     0  startup_stm32f40_41xxx.o(.text)
    CAN2_RX1_IRQHandler                      0x080001c7   Thumb Code     0  startup_stm32f40_41xxx.o(.text)
    CAN2_SCE_IRQHandler                      0x080001c7   Thumb Code     0  startup_stm32f40_41xxx.o(.text)
    CAN2_TX_IRQHandler                       0x080001c7   Thumb Code     0  startup_stm32f40_41xxx.o(.text)
    CRYP_IRQHandler                          0x080001c7   Thumb Code     0  startup_stm32f40_41xxx.o(.text)
    DCMI_IRQHandler                          0x080001c7   Thumb Code     0  startup_stm32f40_41xxx.o(.text)
    DMA1_Stream0_IRQHandler                  0x080001c7   Thumb Code     0  startup_stm32f40_41xxx.o(.text)
    DMA1_Stream1_IRQHandler                  0x080001c7   Thumb Code     0  startup_stm32f40_41xxx.o(.text)
    DMA1_Stream2_IRQHandler                  0x080001c7   Thumb Code     0  startup_stm32f40_41xxx.o(.text)
    DMA1_Stream3_IRQHandler                  0x080001c7   Thumb Code     0  startup_stm32f40_41xxx.o(.text)
    DMA1_Stream4_IRQHandler                  0x080001c7   Thumb Code     0  startup_stm32f40_41xxx.o(.text)
    DMA1_Stream5_IRQHandler                  0x080001c7   Thumb Code     0  startup_stm32f40_41xxx.o(.text)
    DMA1_Stream6_IRQHandler                  0x080001c7   Thumb Code     0  startup_stm32f40_41xxx.o(.text)
    DMA1_Stream7_IRQHandler                  0x080001c7   Thumb Code     0  startup_stm32f40_41xxx.o(.text)
    DMA2_Stream0_IRQHandler                  0x080001c7   Thumb Code     0  startup_stm32f40_41xxx.o(.text)
    DMA2_Stream1_IRQHandler                  0x080001c7   Thumb Code     0  startup_stm32f40_41xxx.o(.text)
    DMA2_Stream2_IRQHandler                  0x080001c7   Thumb Code     0  startup_stm32f40_41xxx.o(.text)
    DMA2_Stream3_IRQHandler                  0x080001c7   Thumb Code     0  startup_stm32f40_41xxx.o(.text)
    DMA2_Stream4_IRQHandler                  0x080001c7   Thumb Code     0  startup_stm32f40_41xxx.o(.text)
    DMA2_Stream5_IRQHandler                  0x080001c7   Thumb Code     0  startup_stm32f40_41xxx.o(.text)
    DMA2_Stream6_IRQHandler                  0x080001c7   Thumb Code     0  startup_stm32f40_41xxx.o(.text)
    DMA2_Stream7_IRQHandler                  0x080001c7   Thumb Code     0  startup_stm32f40_41xxx.o(.text)
    ETH_IRQHandler                           0x080001c7   Thumb Code     0  startup_stm32f40_41xxx.o(.text)
    ETH_WKUP_IRQHandler                      0x080001c7   Thumb Code     0  startup_stm32f40_41xxx.o(.text)
    EXTI0_IRQHandler                         0x080001c7   Thumb Code     0  startup_stm32f40_41xxx.o(.text)
    EXTI15_10_IRQHandler                     0x080001c7   Thumb Code     0  startup_stm32f40_41xxx.o(.text)
    EXTI1_IRQHandler                         0x080001c7   Thumb Code     0  startup_stm32f40_41xxx.o(.text)
    EXTI2_IRQHandler                         0x080001c7   Thumb Code     0  startup_stm32f40_41xxx.o(.text)
    EXTI3_IRQHandler                         0x080001c7   Thumb Code     0  startup_stm32f40_41xxx.o(.text)
    EXTI4_IRQHandler                         0x080001c7   Thumb Code     0  startup_stm32f40_41xxx.o(.text)
    EXTI9_5_IRQHandler                       0x080001c7   Thumb Code     0  startup_stm32f40_41xxx.o(.text)
    FLASH_IRQHandler                         0x080001c7   Thumb Code     0  startup_stm32f40_41xxx.o(.text)
    FPU_IRQHandler                           0x080001c7   Thumb Code     0  startup_stm32f40_41xxx.o(.text)
    FSMC_IRQHandler                          0x080001c7   Thumb Code     0  startup_stm32f40_41xxx.o(.text)
    HASH_RNG_IRQHandler                      0x080001c7   Thumb Code     0  startup_stm32f40_41xxx.o(.text)
    I2C1_ER_IRQHandler                       0x080001c7   Thumb Code     0  startup_stm32f40_41xxx.o(.text)
    I2C1_EV_IRQHandler                       0x080001c7   Thumb Code     0  startup_stm32f40_41xxx.o(.text)
    I2C2_ER_IRQHandler                       0x080001c7   Thumb Code     0  startup_stm32f40_41xxx.o(.text)
    I2C2_EV_IRQHandler                       0x080001c7   Thumb Code     0  startup_stm32f40_41xxx.o(.text)
    I2C3_ER_IRQHandler                       0x080001c7   Thumb Code     0  startup_stm32f40_41xxx.o(.text)
    I2C3_EV_IRQHandler                       0x080001c7   Thumb Code     0  startup_stm32f40_41xxx.o(.text)
    OTG_FS_IRQHandler                        0x080001c7   Thumb Code     0  startup_stm32f40_41xxx.o(.text)
    OTG_FS_WKUP_IRQHandler                   0x080001c7   Thumb Code     0  startup_stm32f40_41xxx.o(.text)
    OTG_HS_EP1_IN_IRQHandler                 0x080001c7   Thumb Code     0  startup_stm32f40_41xxx.o(.text)
    OTG_HS_EP1_OUT_IRQHandler                0x080001c7   Thumb Code     0  startup_stm32f40_41xxx.o(.text)
    OTG_HS_IRQHandler                        0x080001c7   Thumb Code     0  startup_stm32f40_41xxx.o(.text)
    OTG_HS_WKUP_IRQHandler                   0x080001c7   Thumb Code     0  startup_stm32f40_41xxx.o(.text)
    PVD_IRQHandler                           0x080001c7   Thumb Code     0  startup_stm32f40_41xxx.o(.text)
    RCC_IRQHandler                           0x080001c7   Thumb Code     0  startup_stm32f40_41xxx.o(.text)
    RTC_Alarm_IRQHandler                     0x080001c7   Thumb Code     0  startup_stm32f40_41xxx.o(.text)
    RTC_WKUP_IRQHandler                      0x080001c7   Thumb Code     0  startup_stm32f40_41xxx.o(.text)
    SDIO_IRQHandler                          0x080001c7   Thumb Code     0  startup_stm32f40_41xxx.o(.text)
    SPI1_IRQHandler                          0x080001c7   Thumb Code     0  startup_stm32f40_41xxx.o(.text)
    SPI2_IRQHandler                          0x080001c7   Thumb Code     0  startup_stm32f40_41xxx.o(.text)
    SPI3_IRQHandler                          0x080001c7   Thumb Code     0  startup_stm32f40_41xxx.o(.text)
    TAMP_STAMP_IRQHandler                    0x080001c7   Thumb Code     0  startup_stm32f40_41xxx.o(.text)
    TIM1_BRK_TIM9_IRQHandler                 0x080001c7   Thumb Code     0  startup_stm32f40_41xxx.o(.text)
    TIM1_CC_IRQHandler                       0x080001c7   Thumb Code     0  startup_stm32f40_41xxx.o(.text)
    TIM1_TRG_COM_TIM11_IRQHandler            0x080001c7   Thumb Code     0  startup_stm32f40_41xxx.o(.text)
    TIM1_UP_TIM10_IRQHandler                 0x080001c7   Thumb Code     0  startup_stm32f40_41xxx.o(.text)
    TIM2_IRQHandler                          0x080001c7   Thumb Code     0  startup_stm32f40_41xxx.o(.text)
    TIM3_IRQHandler                          0x080001c7   Thumb Code     0  startup_stm32f40_41xxx.o(.text)
    TIM4_IRQHandler                          0x080001c7   Thumb Code     0  startup_stm32f40_41xxx.o(.text)
    TIM6_DAC_IRQHandler                      0x080001c7   Thumb Code     0  startup_stm32f40_41xxx.o(.text)
    TIM7_IRQHandler                          0x080001c7   Thumb Code     0  startup_stm32f40_41xxx.o(.text)
    TIM8_BRK_TIM12_IRQHandler                0x080001c7   Thumb Code     0  startup_stm32f40_41xxx.o(.text)
    TIM8_CC_IRQHandler                       0x080001c7   Thumb Code     0  startup_stm32f40_41xxx.o(.text)
    TIM8_TRG_COM_TIM14_IRQHandler            0x080001c7   Thumb Code     0  startup_stm32f40_41xxx.o(.text)
    TIM8_UP_TIM13_IRQHandler                 0x080001c7   Thumb Code     0  startup_stm32f40_41xxx.o(.text)
    USART6_IRQHandler                        0x080001c7   Thumb Code     0  startup_stm32f40_41xxx.o(.text)
    WWDG_IRQHandler                          0x080001c7   Thumb Code     0  startup_stm32f40_41xxx.o(.text)
    __aeabi_dmul                             0x080001d1   Thumb Code   228  dmul.o(.text)
    __aeabi_f2d                              0x080002b5   Thumb Code    38  f2d.o(.text)
    __aeabi_uidiv                            0x080002db   Thumb Code     0  uidiv.o(.text)
    __aeabi_uidivmod                         0x080002db   Thumb Code    44  uidiv.o(.text)
    __aeabi_uldivmod                         0x08000307   Thumb Code    98  uldiv.o(.text)
    __aeabi_llsr                             0x08000369   Thumb Code    32  llushr.o(.text)
    _ll_ushift_r                             0x08000369   Thumb Code     0  llushr.o(.text)
    __I$use$fp                               0x08000389   Thumb Code     0  iusefp.o(.text)
    _double_round                            0x08000389   Thumb Code    30  depilogue.o(.text)
    _double_epilogue                         0x080003a7   Thumb Code   156  depilogue.o(.text)
    __aeabi_dadd                             0x08000443   Thumb Code   322  dadd.o(.text)
    __aeabi_dsub                             0x08000585   Thumb Code     6  dadd.o(.text)
    __aeabi_drsub                            0x0800058b   Thumb Code     6  dadd.o(.text)
    __aeabi_ddiv                             0x08000591   Thumb Code   222  ddiv.o(.text)
    __aeabi_d2ulz                            0x0800066f   Thumb Code    48  dfixul.o(.text)
    __aeabi_cdrcmple                         0x080006a1   Thumb Code    48  cdrcmple.o(.text)
    __scatterload                            0x080006d1   Thumb Code    28  init.o(.text)
    __scatterload_rt2                        0x080006d1   Thumb Code     0  init.o(.text)
    __aeabi_llsl                             0x080006f5   Thumb Code    30  llshl.o(.text)
    _ll_shift_l                              0x080006f5   Thumb Code     0  llshl.o(.text)
    __aeabi_lasr                             0x08000713   Thumb Code    36  llsshr.o(.text)
    _ll_sshift_r                             0x08000713   Thumb Code     0  llsshr.o(.text)
    __decompress                             0x08000737   Thumb Code     0  __dczerorl2.o(.text)
    __decompress1                            0x08000737   Thumb Code    86  __dczerorl2.o(.text)
    BusFault_Handler                         0x0800078d   Thumb Code     2  stm32f4xx_it.o(i.BusFault_Handler)
    CAN1_RX0_IRQHandler                      0x08000791   Thumb Code   148  can_protocol.o(i.CAN1_RX0_IRQHandler)
    CAN1_TX_IRQHandler                       0x08000835   Thumb Code    34  can_protocol.o(i.CAN1_TX_IRQHandler)
    CAN_ClearITPendingBit                    0x0800085d   Thumb Code   152  stm32f4xx_can.o(i.CAN_ClearITPendingBit)
    CAN_DeInit                               0x080008f9   Thumb Code    58  stm32f4xx_can.o(i.CAN_DeInit)
    CAN_GetITStatus                          0x08000935   Thumb Code   264  stm32f4xx_can.o(i.CAN_GetITStatus)
    CAN_ITConfig                             0x08000a41   Thumb Code    16  stm32f4xx_can.o(i.CAN_ITConfig)
    CAN_Init                                 0x08000a51   Thumb Code   232  stm32f4xx_can.o(i.CAN_Init)
    CAN_Receive                              0x08000b39   Thumb Code   180  stm32f4xx_can.o(i.CAN_Receive)
    CAN_StructInit                           0x08000bed   Thumb Code    32  stm32f4xx_can.o(i.CAN_StructInit)
    CAN_Transmit                             0x08000c0d   Thumb Code   192  stm32f4xx_can.o(i.CAN_Transmit)
    DebugMon_Handler                         0x08000ccd   Thumb Code     2  stm32f4xx_it.o(i.DebugMon_Handler)
    GPIO_Init                                0x08000ccf   Thumb Code   150  stm32f4xx_gpio.o(i.GPIO_Init)
    GPIO_PinAFConfig                         0x08000d65   Thumb Code    34  stm32f4xx_gpio.o(i.GPIO_PinAFConfig)
    GPIO_ReadInputDataBit                    0x08000d87   Thumb Code    14  stm32f4xx_gpio.o(i.GPIO_ReadInputDataBit)
    GPIO_ResetBits                           0x08000d95   Thumb Code     4  stm32f4xx_gpio.o(i.GPIO_ResetBits)
    GPIO_SetBits                             0x08000d99   Thumb Code     4  stm32f4xx_gpio.o(i.GPIO_SetBits)
    HardFault_Handler                        0x08000d9d   Thumb Code     2  stm32f4xx_it.o(i.HardFault_Handler)
    MemManage_Handler                        0x08000d9f   Thumb Code     2  stm32f4xx_it.o(i.MemManage_Handler)
    NMI_Handler                              0x08000da1   Thumb Code     2  stm32f4xx_it.o(i.NMI_Handler)
    NVIC_Init                                0x08000da5   Thumb Code   110  misc_1.o(i.NVIC_Init)
    PendSV_Handler                           0x08000e19   Thumb Code     2  stm32f4xx_it.o(i.PendSV_Handler)
    RCC_AHB1PeriphClockCmd                   0x08000e1d   Thumb Code    18  stm32f4xx_rcc.o(i.RCC_AHB1PeriphClockCmd)
    RCC_APB1PeriphClockCmd                   0x08000e35   Thumb Code    18  stm32f4xx_rcc.o(i.RCC_APB1PeriphClockCmd)
    RCC_APB1PeriphClockLPModeCmd             0x08000e4d   Thumb Code    18  stm32f4xx_rcc.o(i.RCC_APB1PeriphClockLPModeCmd)
    RCC_APB1PeriphResetCmd                   0x08000e65   Thumb Code    18  stm32f4xx_rcc.o(i.RCC_APB1PeriphResetCmd)
    RCC_APB2PeriphClockCmd                   0x08000e7d   Thumb Code    18  stm32f4xx_rcc.o(i.RCC_APB2PeriphClockCmd)
    SPI_CalculateCRC                         0x08000e95   Thumb Code    18  stm32f4xx_spi.o(i.SPI_CalculateCRC)
    SPI_Cmd                                  0x08000ea7   Thumb Code    18  stm32f4xx_spi.o(i.SPI_Cmd)
    SPI_I2S_GetFlagStatus                    0x08000eb9   Thumb Code    14  stm32f4xx_spi.o(i.SPI_I2S_GetFlagStatus)
    SPI_I2S_ReceiveData                      0x08000ec7   Thumb Code     4  stm32f4xx_spi.o(i.SPI_I2S_ReceiveData)
    SPI_I2S_SendData                         0x08000ecb   Thumb Code     4  stm32f4xx_spi.o(i.SPI_I2S_SendData)
    SPI_Init                                 0x08000ecf   Thumb Code    84  stm32f4xx_spi.o(i.SPI_Init)
    SPI_SSOutputCmd                          0x08000f23   Thumb Code    18  stm32f4xx_spi.o(i.SPI_SSOutputCmd)
    SVC_Handler                              0x08000f35   Thumb Code     2  stm32f4xx_it.o(i.SVC_Handler)
    SysTick_Handler                          0x08000f37   Thumb Code     2  stm32f4xx_it.o(i.SysTick_Handler)
    SystemCoreClockUpdate                    0x08000f39   Thumb Code   110  system_stm32f4xx.o(i.SystemCoreClockUpdate)
    SystemInit                               0x08000fbd   Thumb Code   242  system_stm32f4xx.o(i.SystemInit)
    TIM5_IRQHandler                          0x080010d9   Thumb Code    58  ticks.o(i.TIM5_IRQHandler)
    TIM_ARRPreloadConfig                     0x0800111d   Thumb Code    18  stm32f4xx_tim.o(i.TIM_ARRPreloadConfig)
    TIM_ClearFlag                            0x0800112f   Thumb Code     6  stm32f4xx_tim.o(i.TIM_ClearFlag)
    TIM_ClearITPendingBit                    0x08001135   Thumb Code     6  stm32f4xx_tim.o(i.TIM_ClearITPendingBit)
    TIM_Cmd                                  0x0800113b   Thumb Code    18  stm32f4xx_tim.o(i.TIM_Cmd)
    TIM_CtrlPWMOutputs                       0x0800114d   Thumb Code    22  stm32f4xx_tim.o(i.TIM_CtrlPWMOutputs)
    TIM_GetITStatus                          0x08001163   Thumb Code    22  stm32f4xx_tim.o(i.TIM_GetITStatus)
    TIM_ITConfig                             0x08001179   Thumb Code    16  stm32f4xx_tim.o(i.TIM_ITConfig)
    TIM_OC1Init                              0x08001189   Thumb Code   104  stm32f4xx_tim.o(i.TIM_OC1Init)
    TIM_OC1PreloadConfig                     0x080011f1   Thumb Code    12  stm32f4xx_tim.o(i.TIM_OC1PreloadConfig)
    TIM_SetCompare1                          0x080011fd   Thumb Code     4  stm32f4xx_tim.o(i.TIM_SetCompare1)
    TIM_TimeBaseInit                         0x08001201   Thumb Code   118  stm32f4xx_tim.o(i.TIM_TimeBaseInit)
    UART4_IRQHandler                         0x08001281   Thumb Code    54  usart.o(i.UART4_IRQHandler)
    UART5_IRQHandler                         0x080012c5   Thumb Code    54  usart.o(i.UART5_IRQHandler)
    USART1_IRQHandler                        0x08001309   Thumb Code    54  usart.o(i.USART1_IRQHandler)
    USART2_IRQHandler                        0x0800134d   Thumb Code    54  usart.o(i.USART2_IRQHandler)
    USART3_IRQHandler                        0x08001391   Thumb Code    54  usart.o(i.USART3_IRQHandler)
    USART_ClearITPendingBit                  0x080013d5   Thumb Code    14  stm32f4xx_usart.o(i.USART_ClearITPendingBit)
    USART_GetITStatus                        0x080013e3   Thumb Code    66  stm32f4xx_usart.o(i.USART_GetITStatus)
    USART_ReceiveData                        0x08001425   Thumb Code     8  stm32f4xx_usart.o(i.USART_ReceiveData)
    UsageFault_Handler                       0x0800142d   Thumb Code     2  stm32f4xx_it.o(i.UsageFault_Handler)
    __0vsprintf                              0x08001431   Thumb Code    30  printfa.o(i.__0vsprintf)
    __1vsprintf                              0x08001431   Thumb Code     0  printfa.o(i.__0vsprintf)
    __2vsprintf                              0x08001431   Thumb Code     0  printfa.o(i.__0vsprintf)
    __c89vsprintf                            0x08001431   Thumb Code     0  printfa.o(i.__0vsprintf)
    vsprintf                                 0x08001431   Thumb Code     0  printfa.o(i.__0vsprintf)
    __scatterload_copy                       0x08001455   Thumb Code    14  handlers.o(i.__scatterload_copy)
    __scatterload_null                       0x08001463   Thumb Code     2  handlers.o(i.__scatterload_null)
    __scatterload_zeroinit                   0x08001465   Thumb Code    14  handlers.o(i.__scatterload_zeroinit)
    _delay_ms                                0x08001475   Thumb Code   112  ticks.o(i._delay_ms)
    button_init                              0x08001d85   Thumb Code    46  button.o(i.button_init)
    button_pressed                           0x08001db9   Thumb Code    22  button.o(i.button_pressed)
    buzzer_init                              0x08001dd5   Thumb Code   242  buzzer.o(i.buzzer_init)
    can_init                                 0x08001ee1   Thumb Code   226  can_protocol.o(i.can_init)
    can_tx_dequeue                           0x08001fcd   Thumb Code   192  can_protocol.o(i.can_tx_dequeue)
    can_tx_enqueue                           0x08002099   Thumb Code    78  can_protocol.o(i.can_tx_enqueue)
    can_tx_queue_size                        0x080020ed   Thumb Code    24  can_protocol.o(i.can_tx_queue_size)
    get_full_ticks                           0x08002109   Thumb Code    20  ticks.o(i.get_full_ticks)
    gpio_input_init                          0x08002121   Thumb Code    30  gpio.o(i.gpio_input_init)
    gpio_rcc_init_all                        0x0800213f   Thumb Code    94  gpio.o(i.gpio_rcc_init_all)
    gpio_read_input                          0x0800219d   Thumb Code     8  gpio.o(i.gpio_read_input)
    main                                     0x080021a5   Thumb Code   350  main.o(i.main)
    tft_char_is_changed                      0x08002365   Thumb Code   138  lcd_main.o(i.tft_char_is_changed)
    tft_clear                                0x08002401   Thumb Code   106  lcd_main.o(i.tft_clear)
    tft_config                               0x08002475   Thumb Code   534  lcd_main.o(i.tft_config)
    tft_fill_color                           0x0800268b   Thumb Code    98  lcd_main.o(i.tft_fill_color)
    tft_init                                 0x080026ed   Thumb Code   234  lcd_main.o(i.tft_init)
    tft_println                              0x080027e9   Thumb Code   210  lcd_main.o(i.tft_println)
    tft_put_logo                             0x080028c5   Thumb Code  4824  lcd_main.o(i.tft_put_logo)
    tft_put_pixel                            0x08003b9d   Thumb Code    86  lcd_main.o(i.tft_put_pixel)
    tft_set_pixel_pos                        0x08003bf9   Thumb Code    80  lcd_main.o(i.tft_set_pixel_pos)
    tft_set_text_color                       0x08003c49   Thumb Code     6  lcd_main.o(i.tft_set_text_color)
    tft_spi_init                             0x08003c55   Thumb Code   262  lcd_main.o(i.tft_spi_init)
    tft_update                               0x08003d69   Thumb Code  1502  lcd_main.o(i.tft_update)
    tft_write_command                        0x0800435d   Thumb Code    78  lcd_main.o(i.tft_write_command)
    tft_write_data                           0x080043b9   Thumb Code    78  lcd_main.o(i.tft_write_data)
    ticks_init                               0x08004415   Thumb Code    98  ticks.o(i.ticks_init)
    PA4                                      0x08004480   Data           8  gpio.o(.constdata)
    PA5                                      0x08004488   Data           8  gpio.o(.constdata)
    PA6                                      0x08004490   Data           8  gpio.o(.constdata)
    PA7                                      0x08004498   Data           8  gpio.o(.constdata)
    PC10                                     0x080044a0   Data           8  gpio.o(.constdata)
    PC11                                     0x080044a8   Data           8  gpio.o(.constdata)
    PC12                                     0x080044b0   Data           8  gpio.o(.constdata)
    PD2                                      0x080044b8   Data           8  gpio.o(.constdata)
    Region$$Table$$Base                      0x080044c0   Number         0  anon$$obj.o(Region$$Table)
    Region$$Table$$Limit                     0x080044e0   Number         0  anon$$obj.o(Region$$Table)
    SystemCoreClock                          0x20000000   Data           4  system_stm32f4xx.o(.data)
    AHBPrescTable                            0x20000004   Data          16  system_stm32f4xx.o(.data)
    last_data                                0x20000014   Data           4  main.o(.data)
    CAN_FilterCount                          0x20000018   Data           1  can_protocol.o(.data)
    CAN_Tx_Queue                             0x20000020   Data          12  can_protocol.o(.data)
    tft_orientation                          0x2000004c   Data           1  lcd_main.o(.data)
    tft_enabled                              0x2000004d   Data           1  lcd_main.o(.data)
    tft_width                                0x2000004e   Data           1  lcd_main.o(.data)
    tft_height                               0x2000004f   Data           1  lcd_main.o(.data)
    tft_y_index                              0x20000050   Data           1  lcd_main.o(.data)
    pointer_to_curr_screen                   0x20000051   Data           1  lcd_main.o(.data)
    char_max_x                               0x20000052   Data           1  lcd_main.o(.data)
    char_max_y                               0x20000053   Data           1  lcd_main.o(.data)
    curr_bg_color                            0x20000054   Data           2  lcd_main.o(.data)
    curr_text_color                          0x20000056   Data           2  lcd_main.o(.data)
    curr_text_color_sp                       0x20000058   Data           2  lcd_main.o(.data)
    ascii_8x16                               0x2000005a   Data        1536  lcd_main.o(.data)
    printf_COMx                              0x2000065c   Data           1  usart.o(.data)
    uart_listener_empty                      0x2000065d   Data           5  usart.o(.data)
    COM_USART                                0x20000664   Data          20  usart.o(.data)
    COM_TX_PORT                              0x20000678   Data          20  usart.o(.data)
    Buzzer_Queue                             0x200006a4   Data          12  buzzer.o(.data)
    using_delay                              0x200006b0   Data           1  ticks.o(.data)
    ticks                                    0x200006b2   Data           2  ticks.o(.data)
    seconds                                  0x200006b4   Data           2  ticks.o(.data)
    CAN_Tx_Queue_Array                       0x200006b8   Data       32000  can_protocol.o(.bss)
    CAN_Rx_Handlers                          0x200083c8   Data         112  can_protocol.o(.bss)
    text                                     0x20008438   Data         400  lcd_main.o(.bss)
    text_color                               0x200085c8   Data         800  lcd_main.o(.bss)
    bg_color                                 0x200088e8   Data         800  lcd_main.o(.bss)
    uart_rx_listener                         0x20008c08   Data          20  usart.o(.bss)
    __initial_sp                             0x20009450   Data           0  startup_stm32f40_41xxx.o(STACK)



==============================================================================

Memory Map of the image

  Image Entry point : 0x08000189

  Load Region LR_IROM1 (Base: 0x08000000, Size: 0x00004b98, Max: 0x00100000, ABSOLUTE, COMPRESSED[0x000047f0])

    Execution Region ER_IROM1 (Base: 0x08000000, Size: 0x000044e0, Max: 0x00100000, ABSOLUTE)

    Base Addr    Size         Type   Attr      Idx    E Section Name        Object

    0x08000000   0x00000188   Data   RO         5389    RESET               startup_stm32f40_41xxx.o
    0x08000188   0x00000000   Code   RO         7164  * .ARM.Collect$$$$00000000  mc_w.l(entry.o)
    0x08000188   0x00000004   Code   RO         7263    .ARM.Collect$$$$00000001  mc_w.l(entry2.o)
    0x0800018c   0x00000004   Code   RO         7266    .ARM.Collect$$$$00000004  mc_w.l(entry5.o)
    0x08000190   0x00000000   Code   RO         7268    .ARM.Collect$$$$00000008  mc_w.l(entry7b.o)
    0x08000190   0x00000000   Code   RO         7270    .ARM.Collect$$$$0000000A  mc_w.l(entry8b.o)
    0x08000190   0x00000008   Code   RO         7271    .ARM.Collect$$$$0000000B  mc_w.l(entry9a.o)
    0x08000198   0x00000000   Code   RO         7273    .ARM.Collect$$$$0000000D  mc_w.l(entry10a.o)
    0x08000198   0x00000000   Code   RO         7275    .ARM.Collect$$$$0000000F  mc_w.l(entry11a.o)
    0x08000198   0x00000004   Code   RO         7264    .ARM.Collect$$$$00002712  mc_w.l(entry2.o)
    0x0800019c   0x0000000e   Code   RO         6222    .emb_text           ticks.o
    0x080001aa   0x00000002   PAD
    0x080001ac   0x00000024   Code   RO         5390    .text               startup_stm32f40_41xxx.o
    0x080001d0   0x000000e4   Code   RO         7227    .text               mf_w.l(dmul.o)
    0x080002b4   0x00000026   Code   RO         7233    .text               mf_w.l(f2d.o)
    0x080002da   0x0000002c   Code   RO         7280    .text               mc_w.l(uidiv.o)
    0x08000306   0x00000062   Code   RO         7282    .text               mc_w.l(uldiv.o)
    0x08000368   0x00000020   Code   RO         7284    .text               mc_w.l(llushr.o)
    0x08000388   0x00000000   Code   RO         7295    .text               mc_w.l(iusefp.o)
    0x08000388   0x000000ba   Code   RO         7296    .text               mf_w.l(depilogue.o)
    0x08000442   0x0000014e   Code   RO         7298    .text               mf_w.l(dadd.o)
    0x08000590   0x000000de   Code   RO         7300    .text               mf_w.l(ddiv.o)
    0x0800066e   0x00000030   Code   RO         7302    .text               mf_w.l(dfixul.o)
    0x0800069e   0x00000002   PAD
    0x080006a0   0x00000030   Code   RO         7304    .text               mf_w.l(cdrcmple.o)
    0x080006d0   0x00000024   Code   RO         7306    .text               mc_w.l(init.o)
    0x080006f4   0x0000001e   Code   RO         7309    .text               mc_w.l(llshl.o)
    0x08000712   0x00000024   Code   RO         7311    .text               mc_w.l(llsshr.o)
    0x08000736   0x00000056   Code   RO         7322    .text               mc_w.l(__dczerorl2.o)
    0x0800078c   0x00000002   Code   RO         5143    i.BusFault_Handler  stm32f4xx_it.o
    0x0800078e   0x00000002   PAD
    0x08000790   0x000000a4   Code   RO         5533    i.CAN1_RX0_IRQHandler  can_protocol.o
    0x08000834   0x00000028   Code   RO         5534    i.CAN1_TX_IRQHandler  can_protocol.o
    0x0800085c   0x0000009c   Code   RO          413    i.CAN_ClearITPendingBit  stm32f4xx_can.o
    0x080008f8   0x0000003a   Code   RO          415    i.CAN_DeInit        stm32f4xx_can.o
    0x08000932   0x00000002   PAD
    0x08000934   0x0000010c   Code   RO          419    i.CAN_GetITStatus   stm32f4xx_can.o
    0x08000a40   0x00000010   Code   RO          423    i.CAN_ITConfig      stm32f4xx_can.o
    0x08000a50   0x000000e8   Code   RO          424    i.CAN_Init          stm32f4xx_can.o
    0x08000b38   0x000000b4   Code   RO          427    i.CAN_Receive       stm32f4xx_can.o
    0x08000bec   0x00000020   Code   RO          430    i.CAN_StructInit    stm32f4xx_can.o
    0x08000c0c   0x000000c0   Code   RO          432    i.CAN_Transmit      stm32f4xx_can.o
    0x08000ccc   0x00000002   Code   RO         5144    i.DebugMon_Handler  stm32f4xx_it.o
    0x08000cce   0x00000096   Code   RO         1996    i.GPIO_Init         stm32f4xx_gpio.o
    0x08000d64   0x00000022   Code   RO         1997    i.GPIO_PinAFConfig  stm32f4xx_gpio.o
    0x08000d86   0x0000000e   Code   RO         2000    i.GPIO_ReadInputDataBit  stm32f4xx_gpio.o
    0x08000d94   0x00000004   Code   RO         2003    i.GPIO_ResetBits    stm32f4xx_gpio.o
    0x08000d98   0x00000004   Code   RO         2004    i.GPIO_SetBits      stm32f4xx_gpio.o
    0x08000d9c   0x00000002   Code   RO         5145    i.HardFault_Handler  stm32f4xx_it.o
    0x08000d9e   0x00000002   Code   RO         5146    i.MemManage_Handler  stm32f4xx_it.o
    0x08000da0   0x00000002   Code   RO         5147    i.NMI_Handler       stm32f4xx_it.o
    0x08000da2   0x00000002   PAD
    0x08000da4   0x00000074   Code   RO            4    i.NVIC_Init         misc_1.o
    0x08000e18   0x00000002   Code   RO         5148    i.PendSV_Handler    stm32f4xx_it.o
    0x08000e1a   0x00000002   PAD
    0x08000e1c   0x00000018   Code   RO         2937    i.RCC_AHB1PeriphClockCmd  stm32f4xx_rcc.o
    0x08000e34   0x00000018   Code   RO         2946    i.RCC_APB1PeriphClockCmd  stm32f4xx_rcc.o
    0x08000e4c   0x00000018   Code   RO         2947    i.RCC_APB1PeriphClockLPModeCmd  stm32f4xx_rcc.o
    0x08000e64   0x00000018   Code   RO         2948    i.RCC_APB1PeriphResetCmd  stm32f4xx_rcc.o
    0x08000e7c   0x00000018   Code   RO         2949    i.RCC_APB2PeriphClockCmd  stm32f4xx_rcc.o
    0x08000e94   0x00000012   Code   RO         4101    i.SPI_CalculateCRC  stm32f4xx_spi.o
    0x08000ea6   0x00000012   Code   RO         4102    i.SPI_Cmd           stm32f4xx_spi.o
    0x08000eb8   0x0000000e   Code   RO         4110    i.SPI_I2S_GetFlagStatus  stm32f4xx_spi.o
    0x08000ec6   0x00000004   Code   RO         4113    i.SPI_I2S_ReceiveData  stm32f4xx_spi.o
    0x08000eca   0x00000004   Code   RO         4114    i.SPI_I2S_SendData  stm32f4xx_spi.o
    0x08000ece   0x00000054   Code   RO         4115    i.SPI_Init          stm32f4xx_spi.o
    0x08000f22   0x00000012   Code   RO         4117    i.SPI_SSOutputCmd   stm32f4xx_spi.o
    0x08000f34   0x00000002   Code   RO         5149    i.SVC_Handler       stm32f4xx_it.o
    0x08000f36   0x00000002   Code   RO         5150    i.SysTick_Handler   stm32f4xx_it.o
    0x08000f38   0x00000084   Code   RO         5354    i.SystemCoreClockUpdate  system_stm32f4xx.o
    0x08000fbc   0x0000011c   Code   RO         5355    i.SystemInit        system_stm32f4xx.o
    0x080010d8   0x00000044   Code   RO         6223    i.TIM5_IRQHandler   ticks.o
    0x0800111c   0x00000012   Code   RO         4331    i.TIM_ARRPreloadConfig  stm32f4xx_tim.o
    0x0800112e   0x00000006   Code   RO         4337    i.TIM_ClearFlag     stm32f4xx_tim.o
    0x08001134   0x00000006   Code   RO         4338    i.TIM_ClearITPendingBit  stm32f4xx_tim.o
    0x0800113a   0x00000012   Code   RO         4343    i.TIM_Cmd           stm32f4xx_tim.o
    0x0800114c   0x00000016   Code   RO         4345    i.TIM_CtrlPWMOutputs  stm32f4xx_tim.o
    0x08001162   0x00000016   Code   RO         4364    i.TIM_GetITStatus   stm32f4xx_tim.o
    0x08001178   0x00000010   Code   RO         4368    i.TIM_ITConfig      stm32f4xx_tim.o
    0x08001188   0x00000068   Code   RO         4372    i.TIM_OC1Init       stm32f4xx_tim.o
    0x080011f0   0x0000000c   Code   RO         4375    i.TIM_OC1PreloadConfig  stm32f4xx_tim.o
    0x080011fc   0x00000004   Code   RO         4405    i.TIM_SetCompare1   stm32f4xx_tim.o
    0x08001200   0x00000080   Code   RO         4415    i.TIM_TimeBaseInit  stm32f4xx_tim.o
    0x08001280   0x00000044   Code   RO         5984    i.UART4_IRQHandler  usart.o
    0x080012c4   0x00000044   Code   RO         5985    i.UART5_IRQHandler  usart.o
    0x08001308   0x00000044   Code   RO         5986    i.USART1_IRQHandler  usart.o
    0x0800134c   0x00000044   Code   RO         5987    i.USART2_IRQHandler  usart.o
    0x08001390   0x00000044   Code   RO         5988    i.USART3_IRQHandler  usart.o
    0x080013d4   0x0000000e   Code   RO         4880    i.USART_ClearITPendingBit  stm32f4xx_usart.o
    0x080013e2   0x00000042   Code   RO         4887    i.USART_GetITStatus  stm32f4xx_usart.o
    0x08001424   0x00000008   Code   RO         4897    i.USART_ReceiveData  stm32f4xx_usart.o
    0x0800142c   0x00000002   Code   RO         5151    i.UsageFault_Handler  stm32f4xx_it.o
    0x0800142e   0x00000002   PAD
    0x08001430   0x00000024   Code   RO         7178    i.__0vsprintf       mc_w.l(printfa.o)
    0x08001454   0x0000000e   Code   RO         7316    i.__scatterload_copy  mc_w.l(handlers.o)
    0x08001462   0x00000002   Code   RO         7317    i.__scatterload_null  mc_w.l(handlers.o)
    0x08001464   0x0000000e   Code   RO         7318    i.__scatterload_zeroinit  mc_w.l(handlers.o)
    0x08001472   0x00000002   PAD
    0x08001474   0x00000074   Code   RO         6224    i._delay_ms         ticks.o
    0x080014e8   0x00000164   Code   RO         7179    i._fp_digits        mc_w.l(printfa.o)
    0x0800164c   0x000006dc   Code   RO         7180    i._printf_core      mc_w.l(printfa.o)
    0x08001d28   0x00000024   Code   RO         7181    i._printf_post_padding  mc_w.l(printfa.o)
    0x08001d4c   0x0000002e   Code   RO         7182    i._printf_pre_padding  mc_w.l(printfa.o)
    0x08001d7a   0x0000000a   Code   RO         7184    i._sputc            mc_w.l(printfa.o)
    0x08001d84   0x00000034   Code   RO         5703    i.button_init       button.o
    0x08001db8   0x0000001c   Code   RO         5704    i.button_pressed    button.o
    0x08001dd4   0x0000010c   Code   RO         6095    i.buzzer_init       buzzer.o
    0x08001ee0   0x000000ec   Code   RO         5538    i.can_init          can_protocol.o
    0x08001fcc   0x000000cc   Code   RO         5541    i.can_tx_dequeue    can_protocol.o
    0x08002098   0x00000054   Code   RO         5542    i.can_tx_enqueue    can_protocol.o
    0x080020ec   0x0000001c   Code   RO         5546    i.can_tx_queue_size  can_protocol.o
    0x08002108   0x00000018   Code   RO         6226    i.get_full_ticks    ticks.o
    0x08002120   0x0000001e   Code   RO         6296    i.gpio_input_init   gpio.o
    0x0800213e   0x0000005e   Code   RO         6299    i.gpio_rcc_init_all  gpio.o
    0x0800219c   0x00000008   Code   RO         6300    i.gpio_read_input   gpio.o
    0x080021a4   0x000001c0   Code   RO         5397    i.main              main.o
    0x08002364   0x0000009c   Code   RO         5763    i.tft_char_is_changed  lcd_main.o
    0x08002400   0x00000074   Code   RO         5764    i.tft_clear         lcd_main.o
    0x08002474   0x00000216   Code   RO         5766    i.tft_config        lcd_main.o
    0x0800268a   0x00000062   Code   RO         5769    i.tft_fill_color    lcd_main.o
    0x080026ec   0x000000fc   Code   RO         5772    i.tft_init          lcd_main.o
    0x080027e8   0x000000dc   Code   RO         5773    i.tft_println       lcd_main.o
    0x080028c4   0x000012d8   Code   RO         5775    i.tft_put_logo      lcd_main.o
    0x08003b9c   0x0000005c   Code   RO         5776    i.tft_put_pixel     lcd_main.o
    0x08003bf8   0x00000050   Code   RO         5780    i.tft_set_pixel_pos  lcd_main.o
    0x08003c48   0x0000000c   Code   RO         5782    i.tft_set_text_color  lcd_main.o
    0x08003c54   0x00000114   Code   RO         5783    i.tft_spi_init      lcd_main.o
    0x08003d68   0x000005f4   Code   RO         5785    i.tft_update        lcd_main.o
    0x0800435c   0x0000005c   Code   RO         5786    i.tft_write_command  lcd_main.o
    0x080043b8   0x0000005c   Code   RO         5787    i.tft_write_data    lcd_main.o
    0x08004414   0x0000006c   Code   RO         6230    i.ticks_init        ticks.o
    0x08004480   0x00000008   Data   RO         6308    .constdata          gpio.o
    0x08004488   0x00000008   Data   RO         6309    .constdata          gpio.o
    0x08004490   0x00000008   Data   RO         6310    .constdata          gpio.o
    0x08004498   0x00000008   Data   RO         6311    .constdata          gpio.o
    0x080044a0   0x00000008   Data   RO         6343    .constdata          gpio.o
    0x080044a8   0x00000008   Data   RO         6344    .constdata          gpio.o
    0x080044b0   0x00000008   Data   RO         6345    .constdata          gpio.o
    0x080044b8   0x00000008   Data   RO         6351    .constdata          gpio.o
    0x080044c0   0x00000020   Data   RO         7314    Region$$Table       anon$$obj.o


    Execution Region RW_IRAM1 (Base: 0x20000000, Size: 0x00009450, Max: 0x00020000, ABSOLUTE, COMPRESSED[0x00000310])

    Base Addr    Size         Type   Attr      Idx    E Section Name        Object

    0x20000000   0x00000014   Data   RW         5356    .data               system_stm32f4xx.o
    0x20000014   0x00000004   Data   RW         5398    .data               main.o
    0x20000018   0x00000014   Data   RW         5552    .data               can_protocol.o
    0x2000002c   0x00000020   Data   RW         5705    .data               button.o
    0x2000004c   0x0000060e   Data   RW         5789    .data               lcd_main.o
    0x2000065a   0x00000002   PAD
    0x2000065c   0x00000030   Data   RW         6001    .data               usart.o
    0x2000068c   0x00000024   Data   RW         6106    .data               buzzer.o
    0x200006b0   0x00000006   Data   RW         6231    .data               ticks.o
    0x200006b6   0x00000002   PAD
    0x200006b8   0x00007d00   Zero   RW         5550    .bss                can_protocol.o
    0x200083b8   0x00000080   Zero   RW         5551    .bss                can_protocol.o
    0x20008438   0x000007d0   Zero   RW         5788    .bss                lcd_main.o
    0x20008c08   0x00000014   Zero   RW         5998    .bss                usart.o
    0x20008c1c   0x0000001a   Zero   RW         6103    .bss                buzzer.o
    0x20008c36   0x00000018   Zero   RW         6104    .bss                buzzer.o
    0x20008c4e   0x00000002   PAD
    0x20008c50   0x00000800   Zero   RW         5387    STACK               startup_stm32f40_41xxx.o


==============================================================================

Image component sizes


      Code (inc. data)   RO Data    RW Data    ZI Data      Debug   Object Name

        80         12          0         32          0       6545   button.o
       268         26          0         36         50       2235   buzzer.o
       756         54          0         20      32128       5303   can_protocol.o
       132          0         64          0          0       6504   gpio.o
      8368        152          0       1550       2000      19802   lcd_main.o
       448         98          0          4          0       1207   main.o
       116          6          0          0          0     256292   misc_1.o
        36          8        392          0       2048        896   startup_stm32f40_41xxx.o
         0          0          0          0          0       1736   stm32f4xx_adc.o
      1134          8          0          0          0      17139   stm32f4xx_can.o
       206          0          0          0          0      11015   stm32f4xx_gpio.o
        18          0          0          0          0      30418   stm32f4xx_it.o
       120         30          0          0          0       3235   stm32f4xx_rcc.o
       160          0          0          0          0      13395   stm32f4xx_spi.o
       356         10          0          0          0      28868   stm32f4xx_tim.o
        88          0          0          0          0       8970   stm32f4xx_usart.o
       416         64          0         20          0       2177   system_stm32f4xx.o
       330         28          0          6          0       3211   ticks.o
       340         70          0         48         20       5083   usart.o

    ----------------------------------------------------------------------
     13384        566        488       1720      36248     424031   Object Totals
         0          0         32          0          0          0   (incl. Generated)
        12          0          0          4          2          0   (incl. Padding)

    ----------------------------------------------------------------------

      Code (inc. data)   RO Data    RW Data    ZI Data      Debug   Library Member Name

        86          0          0          0          0          0   __dczerorl2.o
         0          0          0          0          0          0   entry.o
         0          0          0          0          0          0   entry10a.o
         0          0          0          0          0          0   entry11a.o
         8          4          0          0          0          0   entry2.o
         4          0          0          0          0          0   entry5.o
         0          0          0          0          0          0   entry7b.o
         0          0          0          0          0          0   entry8b.o
         8          4          0          0          0          0   entry9a.o
        30          0          0          0          0          0   handlers.o
        36          8          0          0          0         68   init.o
         0          0          0          0          0          0   iusefp.o
        30          0          0          0          0         68   llshl.o
        36          0          0          0          0         68   llsshr.o
        32          0          0          0          0         68   llushr.o
      2240         86          0          0          0        508   printfa.o
        44          0          0          0          0         80   uidiv.o
        98          0          0          0          0         92   uldiv.o
        48          0          0          0          0         68   cdrcmple.o
       334          0          0          0          0        148   dadd.o
       222          0          0          0          0        100   ddiv.o
       186          0          0          0          0        176   depilogue.o
        48          0          0          0          0         68   dfixul.o
       228          0          0          0          0         96   dmul.o
        38          0          0          0          0         68   f2d.o

    ----------------------------------------------------------------------
      3760        102          0          0          0       1676   Library Totals
         4          0          0          0          0          0   (incl. Padding)

    ----------------------------------------------------------------------

      Code (inc. data)   RO Data    RW Data    ZI Data      Debug   Library Name

      2652        102          0          0          0        952   mc_w.l
      1104          0          0          0          0        724   mf_w.l

    ----------------------------------------------------------------------
      3760        102          0          0          0       1676   Library Totals

    ----------------------------------------------------------------------

==============================================================================


      Code (inc. data)   RO Data    RW Data    ZI Data      Debug   

     17144        668        488       1720      36248     417059   Grand Totals
     17144        668        488        784      36248     417059   ELF Image Totals (compressed)
     17144        668        488        784          0          0   ROM Totals

==============================================================================

    Total RO  Size (Code + RO Data)                17632 (  17.22kB)
    Total RW  Size (RW Data + ZI Data)             37968 (  37.08kB)
    Total ROM Size (Code + RO Data + RW Data)      18416 (  17.98kB)

==============================================================================

