Component: ARM Compiler 5.06 update 3 (build 300) Tool: armlink [4d35c9]

==============================================================================

Section Cross References

    stm32f4xx_adc.o(i.ADC_DeInit) refers to stm32f4xx_rcc.o(i.RCC_APB2PeriphResetCmd) for RCC_APB2PeriphResetCmd
    stm32f4xx_can.o(i.CAN_DeInit) refers to stm32f4xx_rcc.o(i.RCC_APB1PeriphResetCmd) for RCC_APB1PeriphResetCmd
    stm32f4xx_can.o(i.CAN_GetITStatus) refers to stm32f4xx_can.o(i.CheckITStatus) for CheckITStatus
    stm32f4xx_cryp.o(i.CRYP_DeInit) refers to stm32f4xx_rcc.o(i.RCC_AHB2PeriphResetCmd) for RCC_AHB2PeriphResetCmd
    stm32f4xx_cryp_aes.o(i.CRYP_AES_CBC) refers to stm32f4xx_cryp.o(i.CRYP_KeyStructInit) for CRYP_KeyStructInit
    stm32f4xx_cryp_aes.o(i.CRYP_AES_CBC) refers to stm32f4xx_cryp.o(i.CRYP_FIFOFlush) for CRYP_FIFOFlush
    stm32f4xx_cryp_aes.o(i.CRYP_AES_CBC) refers to stm32f4xx_cryp.o(i.CRYP_Init) for CRYP_Init
    stm32f4xx_cryp_aes.o(i.CRYP_AES_CBC) refers to stm32f4xx_cryp.o(i.CRYP_KeyInit) for CRYP_KeyInit
    stm32f4xx_cryp_aes.o(i.CRYP_AES_CBC) refers to stm32f4xx_cryp.o(i.CRYP_Cmd) for CRYP_Cmd
    stm32f4xx_cryp_aes.o(i.CRYP_AES_CBC) refers to stm32f4xx_cryp.o(i.CRYP_GetFlagStatus) for CRYP_GetFlagStatus
    stm32f4xx_cryp_aes.o(i.CRYP_AES_CBC) refers to stm32f4xx_cryp.o(i.CRYP_IVInit) for CRYP_IVInit
    stm32f4xx_cryp_aes.o(i.CRYP_AES_CBC) refers to stm32f4xx_cryp.o(i.CRYP_GetCmdStatus) for CRYP_GetCmdStatus
    stm32f4xx_cryp_aes.o(i.CRYP_AES_CBC) refers to stm32f4xx_cryp.o(i.CRYP_DataIn) for CRYP_DataIn
    stm32f4xx_cryp_aes.o(i.CRYP_AES_CBC) refers to stm32f4xx_cryp.o(i.CRYP_DataOut) for CRYP_DataOut
    stm32f4xx_cryp_aes.o(i.CRYP_AES_CCM) refers to stm32f4xx_cryp.o(i.CRYP_KeyStructInit) for CRYP_KeyStructInit
    stm32f4xx_cryp_aes.o(i.CRYP_AES_CCM) refers to stm32f4xx_cryp.o(i.CRYP_FIFOFlush) for CRYP_FIFOFlush
    stm32f4xx_cryp_aes.o(i.CRYP_AES_CCM) refers to stm32f4xx_cryp.o(i.CRYP_KeyInit) for CRYP_KeyInit
    stm32f4xx_cryp_aes.o(i.CRYP_AES_CCM) refers to stm32f4xx_cryp.o(i.CRYP_IVInit) for CRYP_IVInit
    stm32f4xx_cryp_aes.o(i.CRYP_AES_CCM) refers to stm32f4xx_cryp.o(i.CRYP_Init) for CRYP_Init
    stm32f4xx_cryp_aes.o(i.CRYP_AES_CCM) refers to stm32f4xx_cryp.o(i.CRYP_PhaseConfig) for CRYP_PhaseConfig
    stm32f4xx_cryp_aes.o(i.CRYP_AES_CCM) refers to stm32f4xx_cryp.o(i.CRYP_DataIn) for CRYP_DataIn
    stm32f4xx_cryp_aes.o(i.CRYP_AES_CCM) refers to stm32f4xx_cryp.o(i.CRYP_Cmd) for CRYP_Cmd
    stm32f4xx_cryp_aes.o(i.CRYP_AES_CCM) refers to stm32f4xx_cryp.o(i.CRYP_GetCmdStatus) for CRYP_GetCmdStatus
    stm32f4xx_cryp_aes.o(i.CRYP_AES_CCM) refers to stm32f4xx_cryp.o(i.CRYP_GetFlagStatus) for CRYP_GetFlagStatus
    stm32f4xx_cryp_aes.o(i.CRYP_AES_CCM) refers to stm32f4xx_cryp.o(i.CRYP_DataOut) for CRYP_DataOut
    stm32f4xx_cryp_aes.o(i.CRYP_AES_CTR) refers to stm32f4xx_cryp.o(i.CRYP_KeyStructInit) for CRYP_KeyStructInit
    stm32f4xx_cryp_aes.o(i.CRYP_AES_CTR) refers to stm32f4xx_cryp.o(i.CRYP_KeyInit) for CRYP_KeyInit
    stm32f4xx_cryp_aes.o(i.CRYP_AES_CTR) refers to stm32f4xx_cryp.o(i.CRYP_Init) for CRYP_Init
    stm32f4xx_cryp_aes.o(i.CRYP_AES_CTR) refers to stm32f4xx_cryp.o(i.CRYP_IVInit) for CRYP_IVInit
    stm32f4xx_cryp_aes.o(i.CRYP_AES_CTR) refers to stm32f4xx_cryp.o(i.CRYP_FIFOFlush) for CRYP_FIFOFlush
    stm32f4xx_cryp_aes.o(i.CRYP_AES_CTR) refers to stm32f4xx_cryp.o(i.CRYP_Cmd) for CRYP_Cmd
    stm32f4xx_cryp_aes.o(i.CRYP_AES_CTR) refers to stm32f4xx_cryp.o(i.CRYP_GetCmdStatus) for CRYP_GetCmdStatus
    stm32f4xx_cryp_aes.o(i.CRYP_AES_CTR) refers to stm32f4xx_cryp.o(i.CRYP_DataIn) for CRYP_DataIn
    stm32f4xx_cryp_aes.o(i.CRYP_AES_CTR) refers to stm32f4xx_cryp.o(i.CRYP_GetFlagStatus) for CRYP_GetFlagStatus
    stm32f4xx_cryp_aes.o(i.CRYP_AES_CTR) refers to stm32f4xx_cryp.o(i.CRYP_DataOut) for CRYP_DataOut
    stm32f4xx_cryp_aes.o(i.CRYP_AES_ECB) refers to stm32f4xx_cryp.o(i.CRYP_KeyStructInit) for CRYP_KeyStructInit
    stm32f4xx_cryp_aes.o(i.CRYP_AES_ECB) refers to stm32f4xx_cryp.o(i.CRYP_FIFOFlush) for CRYP_FIFOFlush
    stm32f4xx_cryp_aes.o(i.CRYP_AES_ECB) refers to stm32f4xx_cryp.o(i.CRYP_Init) for CRYP_Init
    stm32f4xx_cryp_aes.o(i.CRYP_AES_ECB) refers to stm32f4xx_cryp.o(i.CRYP_KeyInit) for CRYP_KeyInit
    stm32f4xx_cryp_aes.o(i.CRYP_AES_ECB) refers to stm32f4xx_cryp.o(i.CRYP_Cmd) for CRYP_Cmd
    stm32f4xx_cryp_aes.o(i.CRYP_AES_ECB) refers to stm32f4xx_cryp.o(i.CRYP_GetFlagStatus) for CRYP_GetFlagStatus
    stm32f4xx_cryp_aes.o(i.CRYP_AES_ECB) refers to stm32f4xx_cryp.o(i.CRYP_GetCmdStatus) for CRYP_GetCmdStatus
    stm32f4xx_cryp_aes.o(i.CRYP_AES_ECB) refers to stm32f4xx_cryp.o(i.CRYP_DataIn) for CRYP_DataIn
    stm32f4xx_cryp_aes.o(i.CRYP_AES_ECB) refers to stm32f4xx_cryp.o(i.CRYP_DataOut) for CRYP_DataOut
    stm32f4xx_cryp_aes.o(i.CRYP_AES_GCM) refers to stm32f4xx_cryp.o(i.CRYP_KeyStructInit) for CRYP_KeyStructInit
    stm32f4xx_cryp_aes.o(i.CRYP_AES_GCM) refers to stm32f4xx_cryp.o(i.CRYP_FIFOFlush) for CRYP_FIFOFlush
[...]
    Removing stm32f4xx_tim.o(i.TIM_GetCapture3), (6 bytes).
    Removing stm32f4xx_tim.o(i.TIM_GetCapture4), (6 bytes).
    Removing stm32f4xx_tim.o(i.TIM_GetCounter), (6 bytes).
    Removing stm32f4xx_tim.o(i.TIM_GetFlagStatus), (18 bytes).
    Removing stm32f4xx_tim.o(i.TIM_GetITStatus), (34 bytes).
    Removing stm32f4xx_tim.o(i.TIM_GetPrescaler), (6 bytes).
    Removing stm32f4xx_tim.o(i.TIM_ICInit), (110 bytes).
    Removing stm32f4xx_tim.o(i.TIM_ICStructInit), (18 bytes).
    Removing stm32f4xx_tim.o(i.TIM_ITConfig), (18 bytes).
    Removing stm32f4xx_tim.o(i.TIM_ITRxExternalClockConfig), (24 bytes).
    Removing stm32f4xx_tim.o(i.TIM_InternalClockConfig), (12 bytes).
    Removing stm32f4xx_tim.o(i.TIM_OC1FastConfig), (18 bytes).
    Removing stm32f4xx_tim.o(i.TIM_OC1Init), (124 bytes).
    Removing stm32f4xx_tim.o(i.TIM_OC1NPolarityConfig), (18 bytes).
    Removing stm32f4xx_tim.o(i.TIM_OC1PolarityConfig), (18 bytes).
    Removing stm32f4xx_tim.o(i.TIM_OC1PreloadConfig), (18 bytes).
    Removing stm32f4xx_tim.o(i.TIM_OC2FastConfig), (26 bytes).
    Removing stm32f4xx_tim.o(i.TIM_OC2Init), (164 bytes).
    Removing stm32f4xx_tim.o(i.TIM_OC2NPolarityConfig), (26 bytes).
    Removing stm32f4xx_tim.o(i.TIM_OC2PolarityConfig), (26 bytes).
    Removing stm32f4xx_tim.o(i.TIM_OC2PreloadConfig), (26 bytes).
    Removing stm32f4xx_tim.o(i.TIM_OC3FastConfig), (18 bytes).
    Removing stm32f4xx_tim.o(i.TIM_OC3Init), (160 bytes).
    Removing stm32f4xx_tim.o(i.TIM_OC3NPolarityConfig), (26 bytes).
    Removing stm32f4xx_tim.o(i.TIM_OC3PolarityConfig), (26 bytes).
    Removing stm32f4xx_tim.o(i.TIM_OC3PreloadConfig), (18 bytes).
    Removing stm32f4xx_tim.o(i.TIM_OC4FastConfig), (26 bytes).
    Removing stm32f4xx_tim.o(i.TIM_OC4Init), (120 bytes).
    Removing stm32f4xx_tim.o(i.TIM_OC4PolarityConfig), (26 bytes).
    Removing stm32f4xx_tim.o(i.TIM_OC4PreloadConfig), (26 bytes).
    Removing stm32f4xx_tim.o(i.TIM_OCStructInit), (20 bytes).
    Removing stm32f4xx_tim.o(i.TIM_PWMIConfig), (124 bytes).
    Removing stm32f4xx_tim.o(i.TIM_PrescalerConfig), (6 bytes).
    Removing stm32f4xx_tim.o(i.TIM_RemapConfig), (6 bytes).
    Removing stm32f4xx_tim.o(i.TIM_SelectCCDMA), (24 bytes).
    Removing stm32f4xx_tim.o(i.TIM_SelectCOM), (24 bytes).
    Removing stm32f4xx_tim.o(i.TIM_SelectHallSensor), (24 bytes).
    Removing stm32f4xx_tim.o(i.TIM_SelectInputTrigger), (18 bytes).
    Removing stm32f4xx_tim.o(i.TIM_SelectMasterSlaveMode), (18 bytes).
    Removing stm32f4xx_tim.o(i.TIM_SelectOCxM), (86 bytes).
    Removing stm32f4xx_tim.o(i.TIM_SelectOnePulseMode), (18 bytes).
    Removing stm32f4xx_tim.o(i.TIM_SelectOutputTrigger), (18 bytes).
    Removing stm32f4xx_tim.o(i.TIM_SelectSlaveMode), (18 bytes).
    Removing stm32f4xx_tim.o(i.TIM_SetAutoreload), (4 bytes).
    Removing stm32f4xx_tim.o(i.TIM_SetClockDivision), (18 bytes).
    Removing stm32f4xx_tim.o(i.TIM_SetCompare1), (4 bytes).
    Removing stm32f4xx_tim.o(i.TIM_SetCompare2), (4 bytes).
    Removing stm32f4xx_tim.o(i.TIM_SetCompare3), (4 bytes).
    Removing stm32f4xx_tim.o(i.TIM_SetCompare4), (4 bytes).
    Removing stm32f4xx_tim.o(i.TIM_SetCounter), (4 bytes).
    Removing stm32f4xx_tim.o(i.TIM_SetIC1Prescaler), (18 bytes).
    Removing stm32f4xx_tim.o(i.TIM_SetIC2Prescaler), (26 bytes).
    Removing stm32f4xx_tim.o(i.TIM_SetIC3Prescaler), (18 bytes).
    Removing stm32f4xx_tim.o(i.TIM_SetIC4Prescaler), (26 bytes).
    Removing stm32f4xx_tim.o(i.TIM_TIxExternalClockConfig), (62 bytes).
    Removing stm32f4xx_tim.o(i.TIM_TimeBaseInit), (132 bytes).
    Removing stm32f4xx_tim.o(i.TIM_TimeBaseStructInit), (18 bytes).
    Removing stm32f4xx_tim.o(i.TIM_UpdateDisableConfig), (24 bytes).
    Removing stm32f4xx_tim.o(i.TIM_UpdateRequestConfig), (24 bytes).
    Removing stm32f4xx_usart.o(.rev16_text), (4 bytes).
    Removing stm32f4xx_usart.o(.revsh_text), (4 bytes).
    Removing stm32f4xx_usart.o(.rrx_text), (6 bytes).
    Removing stm32f4xx_usart.o(i.USART_ClearFlag), (18 bytes).
    Removing stm32f4xx_usart.o(i.USART_ClockInit), (32 bytes).
    Removing stm32f4xx_usart.o(i.USART_ClockStructInit), (12 bytes).
    Removing stm32f4xx_usart.o(i.USART_Cmd), (24 bytes).
    Removing stm32f4xx_usart.o(i.USART_DMACmd), (18 bytes).
    Removing stm32f4xx_usart.o(i.USART_DeInit), (240 bytes).
    Removing stm32f4xx_usart.o(i.USART_GetFlagStatus), (26 bytes).
    Removing stm32f4xx_usart.o(i.USART_HalfDuplexCmd), (24 bytes).
    Removing stm32f4xx_usart.o(i.USART_ITConfig), (74 bytes).
    Removing stm32f4xx_usart.o(i.USART_Init), (212 bytes).
    Removing stm32f4xx_usart.o(i.USART_IrDACmd), (24 bytes).
    Removing stm32f4xx_usart.o(i.USART_IrDAConfig), (18 bytes).
    Removing stm32f4xx_usart.o(i.USART_LINBreakDetectLengthConfig), (18 bytes).
    Removing stm32f4xx_usart.o(i.USART_LINCmd), (24 bytes).
    Removing stm32f4xx_usart.o(i.USART_OneBitMethodCmd), (24 bytes).
    Removing stm32f4xx_usart.o(i.USART_OverSampling8Cmd), (22 bytes).
    Removing stm32f4xx_usart.o(i.USART_ReceiverWakeUpCmd), (24 bytes).
    Removing stm32f4xx_usart.o(i.USART_SendBreak), (10 bytes).
    Removing stm32f4xx_usart.o(i.USART_SendData), (8 bytes).
    Removing stm32f4xx_usart.o(i.USART_SetAddress), (18 bytes).
    Removing stm32f4xx_usart.o(i.USART_SetGuardTime), (16 bytes).
    Removing stm32f4xx_usart.o(i.USART_SetPrescaler), (16 bytes).
    Removing stm32f4xx_usart.o(i.USART_SmartCardCmd), (24 bytes).
    Removing stm32f4xx_usart.o(i.USART_SmartCardNACKCmd), (24 bytes).
    Removing stm32f4xx_usart.o(i.USART_StructInit), (24 bytes).
    Removing stm32f4xx_usart.o(i.USART_WakeUpConfig), (18 bytes).
    Removing stm32f4xx_wwdg.o(.rev16_text), (4 bytes).
    Removing stm32f4xx_wwdg.o(.revsh_text), (4 bytes).
    Removing stm32f4xx_wwdg.o(.rrx_text), (6 bytes).
    Removing stm32f4xx_wwdg.o(i.WWDG_ClearFlag), (12 bytes).
    Removing stm32f4xx_wwdg.o(i.WWDG_DeInit), (22 bytes).
    Removing stm32f4xx_wwdg.o(i.WWDG_Enable), (16 bytes).
    Removing stm32f4xx_wwdg.o(i.WWDG_EnableIT), (12 bytes).
    Removing stm32f4xx_wwdg.o(i.WWDG_GetFlagStatus), (20 bytes).
    Removing stm32f4xx_wwdg.o(i.WWDG_SetCounter), (16 bytes).
    Removing stm32f4xx_wwdg.o(i.WWDG_SetPrescaler), (24 bytes).
    Removing stm32f4xx_wwdg.o(i.WWDG_SetWindowValue), (40 bytes).
    Removing stm32f4xx_it.o(.rev16_text), (4 bytes).
    Removing stm32f4xx_it.o(.revsh_text), (4 bytes).
    Removing stm32f4xx_it.o(.rrx_text), (6 bytes).
    Removing stm32f4xx_it.o(.constdata), (352 bytes).
    Removing misc.o(.rev16_text), (4 bytes).
    Removing misc.o(.revsh_text), (4 bytes).
    Removing misc.o(.rrx_text), (6 bytes).
    Removing misc.o(i.NVIC_PriorityGroupConfig), (20 bytes).
    Removing misc.o(i.NVIC_SetVectorTable), (20 bytes).
    Removing misc.o(i.NVIC_SystemLPConfig), (32 bytes).
    Removing misc.o(i.SysTick_CLKSourceConfig), (40 bytes).
    Removing system_stm32f4xx.o(.rev16_text), (4 bytes).
    Removing system_stm32f4xx.o(.revsh_text), (4 bytes).
    Removing system_stm32f4xx.o(.rrx_text), (6 bytes).
    Removing startup_stm32f40_41xxx.o(HEAP), (2 bytes).
    Removing main.o(.rev16_text), (4 bytes).
    Removing main.o(.revsh_text), (4 bytes).
    Removing main.o(.rrx_text), (6 bytes).
    Removing main.o(.constdata), (352 bytes).
    Removing adc.o(.rev16_text), (4 bytes).
    Removing adc.o(.revsh_text), (4 bytes).
    Removing adc.o(.rrx_text), (6 bytes).
    Removing adc.o(i.adc_get), (16 bytes).
    Removing adc.o(i.adc_init), (260 bytes).
    Removing adc.o(.data), (4 bytes).
    Removing can_protocol.o(.rev16_text), (4 bytes).
    Removing can_protocol.o(.revsh_text), (4 bytes).
    Removing can_protocol.o(.rrx_text), (6 bytes).
    Removing can_protocol.o(i.can_init), (248 bytes).
    Removing can_protocol.o(i.can_rx_add_filter), (116 bytes).
    Removing can_protocol.o(i.can_rx_init), (72 bytes).
    Removing can_protocol.o(i.can_tx_enqueue), (104 bytes).
    Removing can_protocol.o(i.can_tx_queue_clear), (16 bytes).
    Removing can_protocol.o(i.can_tx_queue_size), (32 bytes).
    Removing can_protocol.o(i.n_bytes_to_one), (32 bytes).
    Removing can_protocol.o(i.one_to_n_bytes), (24 bytes).
    Removing approx_math.o(.rev16_text), (4 bytes).
    Removing approx_math.o(.revsh_text), (4 bytes).
    Removing approx_math.o(.rrx_text), (6 bytes).
    Removing approx_math.o(i.int_arc_cos), (18 bytes).
    Removing approx_math.o(i.int_arc_sin), (126 bytes).
    Removing approx_math.o(i.int_arc_tan), (84 bytes).
    Removing approx_math.o(i.int_arc_tan2), (106 bytes).
    Removing approx_math.o(i.int_cos), (14 bytes).
    Removing approx_math.o(i.int_sin), (136 bytes).
    Removing approx_math.o(i.int_tan), (108 bytes).
    Removing approx_math.o(.data), (364 bytes).
    Removing encoder.o(.rev16_text), (4 bytes).
    Removing encoder.o(.revsh_text), (4 bytes).
    Removing encoder.o(.rrx_text), (6 bytes).
    Removing encoder.o(i.encoder_init), (160 bytes).
    Removing encoder.o(i.get_count), (16 bytes).
    Removing encoder.o(i.reset_encoder), (16 bytes).
    Removing uart.o(.rev16_text), (4 bytes).
    Removing uart.o(.revsh_text), (4 bytes).
    Removing uart.o(.rrx_text), (6 bytes).
    Removing uart.o(i.uart_init), (168 bytes).
    Removing uart.o(i.uart_interrupt), (68 bytes).
    Removing uart.o(i.uart_interrupt_init), (24 bytes).
    Removing uart.o(i.uart_rx_byte), (48 bytes).
    Removing uart.o(i.uart_tx), (32 bytes).
    Removing uart.o(i.uart_tx_byte), (52 bytes).
    Removing uart.o(i.uart_tx_printf), (54 bytes).
    Removing uart.o(.constdata), (120 bytes).
    Removing servo.o(.rev16_text), (4 bytes).
    Removing servo.o(.revsh_text), (4 bytes).
    Removing servo.o(.rrx_text), (6 bytes).
    Removing servo.o(i.servo_ccr_control), (116 bytes).
    Removing servo.o(i.servo_deg_control), (76 bytes).
    Removing servo.o(i.servo_init), (308 bytes).
    Removing servo.o(.constdata), (168 bytes).
    Removing ticks.o(.rev16_text), (4 bytes).
    Removing ticks.o(.revsh_text), (4 bytes).
    Removing ticks.o(.rrx_text), (6 bytes).
    Removing ticks.o(i._delay_us), (26 bytes).
    Removing gpio.o(.rev16_text), (4 bytes).
    Removing gpio.o(.revsh_text), (4 bytes).
    Removing gpio.o(.rrx_text), (6 bytes).
    Removing gpio.o(i.getPinSource), (156 bytes).
    Removing gpio.o(i.gpio_af_init), (72 bytes).
    Removing gpio.o(i.gpio_init), (48 bytes).
    Removing gpio.o(i.gpio_input_init), (36 bytes).
    Removing gpio.o(i.gpio_output_init), (48 bytes).
    Removing gpio.o(i.gpio_rcc_init), (140 bytes).
    Removing gpio.o(i.gpio_read_input), (14 bytes).
    Removing gpio.o(i.gpio_read_output), (14 bytes).
    Removing gpio.o(i.gpio_toggle), (26 bytes).
    Removing gpio.o(i.gpio_write), (18 bytes).
    Removing gpio.o(.constdata), (896 bytes).
    Removing trigon_math.o(.rev16_text), (4 bytes).
    Removing trigon_math.o(.revsh_text), (4 bytes).
    Removing trigon_math.o(.rrx_text), (6 bytes).
    Removing trigon_math.o(i.app_acos), (52 bytes).
    Removing trigon_math.o(i.app_asin), (52 bytes).
    Removing trigon_math.o(i.app_atan), (52 bytes).
    Removing trigon_math.o(i.app_atan2), (80 bytes).
    Removing trigon_math.o(i.app_cos), (48 bytes).
    Removing trigon_math.o(i.app_sin), (48 bytes).
    Removing trigon_math.o(i.app_tan), (62 bytes).
    Removing trigon_math.o(i.guess_tan), (68 bytes).
    Removing trigon_math.o(.constdata), (1028 bytes).
    Removing spi_protocol.o(.rev16_text), (4 bytes).
    Removing spi_protocol.o(.revsh_text), (4 bytes).
    Removing spi_protocol.o(.rrx_text), (6 bytes).
    Removing spi_protocol.o(i.spi_motor_init), (236 bytes).
    Removing spi_protocol.o(i.spi_motor_set_vel), (92 bytes).
    Removing spi_protocol.o(i.spi_reset_motor_pins), (40 bytes).
    Removing spi_protocol.o(i.spi_rx_byte), (36 bytes).
    Removing spi_protocol.o(i.spi_select_motor), (72 bytes).
    Removing spi_protocol.o(i.spi_tx_byte), (48 bytes).
    Removing spi_protocol.o(.data), (18 bytes).
    Removing buzzer.o(.rev16_text), (4 bytes).
    Removing buzzer.o(.revsh_text), (4 bytes).
    Removing buzzer.o(.rrx_text), (6 bytes).
    Removing buzzer.o(i.buzzer_check), (324 bytes).
    Removing buzzer.o(i.buzzer_control), (60 bytes).
    Removing buzzer.o(i.buzzer_control_note), (38 bytes).
    Removing buzzer.o(i.buzzer_dequeue), (76 bytes).
    Removing buzzer.o(i.buzzer_enqueue), (76 bytes).
    Removing buzzer.o(i.buzzer_init), (280 bytes).
    Removing buzzer.o(i.buzzer_off), (16 bytes).
    Removing buzzer.o(i.buzzer_on), (52 bytes).
    Removing buzzer.o(i.buzzer_play_song), (120 bytes).
    Removing buzzer.o(i.buzzer_set_note_period), (40 bytes).
    Removing buzzer.o(i.buzzer_set_volume), (16 bytes).
    Removing buzzer.o(i.buzzer_stop_song), (12 bytes).
    Removing buzzer.o(i.get_note_period), (60 bytes).
    Removing buzzer.o(.bss), (50 bytes).
    Removing buzzer.o(.constdata), (2 bytes).
    Removing buzzer.o(.data), (40 bytes).
    Removing led.o(.rev16_text), (4 bytes).
    Removing led.o(.revsh_text), (4 bytes).
    Removing led.o(.rrx_text), (6 bytes).
    Removing led.o(i.led_blink), (60 bytes).
    Removing led.o(i.led_control), (64 bytes).
    Removing led.o(i.led_init), (28 bytes).
    Removing led.o(.data), (5 bytes).
    Removing button.o(.rev16_text), (4 bytes).
    Removing button.o(.revsh_text), (4 bytes).
    Removing button.o(.rrx_text), (6 bytes).
    Removing button.o(i.btn_disable_onClickListener), (16 bytes).
    Removing button.o(i.btn_disable_onHoldListener), (16 bytes).
    Removing button.o(i.btn_disable_onReleaseListener), (16 bytes).
    Removing button.o(i.btn_init), (40 bytes).
    Removing button.o(i.btn_pressed), (60 bytes).
    Removing button.o(i.btn_reg_onClickListener), (12 bytes).
    Removing button.o(i.btn_reg_onHoldListener), (36 bytes).
    Removing button.o(i.btn_reg_onReleaseListener), (12 bytes).
    Removing button.o(i.btn_update), (180 bytes).
    Removing button.o(.bss), (288 bytes).
    Removing button.o(.constdata), (64 bytes).
    Removing lcd_main.o(.rev16_text), (4 bytes).
    Removing lcd_main.o(.revsh_text), (4 bytes).
    Removing lcd_main.o(.rrx_text), (6 bytes).
    Removing lcd_main.o(i.tft_disable), (12 bytes).
    Removing lcd_main.o(i.tft_enable), (12 bytes).
    Removing lcd_main.o(i.tft_force_clear), (76 bytes).
    Removing lcd_main.o(i.tft_get_orientation), (12 bytes).
    Removing lcd_main.o(i.tft_println), (320 bytes).
    Removing lcd_main.o(i.tft_put_logo), (7686 bytes).
    Removing lcd_main.o(i.tft_put_pixel), (104 bytes).
    Removing lcd_main.o(i.tft_set_pixel_pos), (78 bytes).
    Removing lcd_main.o(i.tft_stream), (2 bytes).
    Removing buzzer_song.o(.rev16_text), (4 bytes).
    Removing buzzer_song.o(.revsh_text), (4 bytes).
    Removing buzzer_song.o(.rrx_text), (6 bytes).
    Removing buzzer_song.o(.constdata), (864 bytes).
    Removing can_motor.o(.rev16_text), (4 bytes).
    Removing can_motor.o(.revsh_text), (4 bytes).
    Removing can_motor.o(.rrx_text), (6 bytes).
    Removing can_motor.o(i.can_motor_feedback_decoding), (64 bytes).
    Removing can_motor.o(i.can_motor_init), (24 bytes).
    Removing can_motor.o(i.get_encoder_value), (16 bytes).
    Removing can_motor.o(i.motor_lock), (34 bytes).
    Removing can_motor.o(i.motor_set_acceleration), (60 bytes).
    Removing can_motor.o(i.motor_set_pos), (110 bytes).
    Removing can_motor.o(i.motor_set_vel), (90 bytes).
    Removing can_motor.o(.bss), (64 bytes).
    Removing mti-1_uart.o(.rev16_text), (4 bytes).
    Removing mti-1_uart.o(.revsh_text), (4 bytes).
    Removing mti-1_uart.o(.rrx_text), (6 bytes).
    Removing mti-1_uart.o(i.MTi_1_UART_Rx), (688 bytes).
    Removing mti-1_uart.o(i.MTi_1_UART_init), (100 bytes).
    Removing mti-1_uart.o(i.MTi_1_reset), (60 bytes).
    Removing mti-1_uart.o(i.clear_buffer), (20 bytes).
    Removing mti-1_uart.o(i.flt_cal), (122 bytes).
    Removing mti-1_uart.o(i.get_MTi_acc), (16 bytes).
    Removing mti-1_uart.o(i.get_MTi_ang), (16 bytes).
    Removing mti-1_uart.o(i.send_MTi_1_UART_msg), (144 bytes).
    Removing mti-1_uart.o(.bss), (24 bytes).
    Removing mti-1_uart.o(.constdata), (120 bytes).
    Removing mti-1_uart.o(.data), (22 bytes).
    Removing ir_gp2y0a41sk.o(.rev16_text), (4 bytes).
    Removing ir_gp2y0a41sk.o(.revsh_text), (4 bytes).
    Removing ir_gp2y0a41sk.o(.rrx_text), (6 bytes).
    Removing ir_gp2y0a41sk.o(i.get_gp2y_dis), (24 bytes).
    Removing laser_dt50.o(.rev16_text), (4 bytes).
    Removing laser_dt50.o(.revsh_text), (4 bytes).
    Removing laser_dt50.o(.rrx_text), (6 bytes).
    Removing laser_dt50.o(i.get_ls_adc_reading), (28 bytes).
    Removing laser_dt50.o(i.get_ls_cal_reading), (148 bytes).
    Removing laser_dt50.o(.bss), (20 bytes).
    Removing laser_dt50.o(.constdata), (40 bytes).
    Removing pneumatic.o(.rev16_text), (4 bytes).
    Removing pneumatic.o(.revsh_text), (4 bytes).
    Removing pneumatic.o(.rrx_text), (6 bytes).
    Removing pneumatic.o(i.pneu_control), (24 bytes).
    Removing pneumatic.o(i.pneu_init), (36 bytes).
    Removing pneumatic.o(i.pneu_toggle), (20 bytes).
    Removing pneumatic.o(.data), (56 bytes).
    Removing gyro.o(.rev16_text), (4 bytes).
    Removing gyro.o(.revsh_text), (4 bytes).
    Removing gyro.o(.rrx_text), (6 bytes).
    Removing gyro.o(i.get_X), (88 bytes).
    Removing gyro.o(i.get_Y), (88 bytes).
    Removing gyro.o(i.get_angle), (12 bytes).
    Removing gyro.o(i.get_pos), (8 bytes).
    Removing gyro.o(i.gyro_cal), (100 bytes).
    Removing gyro.o(i.gyro_get_shift_x), (12 bytes).
    Removing gyro.o(i.gyro_get_shift_y), (12 bytes).
    Removing gyro.o(i.gyro_init), (28 bytes).
    Removing gyro.o(i.gyro_pos_set), (148 bytes).
    Removing gyro.o(i.gyro_pos_update), (28 bytes).
    Removing gyro.o(i.gyro_rx_handler), (392 bytes).
    Removing gyro.o(i.minus_x), (16 bytes).
    Removing gyro.o(i.minus_y), (16 bytes).
    Removing gyro.o(i.plus_x), (16 bytes).
    Removing gyro.o(i.plus_y), (16 bytes).
    Removing gyro.o(.bss), (10 bytes).
    Removing gyro.o(.constdata), (120 bytes).
    Removing gyro.o(.data), (23 bytes).
    Removing xbc_mb.o(.rev16_text), (4 bytes).
    Removing xbc_mb.o(.revsh_text), (4 bytes).
    Removing xbc_mb.o(.rrx_text), (6 bytes).
    Removing xbc_mb.o(i.xbc_get_connection), (4 bytes).
    Removing xbc_mb.o(i.xbc_get_digital), (10 bytes).
    Removing xbc_mb.o(i.xbc_get_joy), (12 bytes).
    Removing xbc_mb.o(i.xbc_get_joy_raw), (12 bytes).
    Removing xbc_mb.o(i.xbc_get_priority), (12 bytes).
    Removing xbc_mb.o(i.xbc_mb_init), (12 bytes).
    Removing xbc_mb.o(.data), (1 bytes).
    Removing spi_xbc_mb.o(.rev16_text), (4 bytes).
    Removing spi_xbc_mb.o(.revsh_text), (4 bytes).
    Removing spi_xbc_mb.o(.rrx_text), (6 bytes).
    Removing arm_cos_q15.o(.rev16_text), (4 bytes).
    Removing arm_cos_q15.o(.revsh_text), (4 bytes).
    Removing arm_cos_q15.o(.text), (168 bytes).
    Removing arm_cos_q15.o(.constdata), (518 bytes).
    Removing arm_sin_q15.o(.rev16_text), (4 bytes).
    Removing arm_sin_q15.o(.revsh_text), (4 bytes).
    Removing arm_sin_q15.o(.text), (164 bytes).
    Removing arm_sin_q15.o(.constdata), (518 bytes).
    Removing approx_math.o(i.Sqrt), (128 bytes).

1047 unused section(s) (total 58563 bytes) removed from the image.

==============================================================================

Image Symbol Table

    Local Symbols

    Symbol Name                              Value     Ov Type        Size  Object(Section)

    ../clib/../cmprslib/zerorunl2.c          0x00000000   Number         0  __dczerorl2.o ABSOLUTE
    ../clib/microlib/division.c              0x00000000   Number         0  uldiv.o ABSOLUTE
    ../clib/microlib/division.c              0x00000000   Number         0  uidiv.o ABSOLUTE
    ../clib/microlib/errno.c                 0x00000000   Number         0  errno.o ABSOLUTE
    ../clib/microlib/init/entry.s            0x00000000   Number         0  entry2.o ABSOLUTE
    ../clib/microlib/init/entry.s            0x00000000   Number         0  entry5.o ABSOLUTE
    ../clib/microlib/init/entry.s            0x00000000   Number         0  entry7a.o ABSOLUTE
    ../clib/microlib/init/entry.s            0x00000000   Number         0  entry7b.o ABSOLUTE
    ../clib/microlib/init/entry.s            0x00000000   Number         0  entry8a.o ABSOLUTE
    ../clib/microlib/init/entry.s            0x00000000   Number         0  entry8b.o ABSOLUTE
    ../clib/microlib/init/entry.s            0x00000000   Number         0  entry9a.o ABSOLUTE
    ../clib/microlib/init/entry.s            0x00000000   Number         0  entry10b.o ABSOLUTE
    ../clib/microlib/init/entry.s            0x00000000   Number         0  entry11a.o ABSOLUTE
    ../clib/microlib/init/entry.s            0x00000000   Number         0  entry11b.o ABSOLUTE
    ../clib/microlib/init/entry.s            0x00000000   Number         0  entry9b.o ABSOLUTE
    ../clib/microlib/init/entry.s            0x00000000   Number         0  entry10a.o ABSOLUTE
    ../clib/microlib/init/entry.s            0x00000000   Number         0  entry.o ABSOLUTE
    ../clib/microlib/longlong.c              0x00000000   Number         0  llsshr.o ABSOLUTE
    ../clib/microlib/longlong.c              0x00000000   Number         0  llushr.o ABSOLUTE
    ../clib/microlib/longlong.c              0x00000000   Number         0  llshl.o ABSOLUTE
    ../clib/microlib/malloc/malloc.c         0x00000000   Number         0  malloc.o ABSOLUTE
    ../clib/microlib/malloc/malloc.c         0x00000000   Number         0  malloca.o ABSOLUTE
    ../clib/microlib/malloc/malloc.c         0x00000000   Number         0  mallocr.o ABSOLUTE
    ../clib/microlib/malloc/malloc.c         0x00000000   Number         0  mallocra.o ABSOLUTE
    ../clib/microlib/malloc/mvars.c          0x00000000   Number         0  mvars.o ABSOLUTE
    ../clib/microlib/printf/printf.c         0x00000000   Number         0  printfa.o ABSOLUTE
    ../clib/microlib/stdio/fputc.c           0x00000000   Number         0  fputc.o ABSOLUTE
    ../clib/microlib/stdio/semi.s            0x00000000   Number         0  semi.o ABSOLUTE
    ../clib/microlib/stdio/streams.c         0x00000000   Number         0  stdout.o ABSOLUTE
    ../clib/microlib/string/memcpy.c         0x00000000   Number         0  memcpya.o ABSOLUTE
    ../clib/microlib/string/memcpy.c         0x00000000   Number         0  memcpyb.o ABSOLUTE
    ../clib/microlib/stubs.s                 0x00000000   Number         0  iusesemip.o ABSOLUTE
    ../clib/microlib/stubs.s                 0x00000000   Number         0  iusefp.o ABSOLUTE
    ../fplib/microlib/fpadd.c                0x00000000   Number         0  dadd.o ABSOLUTE
    ../fplib/microlib/fpdiv.c                0x00000000   Number         0  ddiv.o ABSOLUTE
    ../fplib/microlib/fpepilogue.c           0x00000000   Number         0  depilogue.o ABSOLUTE
    ../fplib/microlib/fpfix.c                0x00000000   Number         0  dfixul.o ABSOLUTE
    ../fplib/microlib/fpmul.c                0x00000000   Number         0  dmul.o ABSOLUTE
    ../mathlib/acosf.c                       0x00000000   Number         0  acosf_x.o ABSOLUTE
    ../mathlib/acosf.c                       0x00000000   Number         0  acosf.o ABSOLUTE
    ../mathlib/asinf.c                       0x00000000   Number         0  asinf_x.o ABSOLUTE
    ../mathlib/asinf.c                       0x00000000   Number         0  asinf.o ABSOLUTE
    ../mathlib/atan2f.c                      0x00000000   Number         0  atan2f.o ABSOLUTE
    ../mathlib/atan2f.c                      0x00000000   Number         0  atan2f_x.o ABSOLUTE
    ../mathlib/atanf.c                       0x00000000   Number         0  atanf_x.o ABSOLUTE
    ../mathlib/atanf.c                       0x00000000   Number         0  atanf.o ABSOLUTE
    ../mathlib/fpclassifyf.c                 0x00000000   Number         0  fpclassifyf.o ABSOLUTE
    ../mathlib/funder.c                      0x00000000   Number         0  funder.o ABSOLUTE
    ../mathlib/sqrtf.c                       0x00000000   Number         0  sqrtf_x.o ABSOLUTE
    ../mathlib/sqrtf.c                       0x00000000   Number         0  sqrtf.o ABSOLUTE
    ..\FastMathFunctions\arm_cos_q15.c       0x00000000   Number         0  arm_cos_q15.o ABSOLUTE
    ..\FastMathFunctions\arm_sin_q15.c       0x00000000   Number         0  arm_sin_q15.o ABSOLUTE
    ..\\FastMathFunctions\\arm_cos_q15.c     0x00000000   Number         0  arm_cos_q15.o ABSOLUTE
    ..\\FastMathFunctions\\arm_sin_q15.c     0x00000000   Number         0  arm_sin_q15.o ABSOLUTE
    cdrcmple.s                               0x00000000   Number         0  cdrcmple.o ABSOLUTE
    core\\adc.c                              0x00000000   Number         0  adc.o ABSOLUTE
    core\\approx_math.c                      0x00000000   Number         0  approx_math.o ABSOLUTE
    core\\can_protocol.c                     0x00000000   Number         0  can_protocol.o ABSOLUTE
    core\\encoder.c                          0x00000000   Number         0  encoder.o ABSOLUTE
    core\\gpio.c                             0x00000000   Number         0  gpio.o ABSOLUTE
    core\\servo.c                            0x00000000   Number         0  servo.o ABSOLUTE
    core\\spi_protocol.c                     0x00000000   Number         0  spi_protocol.o ABSOLUTE
    core\\ticks.c                            0x00000000   Number         0  ticks.o ABSOLUTE
    core\\trigon_math.c                      0x00000000   Number         0  trigon_math.o ABSOLUTE
    core\\uart.c                             0x00000000   Number         0  uart.o ABSOLUTE
    core\adc.c                               0x00000000   Number         0  adc.o ABSOLUTE
    core\approx_math.c                       0x00000000   Number         0  approx_math.o ABSOLUTE
    core\can_protocol.c                      0x00000000   Number         0  can_protocol.o ABSOLUTE
    core\encoder.c                           0x00000000   Number         0  encoder.o ABSOLUTE
    core\gpio.c                              0x00000000   Number         0  gpio.o ABSOLUTE
    core\servo.c                             0x00000000   Number         0  servo.o ABSOLUTE
    core\spi_protocol.c                      0x00000000   Number         0  spi_protocol.o ABSOLUTE
    core\ticks.c                             0x00000000   Number         0  ticks.o ABSOLUTE
    core\trigon_math.c                       0x00000000   Number         0  trigon_math.o ABSOLUTE
    core\uart.c                              0x00000000   Number         0  uart.o ABSOLUTE
    dc.s                                     0x00000000   Number         0  dc.o ABSOLUTE
    ext\IR_GP2Y0A41SK.c                      0x00000000   Number         0  ir_gp2y0a41sk.o ABSOLUTE
    ext\LASER_DT50.c                         0x00000000   Number         0  laser_dt50.o ABSOLUTE
    ext\MTi-1_UART.c                         0x00000000   Number         0  mti-1_uart.o ABSOLUTE
    ext\\IR_GP2Y0A41SK.c                     0x00000000   Number         0  ir_gp2y0a41sk.o ABSOLUTE
    ext\\LASER_DT50.c                        0x00000000   Number         0  laser_dt50.o ABSOLUTE
    ext\\MTi-1_UART.c                        0x00000000   Number         0  mti-1_uart.o ABSOLUTE
    ext\\button.c                            0x00000000   Number         0  button.o ABSOLUTE
    ext\\buzzer.c                            0x00000000   Number         0  buzzer.o ABSOLUTE
    ext\\buzzer_song.c                       0x00000000   Number         0  buzzer_song.o ABSOLUTE
    ext\\can_motor.c                         0x00000000   Number         0  can_motor.o ABSOLUTE
    ext\\gyro.c                              0x00000000   Number         0  gyro.o ABSOLUTE
    ext\\lcd_main.c                          0x00000000   Number         0  lcd_main.o ABSOLUTE
    ext\\led.c                               0x00000000   Number         0  led.o ABSOLUTE
    ext\\pneumatic.c                         0x00000000   Number         0  pneumatic.o ABSOLUTE
    ext\\spi_xbc_mb.c                        0x00000000   Number         0  spi_xbc_mb.o ABSOLUTE
    ext\\xbc_mb.c                            0x00000000   Number         0  xbc_mb.o ABSOLUTE
    ext\button.c                             0x00000000   Number         0  button.o ABSOLUTE
    ext\buzzer.c                             0x00000000   Number         0  buzzer.o ABSOLUTE
    ext\buzzer_song.c                        0x00000000   Number         0  buzzer_song.o ABSOLUTE
    ext\can_motor.c                          0x00000000   Number         0  can_motor.o ABSOLUTE
    ext\gyro.c                               0x00000000   Number         0  gyro.o ABSOLUTE
    ext\lcd_main.c                           0x00000000   Number         0  lcd_main.o ABSOLUTE
    ext\led.c                                0x00000000   Number         0  led.o ABSOLUTE
    ext\pneumatic.c                          0x00000000   Number         0  pneumatic.o ABSOLUTE
    ext\spi_xbc_mb.c                         0x00000000   Number         0  spi_xbc_mb.o ABSOLUTE
    ext\xbc_mb.c                             0x00000000   Number         0  xbc_mb.o ABSOLUTE
    handlers.s                               0x00000000   Number         0  handlers.o ABSOLUTE
    init.s                                   0x00000000   Number         0  init.o ABSOLUTE
    sys\Device\ST\STM32F4xx\Source\Templates\arm\startup_stm32f40_41xxx.s 0x00000000   Number         0  startup_stm32f40_41xxx.o ABSOLUTE
    sys\Libraries\STM32F4xx_StdPeriph_Driver\src\misc.c 0x00000000   Number         0  misc.o ABSOLUTE
    sys\Libraries\STM32F4xx_StdPeriph_Driver\src\stm32f4xx_adc.c 0x00000000   Number         0  stm32f4xx_adc.o ABSOLUTE
    sys\Libraries\STM32F4xx_StdPeriph_Driver\src\stm32f4xx_can.c 0x00000000   Number         0  stm32f4xx_can.o ABSOLUTE
    sys\Libraries\STM32F4xx_StdPeriph_Driver\src\stm32f4xx_cec.c 0x00000000   Number         0  stm32f4xx_cec.o ABSOLUTE
    sys\Libraries\STM32F4xx_StdPeriph_Driver\src\stm32f4xx_crc.c 0x00000000   Number         0  stm32f4xx_crc.o ABSOLUTE
    sys\Libraries\STM32F4xx_StdPeriph_Driver\src\stm32f4xx_cryp.c 0x00000000   Number         0  stm32f4xx_cryp.o ABSOLUTE
    sys\Libraries\STM32F4xx_StdPeriph_Driver\src\stm32f4xx_cryp_aes.c 0x00000000   Number         0  stm32f4xx_cryp_aes.o ABSOLUTE
    sys\Libraries\STM32F4xx_StdPeriph_Driver\src\stm32f4xx_cryp_des.c 0x00000000   Number         0  stm32f4xx_cryp_des.o ABSOLUTE
    sys\Libraries\STM32F4xx_StdPeriph_Driver\src\stm32f4xx_cryp_tdes.c 0x00000000   Number         0  stm32f4xx_cryp_tdes.o ABSOLUTE
    sys\Libraries\STM32F4xx_StdPeriph_Driver\src\stm32f4xx_dac.c 0x00000000   Number         0  stm32f4xx_dac.o ABSOLUTE
    sys\Libraries\STM32F4xx_StdPeriph_Driver\src\stm32f4xx_dbgmcu.c 0x00000000   Number         0  stm32f4xx_dbgmcu.o ABSOLUTE
    sys\Libraries\STM32F4xx_StdPeriph_Driver\src\stm32f4xx_dcmi.c 0x00000000   Number         0  stm32f4xx_dcmi.o ABSOLUTE
    sys\Libraries\STM32F4xx_StdPeriph_Driver\src\stm32f4xx_dma.c 0x00000000   Number         0  stm32f4xx_dma.o ABSOLUTE
    sys\Libraries\STM32F4xx_StdPeriph_Driver\src\stm32f4xx_dma2d.c 0x00000000   Number         0  stm32f4xx_dma2d.o ABSOLUTE
    sys\Libraries\STM32F4xx_StdPeriph_Driver\src\stm32f4xx_dsi.c 0x00000000   Number         0  stm32f4xx_dsi.o ABSOLUTE
    sys\Libraries\STM32F4xx_StdPeriph_Driver\src\stm32f4xx_exti.c 0x00000000   Number         0  stm32f4xx_exti.o ABSOLUTE
    sys\Libraries\STM32F4xx_StdPeriph_Driver\src\stm32f4xx_flash.c 0x00000000   Number         0  stm32f4xx_flash.o ABSOLUTE
    sys\Libraries\STM32F4xx_StdPeriph_Driver\src\stm32f4xx_flash_ramfunc.c 0x00000000   Number         0  stm32f4xx_flash_ramfunc.o ABSOLUTE
    sys\Libraries\STM32F4xx_StdPeriph_Driver\src\stm32f4xx_fmpi2c.c 0x00000000   Number         0  stm32f4xx_fmpi2c.o ABSOLUTE
    sys\Libraries\STM32F4xx_StdPeriph_Driver\src\stm32f4xx_fsmc.c 0x00000000   Number         0  stm32f4xx_fsmc.o ABSOLUTE
    sys\Libraries\STM32F4xx_StdPeriph_Driver\src\stm32f4xx_gpio.c 0x00000000   Number         0  stm32f4xx_gpio.o ABSOLUTE
    sys\Libraries\STM32F4xx_StdPeriph_Driver\src\stm32f4xx_hash.c 0x00000000   Number         0  stm32f4xx_hash.o ABSOLUTE
    sys\Libraries\STM32F4xx_StdPeriph_Driver\src\stm32f4xx_hash_md5.c 0x00000000   Number         0  stm32f4xx_hash_md5.o ABSOLUTE
    sys\Libraries\STM32F4xx_StdPeriph_Driver\src\stm32f4xx_hash_sha1.c 0x00000000   Number         0  stm32f4xx_hash_sha1.o ABSOLUTE
    sys\Libraries\STM32F4xx_StdPeriph_Driver\src\stm32f4xx_i2c.c 0x00000000   Number         0  stm32f4xx_i2c.o ABSOLUTE
    sys\Libraries\STM32F4xx_StdPeriph_Driver\src\stm32f4xx_iwdg.c 0x00000000   Number         0  stm32f4xx_iwdg.o ABSOLUTE
    sys\Libraries\STM32F4xx_StdPeriph_Driver\src\stm32f4xx_lptim.c 0x00000000   Number         0  stm32f4xx_lptim.o ABSOLUTE
    sys\Libraries\STM32F4xx_StdPeriph_Driver\src\stm32f4xx_ltdc.c 0x00000000   Number         0  stm32f4xx_ltdc.o ABSOLUTE
    sys\Libraries\STM32F4xx_StdPeriph_Driver\src\stm32f4xx_pwr.c 0x00000000   Number         0  stm32f4xx_pwr.o ABSOLUTE
    sys\Libraries\STM32F4xx_StdPeriph_Driver\src\stm32f4xx_qspi.c 0x00000000   Number         0  stm32f4xx_qspi.o ABSOLUTE
    sys\Libraries\STM32F4xx_StdPeriph_Driver\src\stm32f4xx_rcc.c 0x00000000   Number         0  stm32f4xx_rcc.o ABSOLUTE
    sys\Libraries\STM32F4xx_StdPeriph_Driver\src\stm32f4xx_rng.c 0x00000000   Number         0  stm32f4xx_rng.o ABSOLUTE
    sys\Libraries\STM32F4xx_StdPeriph_Driver\src\stm32f4xx_rtc.c 0x00000000   Number         0  stm32f4xx_rtc.o ABSOLUTE
    sys\Libraries\STM32F4xx_StdPeriph_Driver\src\stm32f4xx_sai.c 0x00000000   Number         0  stm32f4xx_sai.o ABSOLUTE
    sys\Libraries\STM32F4xx_StdPeriph_Driver\src\stm32f4xx_sdio.c 0x00000000   Number         0  stm32f4xx_sdio.o ABSOLUTE
    sys\Libraries\STM32F4xx_StdPeriph_Driver\src\stm32f4xx_spdifrx.c 0x00000000   Number         0  stm32f4xx_spdifrx.o ABSOLUTE
    sys\Libraries\STM32F4xx_StdPeriph_Driver\src\stm32f4xx_spi.c 0x00000000   Number         0  stm32f4xx_spi.o ABSOLUTE
    sys\Libraries\STM32F4xx_StdPeriph_Driver\src\stm32f4xx_syscfg.c 0x00000000   Number         0  stm32f4xx_syscfg.o ABSOLUTE
    sys\Libraries\STM32F4xx_StdPeriph_Driver\src\stm32f4xx_tim.c 0x00000000   Number         0  stm32f4xx_tim.o ABSOLUTE
    sys\Libraries\STM32F4xx_StdPeriph_Driver\src\stm32f4xx_usart.c 0x00000000   Number         0  stm32f4xx_usart.o ABSOLUTE
    sys\Libraries\STM32F4xx_StdPeriph_Driver\src\stm32f4xx_wwdg.c 0x00000000   Number         0  stm32f4xx_wwdg.o ABSOLUTE
    sys\\Libraries\\STM32F4xx_StdPeriph_Driver\\src\\misc.c 0x00000000   Number         0  misc.o ABSOLUTE
    sys\\Libraries\\STM32F4xx_StdPeriph_Driver\\src\\stm32f4xx_adc.c 0x00000000   Number         0  stm32f4xx_adc.o ABSOLUTE
    sys\\Libraries\\STM32F4xx_StdPeriph_Driver\\src\\stm32f4xx_can.c 0x00000000   Number         0  stm32f4xx_can.o ABSOLUTE
    sys\\Libraries\\STM32F4xx_StdPeriph_Driver\\src\\stm32f4xx_cec.c 0x00000000   Number         0  stm32f4xx_cec.o ABSOLUTE
    sys\\Libraries\\STM32F4xx_StdPeriph_Driver\\src\\stm32f4xx_crc.c 0x00000000   Number         0  stm32f4xx_crc.o ABSOLUTE
    sys\\Libraries\\STM32F4xx_StdPeriph_Driver\\src\\stm32f4xx_cryp.c 0x00000000   Number         0  stm32f4xx_cryp.o ABSOLUTE
    sys\\Libraries\\STM32F4xx_StdPeriph_Driver\\src\\stm32f4xx_cryp_aes.c 0x00000000   Number         0  stm32f4xx_cryp_aes.o ABSOLUTE
    sys\\Libraries\\STM32F4xx_StdPeriph_Driver\\src\\stm32f4xx_cryp_des.c 0x00000000   Number         0  stm32f4xx_cryp_des.o ABSOLUTE
    sys\\Libraries\\STM32F4xx_StdPeriph_Driver\\src\\stm32f4xx_cryp_tdes.c 0x00000000   Number         0  stm32f4xx_cryp_tdes.o ABSOLUTE
    sys\\Libraries\\STM32F4xx_StdPeriph_Driver\\src\\stm32f4xx_dac.c 0x00000000   Number         0  stm32f4xx_dac.o ABSOLUTE
    sys\\Libraries\\STM32F4xx_StdPeriph_Driver\\src\\stm32f4xx_dbgmcu.c 0x00000000   Number         0  stm32f4xx_dbgmcu.o ABSOLUTE
    sys\\Libraries\\STM32F4xx_StdPeriph_Driver\\src\\stm32f4xx_dcmi.c 0x00000000   Number         0  stm32f4xx_dcmi.o ABSOLUTE
    sys\\Libraries\\STM32F4xx_StdPeriph_Driver\\src\\stm32f4xx_dma.c 0x00000000   Number         0  stm32f4xx_dma.o ABSOLUTE
    sys\\Libraries\\STM32F4xx_StdPeriph_Driver\\src\\stm32f4xx_dma2d.c 0x00000000   Number         0  stm32f4xx_dma2d.o ABSOLUTE
    sys\\Libraries\\STM32F4xx_StdPeriph_Driver\\src\\stm32f4xx_dsi.c 0x00000000   Number         0  stm32f4xx_dsi.o ABSOLUTE
    sys\\Libraries\\STM32F4xx_StdPeriph_Driver\\src\\stm32f4xx_exti.c 0x00000000   Number         0  stm32f4xx_exti.o ABSOLUTE
    sys\\Libraries\\STM32F4xx_StdPeriph_Driver\\src\\stm32f4xx_flash.c 0x00000000   Number         0  stm32f4xx_flash.o ABSOLUTE
    sys\\Libraries\\STM32F4xx_StdPeriph_Driver\\src\\stm32f4xx_flash_ramfunc.c 0x00000000   Number         0  stm32f4xx_flash_ramfunc.o ABSOLUTE
    sys\\Libraries\\STM32F4xx_StdPeriph_Driver\\src\\stm32f4xx_fmpi2c.c 0x00000000   Number         0  stm32f4xx_fmpi2c.o ABSOLUTE
    sys\\Libraries\\STM32F4xx_StdPeriph_Driver\\src\\stm32f4xx_fsmc.c 0x00000000   Number         0  stm32f4xx_fsmc.o ABSOLUTE
    sys\\Libraries\\STM32F4xx_StdPeriph_Driver\\src\\stm32f4xx_gpio.c 0x00000000   Number         0  stm32f4xx_gpio.o ABSOLUTE
    sys\\Libraries\\STM32F4xx_StdPeriph_Driver\\src\\stm32f4xx_hash.c 0x00000000   Number         0  stm32f4xx_hash.o ABSOLUTE
    sys\\Libraries\\STM32F4xx_StdPeriph_Driver\\src\\stm32f4xx_hash_md5.c 0x00000000   Number         0  stm32f4xx_hash_md5.o ABSOLUTE
    sys\\Libraries\\STM32F4xx_StdPeriph_Driver\\src\\stm32f4xx_hash_sha1.c 0x00000000   Number         0  stm32f4xx_hash_sha1.o ABSOLUTE
    sys\\Libraries\\STM32F4xx_StdPeriph_Driver\\src\\stm32f4xx_i2c.c 0x00000000   Number         0  stm32f4xx_i2c.o ABSOLUTE
    sys\\Libraries\\STM32F4xx_StdPeriph_Driver\\src\\stm32f4xx_iwdg.c 0x00000000   Number         0  stm32f4xx_iwdg.o ABSOLUTE
    sys\\Libraries\\STM32F4xx_StdPeriph_Driver\\src\\stm32f4xx_lptim.c 0x00000000   Number         0  stm32f4xx_lptim.o ABSOLUTE
    sys\\Libraries\\STM32F4xx_StdPeriph_Driver\\src\\stm32f4xx_ltdc.c 0x00000000   Number         0  stm32f4xx_ltdc.o ABSOLUTE
    sys\\Libraries\\STM32F4xx_StdPeriph_Driver\\src\\stm32f4xx_pwr.c 0x00000000   Number         0  stm32f4xx_pwr.o ABSOLUTE
    sys\\Libraries\\STM32F4xx_StdPeriph_Driver\\src\\stm32f4xx_qspi.c 0x00000000   Number         0  stm32f4xx_qspi.o ABSOLUTE
    sys\\Libraries\\STM32F4xx_StdPeriph_Driver\\src\\stm32f4xx_rcc.c 0x00000000   Number         0  stm32f4xx_rcc.o ABSOLUTE
    sys\\Libraries\\STM32F4xx_StdPeriph_Driver\\src\\stm32f4xx_rng.c 0x00000000   Number         0  stm32f4xx_rng.o ABSOLUTE
    sys\\Libraries\\STM32F4xx_StdPeriph_Driver\\src\\stm32f4xx_rtc.c 0x00000000   Number         0  stm32f4xx_rtc.o ABSOLUTE
    sys\\Libraries\\STM32F4xx_StdPeriph_Driver\\src\\stm32f4xx_sai.c 0x00000000   Number         0  stm32f4xx_sai.o ABSOLUTE
    sys\\Libraries\\STM32F4xx_StdPeriph_Driver\\src\\stm32f4xx_sdio.c 0x00000000   Number         0  stm32f4xx_sdio.o ABSOLUTE
    sys\\Libraries\\STM32F4xx_StdPeriph_Driver\\src\\stm32f4xx_spdifrx.c 0x00000000   Number         0  stm32f4xx_spdifrx.o ABSOLUTE
    sys\\Libraries\\STM32F4xx_StdPeriph_Driver\\src\\stm32f4xx_spi.c 0x00000000   Number         0  stm32f4xx_spi.o ABSOLUTE
    sys\\Libraries\\STM32F4xx_StdPeriph_Driver\\src\\stm32f4xx_syscfg.c 0x00000000   Number         0  stm32f4xx_syscfg.o ABSOLUTE
    sys\\Libraries\\STM32F4xx_StdPeriph_Driver\\src\\stm32f4xx_tim.c 0x00000000   Number         0  stm32f4xx_tim.o ABSOLUTE
    sys\\Libraries\\STM32F4xx_StdPeriph_Driver\\src\\stm32f4xx_usart.c 0x00000000   Number         0  stm32f4xx_usart.o ABSOLUTE
    sys\\Libraries\\STM32F4xx_StdPeriph_Driver\\src\\stm32f4xx_wwdg.c 0x00000000   Number         0  stm32f4xx_wwdg.o ABSOLUTE
    sys\\stm32f4xx_it.c                      0x00000000   Number         0  stm32f4xx_it.o ABSOLUTE
    sys\\system_stm32f4xx.c                  0x00000000   Number         0  system_stm32f4xx.o ABSOLUTE
    sys\stm32f4xx_it.c                       0x00000000   Number         0  stm32f4xx_it.o ABSOLUTE
    sys\system_stm32f4xx.c                   0x00000000   Number         0  system_stm32f4xx.o ABSOLUTE
    user\\main.c                             0x00000000   Number         0  main.o ABSOLUTE
    user\main.c                              0x00000000   Number         0  main.o ABSOLUTE
    RESET                                    0x08000000   Section      392  startup_stm32f40_41xxx.o(RESET)
    .ARM.Collect$$$$00000000                 0x08000188   Section        0  entry.o(.ARM.Collect$$$$00000000)
    .ARM.Collect$$$$00000001                 0x08000188   Section        4  entry2.o(.ARM.Collect$$$$00000001)
    .ARM.Collect$$$$00000004                 0x0800018c   Section        4  entry5.o(.ARM.Collect$$$$00000004)
    .ARM.Collect$$$$00000008                 0x08000190   Section        0  entry7b.o(.ARM.Collect$$$$00000008)
    .ARM.Collect$$$$0000000A                 0x08000190   Section        0  entry8b.o(.ARM.Collect$$$$0000000A)
    .ARM.Collect$$$$0000000B                 0x08000190   Section        8  entry9a.o(.ARM.Collect$$$$0000000B)
    .ARM.Collect$$$$0000000D                 0x08000198   Section        0  entry10a.o(.ARM.Collect$$$$0000000D)
    .ARM.Collect$$$$0000000F                 0x08000198   Section        0  entry11a.o(.ARM.Collect$$$$0000000F)
    .ARM.Collect$$$$00002712                 0x08000198   Section        4  entry2.o(.ARM.Collect$$$$00002712)
    __lit__00000000                          0x08000198   Data           4  entry2.o(.ARM.Collect$$$$00002712)
    .text                                    0x0800019c   Section       36  startup_stm32f40_41xxx.o(.text)
    $v0                                      0x0800019c   Number         0  startup_stm32f40_41xxx.o(.text)
    .text                                    0x080001c0   Section        0  uldiv.o(.text)
    .text                                    0x08000222   Section        0  memcpya.o(.text)
    .text                                    0x08000246   Section        0  uidiv.o(.text)
    .text                                    0x08000272   Section        0  llshl.o(.text)
    .text                                    0x08000290   Section        0  llushr.o(.text)
    .text                                    0x080002b0   Section        0  dadd.o(.text)
    .text                                    0x080002b0   Section        0  iusefp.o(.text)
    .text                                    0x080003fe   Section        0  dmul.o(.text)
    .text                                    0x080004e2   Section        0  ddiv.o(.text)
    .text                                    0x080005c0   Section        0  dfixul.o(.text)
    .text                                    0x080005f0   Section       48  cdrcmple.o(.text)
    .text                                    0x08000620   Section       36  init.o(.text)
    .text                                    0x08000644   Section        0  llsshr.o(.text)
    .text                                    0x08000668   Section        0  depilogue.o(.text)
    .text                                    0x08000722   Section        0  __dczerorl2.o(.text)
    i.BusFault_Handler                       0x08000778   Section        0  stm32f4xx_it.o(i.BusFault_Handler)
    i.CAN1_RX0_IRQHandler                    0x0800077c   Section        0  can_protocol.o(i.CAN1_RX0_IRQHandler)
    i.CAN1_RX1_IRQHandler                    0x080007dc   Section        0  can_protocol.o(i.CAN1_RX1_IRQHandler)
    i.CAN1_TX_IRQHandler                     0x0800083c   Section        0  can_protocol.o(i.CAN1_TX_IRQHandler)
    i.CAN_ClearITPendingBit                  0x0800085c   Section        0  stm32f4xx_can.o(i.CAN_ClearITPendingBit)
    i.CAN_GetITStatus                        0x08000904   Section        0  stm32f4xx_can.o(i.CAN_GetITStatus)
    i.CAN_Receive                            0x08000a24   Section        0  stm32f4xx_can.o(i.CAN_Receive)
    i.CAN_Transmit                           0x08000b14   Section        0  stm32f4xx_can.o(i.CAN_Transmit)
    i.CheckITStatus                          0x08000c3a   Section        0  stm32f4xx_can.o(i.CheckITStatus)
    CheckITStatus                            0x08000c3b   Thumb Code    18  stm32f4xx_can.o(i.CheckITStatus)
    i.DebugMon_Handler                       0x08000c4c   Section        0  stm32f4xx_it.o(i.DebugMon_Handler)
    i.GPIO_Init                              0x08000c4e   Section        0  stm32f4xx_gpio.o(i.GPIO_Init)
    i.GPIO_PinAFConfig                       0x08000cde   Section        0  stm32f4xx_gpio.o(i.GPIO_PinAFConfig)
    i.GPIO_ResetBits                         0x08000d24   Section        0  stm32f4xx_gpio.o(i.GPIO_ResetBits)
    i.GPIO_SetBits                           0x08000d28   Section        0  stm32f4xx_gpio.o(i.GPIO_SetBits)
    i.HardFault_Handler                      0x08000d2c   Section        0  stm32f4xx_it.o(i.HardFault_Handler)
    i.MemManage_Handler                      0x08000d30   Section        0  stm32f4xx_it.o(i.MemManage_Handler)
    i.NMI_Handler                            0x08000d34   Section        0  stm32f4xx_it.o(i.NMI_Handler)
    i.NVIC_Init                              0x08000d38   Section        0  misc.o(i.NVIC_Init)
    i.PendSV_Handler                         0x08000db0   Section        0  stm32f4xx_it.o(i.PendSV_Handler)
    i.RCC_AHB1PeriphClockCmd                 0x08000db4   Section        0  stm32f4xx_rcc.o(i.RCC_AHB1PeriphClockCmd)
    i.RCC_APB1PeriphClockCmd                 0x08000dd4   Section        0  stm32f4xx_rcc.o(i.RCC_APB1PeriphClockCmd)
    i.RCC_APB2PeriphClockCmd                 0x08000df4   Section        0  stm32f4xx_rcc.o(i.RCC_APB2PeriphClockCmd)
    i.RCC_APB2PeriphClockLPModeCmd           0x08000e14   Section        0  stm32f4xx_rcc.o(i.RCC_APB2PeriphClockLPModeCmd)
    i.SPI3_IRQHandler                        0x08000e34   Section        0  spi_xbc_mb.o(i.SPI3_IRQHandler)
    i.SPI_CalculateCRC                       0x08000e64   Section        0  stm32f4xx_spi.o(i.SPI_CalculateCRC)
    i.SPI_Cmd                                0x08000e7c   Section        0  stm32f4xx_spi.o(i.SPI_Cmd)
    i.SPI_I2S_GetFlagStatus                  0x08000e94   Section        0  stm32f4xx_spi.o(i.SPI_I2S_GetFlagStatus)
    i.SPI_I2S_GetITStatus                    0x08000ea6   Section        0  stm32f4xx_spi.o(i.SPI_I2S_GetITStatus)
    i.SPI_I2S_ITConfig                       0x08000eda   Section        0  stm32f4xx_spi.o(i.SPI_I2S_ITConfig)
    i.SPI_I2S_ReceiveData                    0x08000efa   Section        0  stm32f4xx_spi.o(i.SPI_I2S_ReceiveData)
    i.SPI_I2S_SendData                       0x08000f00   Section        0  stm32f4xx_spi.o(i.SPI_I2S_SendData)
    i.SPI_Init                               0x08000f04   Section        0  stm32f4xx_spi.o(i.SPI_Init)
    i.SPI_NSSInternalSoftwareConfig          0x08000f40   Section        0  stm32f4xx_spi.o(i.SPI_NSSInternalSoftwareConfig)
    i.SPI_SSOutputCmd                        0x08000f5e   Section        0  stm32f4xx_spi.o(i.SPI_SSOutputCmd)
    i.SVC_Handler                            0x08000f76   Section        0  stm32f4xx_it.o(i.SVC_Handler)
    i.SetSysClock                            0x08000f78   Section        0  system_stm32f4xx.o(i.SetSysClock)
    SetSysClock                              0x08000f79   Thumb Code   230  system_stm32f4xx.o(i.SetSysClock)
    i.SysTick_Handler                        0x08001074   Section        0  stm32f4xx_it.o(i.SysTick_Handler)
    i.SystemCoreClockUpdate                  0x08001084   Section        0  system_stm32f4xx.o(i.SystemCoreClockUpdate)
    i.SystemInit                             0x08001144   Section        0  system_stm32f4xx.o(i.SystemInit)
    i.UART4_IRQHandler                       0x080011ac   Section        0  uart.o(i.UART4_IRQHandler)
    i.UART5_IRQHandler                       0x080011e4   Section        0  uart.o(i.UART5_IRQHandler)
    i.USART1_IRQHandler                      0x0800121c   Section        0  uart.o(i.USART1_IRQHandler)
    i.USART2_IRQHandler                      0x08001254   Section        0  uart.o(i.USART2_IRQHandler)
    i.USART3_IRQHandler                      0x0800128c   Section        0  uart.o(i.USART3_IRQHandler)
    i.USART6_IRQHandler                      0x080012c4   Section        0  uart.o(i.USART6_IRQHandler)
    i.USART_ClearITPendingBit                0x080012fc   Section        0  stm32f4xx_usart.o(i.USART_ClearITPendingBit)
    i.USART_GetITStatus                      0x0800131a   Section        0  stm32f4xx_usart.o(i.USART_GetITStatus)
    i.USART_ReceiveData                      0x0800136e   Section        0  stm32f4xx_usart.o(i.USART_ReceiveData)
    i.UsageFault_Handler                     0x08001378   Section        0  stm32f4xx_it.o(i.UsageFault_Handler)
    i.__0vsprintf                            0x0800137c   Section        0  printfa.o(i.__0vsprintf)
    i.__scatterload_copy                     0x080013a0   Section       14  handlers.o(i.__scatterload_copy)
    i.__scatterload_null                     0x080013ae   Section        2  handlers.o(i.__scatterload_null)
    i.__scatterload_zeroinit                 0x080013b0   Section       14  handlers.o(i.__scatterload_zeroinit)
    i._delay_ms                              0x080013be   Section        0  ticks.o(i._delay_ms)
    i._fp_digits                             0x080013d8   Section        0  printfa.o(i._fp_digits)
    _fp_digits                               0x080013d9   Thumb Code   366  printfa.o(i._fp_digits)
    i._printf_core                           0x0800155c   Section        0  printfa.o(i._printf_core)
    _printf_core                             0x0800155d   Thumb Code  1744  printfa.o(i._printf_core)
    i._printf_post_padding                   0x08001c38   Section        0  printfa.o(i._printf_post_padding)
    _printf_post_padding                     0x08001c39   Thumb Code    36  printfa.o(i._printf_post_padding)
    i._printf_pre_padding                    0x08001c5c   Section        0  printfa.o(i._printf_pre_padding)
    _printf_pre_padding                      0x08001c5d   Thumb Code    46  printfa.o(i._printf_pre_padding)
    i._sputc                                 0x08001c8a   Section        0  printfa.o(i._sputc)
    _sputc                                   0x08001c8b   Thumb Code    10  printfa.o(i._sputc)
    i.can_tx                                 0x08001c94   Section        0  can_protocol.o(i.can_tx)
    can_tx                                   0x08001c95   Thumb Code    28  can_protocol.o(i.can_tx)
    i.can_tx_dequeue                         0x08001cb4   Section        0  can_protocol.o(i.can_tx_dequeue)
    i.can_tx_queue_empty                     0x08001d54   Section        0  can_protocol.o(i.can_tx_queue_empty)
    i.gpio_rcc_init_all                      0x08001d6c   Section        0  gpio.o(i.gpio_rcc_init_all)
    i.main                                   0x08001da8   Section        0  main.o(i.main)
    i.spi_get_count                          0x08001e00   Section        0  spi_xbc_mb.o(i.spi_get_count)
    i.spi_xbc_mb_init                        0x08001e0c   Section        0  spi_xbc_mb.o(i.spi_xbc_mb_init)
    i.tft_char_is_changed                    0x08001f0c   Section        0  lcd_main.o(i.tft_char_is_changed)
    i.tft_clear                              0x08002008   Section        0  lcd_main.o(i.tft_clear)
    i.tft_clear_line                         0x08002028   Section        0  lcd_main.o(i.tft_clear_line)
    i.tft_config                             0x080020b4   Section        0  lcd_main.o(i.tft_config)
    i.tft_fill_color                         0x080022c8   Section        0  lcd_main.o(i.tft_fill_color)
    i.tft_init                               0x0800232c   Section        0  lcd_main.o(i.tft_init)
    i.tft_prints                             0x08002450   Section        0  lcd_main.o(i.tft_prints)
    i.tft_reset                              0x08002554   Section        0  lcd_main.o(i.tft_reset)
    i.tft_set_bg_color                       0x08002588   Section        0  lcd_main.o(i.tft_set_bg_color)
    i.tft_set_char_pos                       0x08002594   Section        0  lcd_main.o(i.tft_set_char_pos)
    i.tft_set_special_color                  0x080025e8   Section        0  lcd_main.o(i.tft_set_special_color)
    i.tft_set_text_color                     0x080025f4   Section        0  lcd_main.o(i.tft_set_text_color)
    i.tft_spi_init                           0x08002600   Section        0  lcd_main.o(i.tft_spi_init)
    i.tft_update                             0x08002720   Section        0  lcd_main.o(i.tft_update)
    i.tft_write_command                      0x08002ce0   Section        0  lcd_main.o(i.tft_write_command)
    i.tft_write_data                         0x08002d30   Section        0  lcd_main.o(i.tft_write_data)
    i.ticks_init                             0x08002d80   Section        0  ticks.o(i.ticks_init)
    .data                                    0x20000000   Section        4  stm32f4xx_it.o(.data)
    .data                                    0x20000004   Section       20  system_stm32f4xx.o(.data)
    .data                                    0x20000018   Section        9  can_protocol.o(.data)
    .data                                    0x20000022   Section     1552  lcd_main.o(.data)
    .data                                    0x20000632   Section        1  spi_xbc_mb.o(.data)
    .bss                                     0x20000634   Section     3712  can_protocol.o(.bss)
    .bss                                     0x200014b4   Section       24  uart.o(.bss)
    rxListener                               0x200014b4   Data          24  uart.o(.bss)
    .bss                                     0x200014cc   Section     2000  lcd_main.o(.bss)
    STACK                                    0x20001ca0   Section     2048  startup_stm32f40_41xxx.o(STACK)

    Global Symbols

    Symbol Name                              Value     Ov Type        Size  Object(Section)

    BuildAttributes$$THM_ISAv4$E$P$D$K$B$S$7EM$VFPi3$EXTD16$VFPS$VFMA$PE$A:L22UL41UL21$X:L11$S22US41US21$IEEE1$IW$USESV6$~STKCKD$USESV7$~SHL$OTIME$ROPI$IEEEX$EBA8$MICROLIB$REQ8$PRES8$EABIv2 0x00000000   Number         0  anon$$obj.o ABSOLUTE
    __ARM_use_no_argv                        0x00000000   Number         0  main.o ABSOLUTE
    __cpp_initialize__aeabi_                  - Undefined Weak Reference
    __cxa_finalize                            - Undefined Weak Reference
    _clock_init                               - Undefined Weak Reference
    _microlib_exit                            - Undefined Weak Reference
    __Vectors_Size                           0x00000188   Number         0  startup_stm32f40_41xxx.o ABSOLUTE
    __Vectors                                0x08000000   Data           4  startup_stm32f40_41xxx.o(RESET)
    __Vectors_End                            0x08000188   Data           0  startup_stm32f40_41xxx.o(RESET)
    __main                                   0x08000189   Thumb Code     0  entry.o(.ARM.Collect$$$$00000000)
    _main_stk                                0x08000189   Thumb Code     0  entry2.o(.ARM.Collect$$$$00000001)
    _main_scatterload                        0x0800018d   Thumb Code     0  entry5.o(.ARM.Collect$$$$00000004)
    __main_after_scatterload                 0x08000191   Thumb Code     0  entry5.o(.ARM.Collect$$$$00000004)
    _main_clock                              0x08000191   Thumb Code     0  entry7b.o(.ARM.Collect$$$$00000008)
    _main_cpp_init                           0x08000191   Thumb Code     0  entry8b.o(.ARM.Collect$$$$0000000A)
    _main_init                               0x08000191   Thumb Code     0  entry9a.o(.ARM.Collect$$$$0000000B)
    __rt_final_cpp                           0x08000199   Thumb Code     0  entry10a.o(.ARM.Collect$$$$0000000D)
    __rt_final_exit                          0x08000199   Thumb Code     0  entry11a.o(.ARM.Collect$$$$0000000F)
    Reset_Handler                            0x0800019d   Thumb Code     8  startup_stm32f40_41xxx.o(.text)
    ADC_IRQHandler                           0x080001b7   Thumb Code     0  startup_stm32f40_41xxx.o(.text)
    CAN1_SCE_IRQHandler                      0x080001b7   Thumb Code     0  startup_stm32f40_41xxx.o(.text)
    CAN2_RX0_IRQHandler                      0x080001b7   Thumb Code     0  startup_stm32f40_41xxx.o(.text)
    CAN2_RX1_IRQHandler                      0x080001b7   Thumb Code     0  startup_stm32f40_41xxx.o(.text)
    CAN2_SCE_IRQHandler                      0x080001b7   Thumb Code     0  startup_stm32f40_41xxx.o(.text)
    CAN2_TX_IRQHandler                       0x080001b7   Thumb Code     0  startup_stm32f40_41xxx.o(.text)
    CRYP_IRQHandler                          0x080001b7   Thumb Code     0  startup_stm32f40_41xxx.o(.text)
    DCMI_IRQHandler                          0x080001b7   Thumb Code     0  startup_stm32f40_41xxx.o(.text)
    DMA1_Stream0_IRQHandler                  0x080001b7   Thumb Code     0  startup_stm32f40_41xxx.o(.text)
    DMA1_Stream1_IRQHandler                  0x080001b7   Thumb Code     0  startup_stm32f40_41xxx.o(.text)
    DMA1_Stream2_IRQHandler                  0x080001b7   Thumb Code     0  startup_stm32f40_41xxx.o(.text)
    DMA1_Stream3_IRQHandler                  0x080001b7   Thumb Code     0  startup_stm32f40_41xxx.o(.text)
    DMA1_Stream4_IRQHandler                  0x080001b7   Thumb Code     0  startup_stm32f40_41xxx.o(.text)
    DMA1_Stream5_IRQHandler                  0x080001b7   Thumb Code     0  startup_stm32f40_41xxx.o(.text)
    DMA1_Stream6_IRQHandler                  0x080001b7   Thumb Code     0  startup_stm32f40_41xxx.o(.text)
    DMA1_Stream7_IRQHandler                  0x080001b7   Thumb Code     0  startup_stm32f40_41xxx.o(.text)
    DMA2_Stream0_IRQHandler                  0x080001b7   Thumb Code     0  startup_stm32f40_41xxx.o(.text)
    DMA2_Stream1_IRQHandler                  0x080001b7   Thumb Code     0  startup_stm32f40_41xxx.o(.text)
    DMA2_Stream2_IRQHandler                  0x080001b7   Thumb Code     0  startup_stm32f40_41xxx.o(.text)
    DMA2_Stream3_IRQHandler                  0x080001b7   Thumb Code     0  startup_stm32f40_41xxx.o(.text)
    DMA2_Stream4_IRQHandler                  0x080001b7   Thumb Code     0  startup_stm32f40_41xxx.o(.text)
    DMA2_Stream5_IRQHandler                  0x080001b7   Thumb Code     0  startup_stm32f40_41xxx.o(.text)
    DMA2_Stream6_IRQHandler                  0x080001b7   Thumb Code     0  startup_stm32f40_41xxx.o(.text)
    DMA2_Stream7_IRQHandler                  0x080001b7   Thumb Code     0  startup_stm32f40_41xxx.o(.text)
    ETH_IRQHandler                           0x080001b7   Thumb Code     0  startup_stm32f40_41xxx.o(.text)
    ETH_WKUP_IRQHandler                      0x080001b7   Thumb Code     0  startup_stm32f40_41xxx.o(.text)
    EXTI0_IRQHandler                         0x080001b7   Thumb Code     0  startup_stm32f40_41xxx.o(.text)
    EXTI15_10_IRQHandler                     0x080001b7   Thumb Code     0  startup_stm32f40_41xxx.o(.text)
    EXTI1_IRQHandler                         0x080001b7   Thumb Code     0  startup_stm32f40_41xxx.o(.text)
    EXTI2_IRQHandler                         0x080001b7   Thumb Code     0  startup_stm32f40_41xxx.o(.text)
    EXTI3_IRQHandler                         0x080001b7   Thumb Code     0  startup_stm32f40_41xxx.o(.text)
    EXTI4_IRQHandler                         0x080001b7   Thumb Code     0  startup_stm32f40_41xxx.o(.text)
    EXTI9_5_IRQHandler                       0x080001b7   Thumb Code     0  startup_stm32f40_41xxx.o(.text)
    FLASH_IRQHandler                         0x080001b7   Thumb Code     0  startup_stm32f40_41xxx.o(.text)
    FPU_IRQHandler                           0x080001b7   Thumb Code     0  startup_stm32f40_41xxx.o(.text)
    FSMC_IRQHandler                          0x080001b7   Thumb Code     0  startup_stm32f40_41xxx.o(.text)
    HASH_RNG_IRQHandler                      0x080001b7   Thumb Code     0  startup_stm32f40_41xxx.o(.text)
    I2C1_ER_IRQHandler                       0x080001b7   Thumb Code     0  startup_stm32f40_41xxx.o(.text)
    I2C1_EV_IRQHandler                       0x080001b7   Thumb Code     0  startup_stm32f40_41xxx.o(.text)
    I2C2_ER_IRQHandler                       0x080001b7   Thumb Code     0  startup_stm32f40_41xxx.o(.text)
    I2C2_EV_IRQHandler                       0x080001b7   Thumb Code     0  startup_stm32f40_41xxx.o(.text)
    I2C3_ER_IRQHandler                       0x080001b7   Thumb Code     0  startup_stm32f40_41xxx.o(.text)
    I2C3_EV_IRQHandler                       0x080001b7   Thumb Code     0  startup_stm32f40_41xxx.o(.text)
    OTG_FS_IRQHandler                        0x080001b7   Thumb Code     0  startup_stm32f40_41xxx.o(.text)
    OTG_FS_WKUP_IRQHandler                   0x080001b7   Thumb Code     0  startup_stm32f40_41xxx.o(.text)
    OTG_HS_EP1_IN_IRQHandler                 0x080001b7   Thumb Code     0  startup_stm32f40_41xxx.o(.text)
    OTG_HS_EP1_OUT_IRQHandler                0x080001b7   Thumb Code     0  startup_stm32f40_41xxx.o(.text)
    OTG_HS_IRQHandler                        0x080001b7   Thumb Code     0  startup_stm32f40_41xxx.o(.text)
    OTG_HS_WKUP_IRQHandler                   0x080001b7   Thumb Code     0  startup_stm32f40_41xxx.o(.text)
    PVD_IRQHandler                           0x080001b7   Thumb Code     0  startup_stm32f40_41xxx.o(.text)
    RCC_IRQHandler                           0x080001b7   Thumb Code     0  startup_stm32f40_41xxx.o(.text)
    RTC_Alarm_IRQHandler                     0x080001b7   Thumb Code     0  startup_stm32f40_41xxx.o(.text)
    RTC_WKUP_IRQHandler                      0x080001b7   Thumb Code     0  startup_stm32f40_41xxx.o(.text)
    SDIO_IRQHandler                          0x080001b7   Thumb Code     0  startup_stm32f40_41xxx.o(.text)
    SPI1_IRQHandler                          0x080001b7   Thumb Code     0  startup_stm32f40_41xxx.o(.text)
    SPI2_IRQHandler                          0x080001b7   Thumb Code     0  startup_stm32f40_41xxx.o(.text)
    TAMP_STAMP_IRQHandler                    0x080001b7   Thumb Code     0  startup_stm32f40_41xxx.o(.text)
    TIM1_BRK_TIM9_IRQHandler                 0x080001b7   Thumb Code     0  startup_stm32f40_41xxx.o(.text)
    TIM1_CC_IRQHandler                       0x080001b7   Thumb Code     0  startup_stm32f40_41xxx.o(.text)
    TIM1_TRG_COM_TIM11_IRQHandler            0x080001b7   Thumb Code     0  startup_stm32f40_41xxx.o(.text)
    TIM1_UP_TIM10_IRQHandler                 0x080001b7   Thumb Code     0  startup_stm32f40_41xxx.o(.text)
    TIM2_IRQHandler                          0x080001b7   Thumb Code     0  startup_stm32f40_41xxx.o(.text)
    TIM3_IRQHandler                          0x080001b7   Thumb Code     0  startup_stm32f40_41xxx.o(.text)
    TIM4_IRQHandler                          0x080001b7   Thumb Code     0  startup_stm32f40_41xxx.o(.text)
    TIM5_IRQHandler                          0x080001b7   Thumb Code     0  startup_stm32f40_41xxx.o(.text)
    TIM6_DAC_IRQHandler                      0x080001b7   Thumb Code     0  startup_stm32f40_41xxx.o(.text)
    TIM7_IRQHandler                          0x080001b7   Thumb Code     0  startup_stm32f40_41xxx.o(.text)
    TIM8_BRK_TIM12_IRQHandler                0x080001b7   Thumb Code     0  startup_stm32f40_41xxx.o(.text)
    TIM8_CC_IRQHandler                       0x080001b7   Thumb Code     0  startup_stm32f40_41xxx.o(.text)
    TIM8_TRG_COM_TIM14_IRQHandler            0x080001b7   Thumb Code     0  startup_stm32f40_41xxx.o(.text)
    TIM8_UP_TIM13_IRQHandler                 0x080001b7   Thumb Code     0  startup_stm32f40_41xxx.o(.text)
    WWDG_IRQHandler                          0x080001b7   Thumb Code     0  startup_stm32f40_41xxx.o(.text)
    __aeabi_uldivmod                         0x080001c1   Thumb Code    98  uldiv.o(.text)
    __aeabi_memcpy                           0x08000223   Thumb Code    36  memcpya.o(.text)
    __aeabi_memcpy4                          0x08000223   Thumb Code     0  memcpya.o(.text)
    __aeabi_memcpy8                          0x08000223   Thumb Code     0  memcpya.o(.text)
    __aeabi_uidiv                            0x08000247   Thumb Code     0  uidiv.o(.text)
    __aeabi_uidivmod                         0x08000247   Thumb Code    44  uidiv.o(.text)
    __aeabi_llsl                             0x08000273   Thumb Code    30  llshl.o(.text)
    _ll_shift_l                              0x08000273   Thumb Code     0  llshl.o(.text)
    __aeabi_llsr                             0x08000291   Thumb Code    32  llushr.o(.text)
    _ll_ushift_r                             0x08000291   Thumb Code     0  llushr.o(.text)
    __I$use$fp                               0x080002b1   Thumb Code     0  iusefp.o(.text)
    __aeabi_dadd                             0x080002b1   Thumb Code   322  dadd.o(.text)
    __aeabi_dsub                             0x080003f3   Thumb Code     6  dadd.o(.text)
    __aeabi_drsub                            0x080003f9   Thumb Code     6  dadd.o(.text)
    __aeabi_dmul                             0x080003ff   Thumb Code   228  dmul.o(.text)
    __aeabi_ddiv                             0x080004e3   Thumb Code   222  ddiv.o(.text)
    __aeabi_d2ulz                            0x080005c1   Thumb Code    48  dfixul.o(.text)
    __aeabi_cdrcmple                         0x080005f1   Thumb Code    48  cdrcmple.o(.text)
    __scatterload                            0x08000621   Thumb Code    28  init.o(.text)
    __scatterload_rt2                        0x08000621   Thumb Code     0  init.o(.text)
    __aeabi_lasr                             0x08000645   Thumb Code    36  llsshr.o(.text)
    _ll_sshift_r                             0x08000645   Thumb Code     0  llsshr.o(.text)
    _double_round                            0x08000669   Thumb Code    30  depilogue.o(.text)
    _double_epilogue                         0x08000687   Thumb Code   156  depilogue.o(.text)
    __decompress                             0x08000723   Thumb Code     0  __dczerorl2.o(.text)
    __decompress1                            0x08000723   Thumb Code    86  __dczerorl2.o(.text)
    BusFault_Handler                         0x08000779   Thumb Code     4  stm32f4xx_it.o(i.BusFault_Handler)
    CAN1_RX0_IRQHandler                      0x0800077d   Thumb Code    82  can_protocol.o(i.CAN1_RX0_IRQHandler)
    CAN1_RX1_IRQHandler                      0x080007dd   Thumb Code    82  can_protocol.o(i.CAN1_RX1_IRQHandler)
    CAN1_TX_IRQHandler                       0x0800083d   Thumb Code    26  can_protocol.o(i.CAN1_TX_IRQHandler)
    CAN_ClearITPendingBit                    0x0800085d   Thumb Code   162  stm32f4xx_can.o(i.CAN_ClearITPendingBit)
    CAN_GetITStatus                          0x08000905   Thumb Code   284  stm32f4xx_can.o(i.CAN_GetITStatus)
    CAN_Receive                              0x08000a25   Thumb Code   240  stm32f4xx_can.o(i.CAN_Receive)
    CAN_Transmit                             0x08000b15   Thumb Code   294  stm32f4xx_can.o(i.CAN_Transmit)
    DebugMon_Handler                         0x08000c4d   Thumb Code     2  stm32f4xx_it.o(i.DebugMon_Handler)
    GPIO_Init                                0x08000c4f   Thumb Code   144  stm32f4xx_gpio.o(i.GPIO_Init)
    GPIO_PinAFConfig                         0x08000cdf   Thumb Code    70  stm32f4xx_gpio.o(i.GPIO_PinAFConfig)
    GPIO_ResetBits                           0x08000d25   Thumb Code     4  stm32f4xx_gpio.o(i.GPIO_ResetBits)
    GPIO_SetBits                             0x08000d29   Thumb Code     4  stm32f4xx_gpio.o(i.GPIO_SetBits)
    HardFault_Handler                        0x08000d2d   Thumb Code     4  stm32f4xx_it.o(i.HardFault_Handler)
    MemManage_Handler                        0x08000d31   Thumb Code     4  stm32f4xx_it.o(i.MemManage_Handler)
    NMI_Handler                              0x08000d35   Thumb Code     2  stm32f4xx_it.o(i.NMI_Handler)
    NVIC_Init                                0x08000d39   Thumb Code   106  misc.o(i.NVIC_Init)
    PendSV_Handler                           0x08000db1   Thumb Code     2  stm32f4xx_it.o(i.PendSV_Handler)
    RCC_AHB1PeriphClockCmd                   0x08000db5   Thumb Code    26  stm32f4xx_rcc.o(i.RCC_AHB1PeriphClockCmd)
    RCC_APB1PeriphClockCmd                   0x08000dd5   Thumb Code    26  stm32f4xx_rcc.o(i.RCC_APB1PeriphClockCmd)
    RCC_APB2PeriphClockCmd                   0x08000df5   Thumb Code    26  stm32f4xx_rcc.o(i.RCC_APB2PeriphClockCmd)
    RCC_APB2PeriphClockLPModeCmd             0x08000e15   Thumb Code    26  stm32f4xx_rcc.o(i.RCC_APB2PeriphClockLPModeCmd)
    SPI3_IRQHandler                          0x08000e35   Thumb Code    38  spi_xbc_mb.o(i.SPI3_IRQHandler)
    SPI_CalculateCRC                         0x08000e65   Thumb Code    24  stm32f4xx_spi.o(i.SPI_CalculateCRC)
    SPI_Cmd                                  0x08000e7d   Thumb Code    24  stm32f4xx_spi.o(i.SPI_Cmd)
    SPI_I2S_GetFlagStatus                    0x08000e95   Thumb Code    18  stm32f4xx_spi.o(i.SPI_I2S_GetFlagStatus)
    SPI_I2S_GetITStatus                      0x08000ea7   Thumb Code    52  stm32f4xx_spi.o(i.SPI_I2S_GetITStatus)
    SPI_I2S_ITConfig                         0x08000edb   Thumb Code    32  stm32f4xx_spi.o(i.SPI_I2S_ITConfig)
    SPI_I2S_ReceiveData                      0x08000efb   Thumb Code     6  stm32f4xx_spi.o(i.SPI_I2S_ReceiveData)
    SPI_I2S_SendData                         0x08000f01   Thumb Code     4  stm32f4xx_spi.o(i.SPI_I2S_SendData)
    SPI_Init                                 0x08000f05   Thumb Code    60  stm32f4xx_spi.o(i.SPI_Init)
    SPI_NSSInternalSoftwareConfig            0x08000f41   Thumb Code    30  stm32f4xx_spi.o(i.SPI_NSSInternalSoftwareConfig)
    SPI_SSOutputCmd                          0x08000f5f   Thumb Code    24  stm32f4xx_spi.o(i.SPI_SSOutputCmd)
    SVC_Handler                              0x08000f77   Thumb Code     2  stm32f4xx_it.o(i.SVC_Handler)
    SysTick_Handler                          0x08001075   Thumb Code    12  stm32f4xx_it.o(i.SysTick_Handler)
    SystemCoreClockUpdate                    0x08001085   Thumb Code   170  system_stm32f4xx.o(i.SystemCoreClockUpdate)
    SystemInit                               0x08001145   Thumb Code    88  system_stm32f4xx.o(i.SystemInit)
    UART4_IRQHandler                         0x080011ad   Thumb Code    48  uart.o(i.UART4_IRQHandler)
    UART5_IRQHandler                         0x080011e5   Thumb Code    48  uart.o(i.UART5_IRQHandler)
    USART1_IRQHandler                        0x0800121d   Thumb Code    48  uart.o(i.USART1_IRQHandler)
    USART2_IRQHandler                        0x08001255   Thumb Code    48  uart.o(i.USART2_IRQHandler)
    USART3_IRQHandler                        0x0800128d   Thumb Code    48  uart.o(i.USART3_IRQHandler)
    USART6_IRQHandler                        0x080012c5   Thumb Code    48  uart.o(i.USART6_IRQHandler)
    USART_ClearITPendingBit                  0x080012fd   Thumb Code    30  stm32f4xx_usart.o(i.USART_ClearITPendingBit)
    USART_GetITStatus                        0x0800131b   Thumb Code    84  stm32f4xx_usart.o(i.USART_GetITStatus)
    USART_ReceiveData                        0x0800136f   Thumb Code    10  stm32f4xx_usart.o(i.USART_ReceiveData)
    UsageFault_Handler                       0x08001379   Thumb Code     4  stm32f4xx_it.o(i.UsageFault_Handler)
    __0vsprintf                              0x0800137d   Thumb Code    30  printfa.o(i.__0vsprintf)
    __1vsprintf                              0x0800137d   Thumb Code     0  printfa.o(i.__0vsprintf)
    __2vsprintf                              0x0800137d   Thumb Code     0  printfa.o(i.__0vsprintf)
    __c89vsprintf                            0x0800137d   Thumb Code     0  printfa.o(i.__0vsprintf)
    vsprintf                                 0x0800137d   Thumb Code     0  printfa.o(i.__0vsprintf)
    __scatterload_copy                       0x080013a1   Thumb Code    14  handlers.o(i.__scatterload_copy)
    __scatterload_null                       0x080013af   Thumb Code     2  handlers.o(i.__scatterload_null)
    __scatterload_zeroinit                   0x080013b1   Thumb Code    14  handlers.o(i.__scatterload_zeroinit)
    _delay_ms                                0x080013bf   Thumb Code    26  ticks.o(i._delay_ms)
    can_tx_dequeue                           0x08001cb5   Thumb Code   150  can_protocol.o(i.can_tx_dequeue)
    can_tx_queue_empty                       0x08001d55   Thumb Code    20  can_protocol.o(i.can_tx_queue_empty)
    gpio_rcc_init_all                        0x08001d6d   Thumb Code    60  gpio.o(i.gpio_rcc_init_all)
    main                                     0x08001da9   Thumb Code    78  main.o(i.main)
    spi_get_count                            0x08001e01   Thumb Code     6  spi_xbc_mb.o(i.spi_get_count)
    spi_xbc_mb_init                          0x08001e0d   Thumb Code   242  spi_xbc_mb.o(i.spi_xbc_mb_init)
    tft_char_is_changed                      0x08001f0d   Thumb Code   236  lcd_main.o(i.tft_char_is_changed)
    tft_clear                                0x08002009   Thumb Code    28  lcd_main.o(i.tft_clear)
    tft_clear_line                           0x08002029   Thumb Code   116  lcd_main.o(i.tft_clear_line)
    tft_config                               0x080020b5   Thumb Code   532  lcd_main.o(i.tft_config)
    tft_fill_color                           0x080022c9   Thumb Code    98  lcd_main.o(i.tft_fill_color)
    tft_init                                 0x0800232d   Thumb Code   250  lcd_main.o(i.tft_init)
    tft_prints                               0x08002451   Thumb Code   222  lcd_main.o(i.tft_prints)
    tft_reset                                0x08002555   Thumb Code    42  lcd_main.o(i.tft_reset)
    tft_set_bg_color                         0x08002589   Thumb Code     6  lcd_main.o(i.tft_set_bg_color)
    tft_set_char_pos                         0x08002595   Thumb Code    82  lcd_main.o(i.tft_set_char_pos)
    tft_set_special_color                    0x080025e9   Thumb Code     6  lcd_main.o(i.tft_set_special_color)
    tft_set_text_color                       0x080025f5   Thumb Code     6  lcd_main.o(i.tft_set_text_color)
    tft_spi_init                             0x08002601   Thumb Code   280  lcd_main.o(i.tft_spi_init)
    tft_update                               0x08002721   Thumb Code  1452  lcd_main.o(i.tft_update)
    tft_write_command                        0x08002ce1   Thumb Code    72  lcd_main.o(i.tft_write_command)
    tft_write_data                           0x08002d31   Thumb Code    72  lcd_main.o(i.tft_write_data)
    ticks_init                               0x08002d81   Thumb Code    88  ticks.o(i.ticks_init)
    Region$$Table$$Base                      0x08002de8   Number         0  anon$$obj.o(Region$$Table)
    Region$$Table$$Limit                     0x08002e08   Number         0  anon$$obj.o(Region$$Table)
    ms_ticks                                 0x20000000   Data           4  stm32f4xx_it.o(.data)
    SystemCoreClock                          0x20000004   Data           4  system_stm32f4xx.o(.data)
    AHBPrescTable                            0x20000008   Data          16  system_stm32f4xx.o(.data)
    CAN_Tx_Queue                             0x20000018   Data           8  can_protocol.o(.data)
    CAN_FilterCount                          0x20000020   Data           1  can_protocol.o(.data)
    ascii_8x16                               0x20000022   Data        1536  lcd_main.o(.data)
    curr_bg_color                            0x20000622   Data           2  lcd_main.o(.data)
    curr_text_color                          0x20000624   Data           2  lcd_main.o(.data)
    curr_text_color_sp                       0x20000626   Data           2  lcd_main.o(.data)
    tft_orientation                          0x20000628   Data           1  lcd_main.o(.data)
    tft_enabled                              0x20000629   Data           1  lcd_main.o(.data)
    tft_width                                0x2000062a   Data           1  lcd_main.o(.data)
    tft_height                               0x2000062b   Data           1  lcd_main.o(.data)
    tft_y_index                              0x2000062c   Data           1  lcd_main.o(.data)
    char_max_x                               0x2000062d   Data           1  lcd_main.o(.data)
    char_max_y                               0x2000062e   Data           1  lcd_main.o(.data)
    pointer_to_curr_screen                   0x2000062f   Data           1  lcd_main.o(.data)
    print_pos                                0x20000630   Data           2  lcd_main.o(.data)
    count                                    0x20000632   Data           1  spi_xbc_mb.o(.data)
    CAN_Tx_Queue_Array                       0x20000634   Data        3600  can_protocol.o(.bss)
    CAN_Rx_Handlers                          0x20001444   Data         112  can_protocol.o(.bss)
    text                                     0x200014cc   Data         400  lcd_main.o(.bss)
    text_color                               0x2000165c   Data         800  lcd_main.o(.bss)
    bg_color                                 0x2000197c   Data         800  lcd_main.o(.bss)
    __initial_sp                             0x200024a0   Data           0  startup_stm32f40_41xxx.o(STACK)



==============================================================================

Memory Map of the image

  Image Entry point : 0x08000189

  Load Region LR_IROM1 (Base: 0x08000000, Size: 0x0000343c, Max: 0x00100000, ABSOLUTE, COMPRESSED[0x000030d4])

    Execution Region ER_IROM1 (Base: 0x08000000, Size: 0x00002e08, Max: 0x00100000, ABSOLUTE)

    Base Addr    Size         Type   Attr      Idx    E Section Name        Object

    0x08000000   0x00000188   Data   RO         5443    RESET               startup_stm32f40_41xxx.o
    0x08000188   0x00000000   Code   RO         7179  * .ARM.Collect$$$$00000000  mc_w.l(entry.o)
    0x08000188   0x00000004   Code   RO         7272    .ARM.Collect$$$$00000001  mc_w.l(entry2.o)
    0x0800018c   0x00000004   Code   RO         7275    .ARM.Collect$$$$00000004  mc_w.l(entry5.o)
    0x08000190   0x00000000   Code   RO         7277    .ARM.Collect$$$$00000008  mc_w.l(entry7b.o)
    0x08000190   0x00000000   Code   RO         7279    .ARM.Collect$$$$0000000A  mc_w.l(entry8b.o)
    0x08000190   0x00000008   Code   RO         7280    .ARM.Collect$$$$0000000B  mc_w.l(entry9a.o)
    0x08000198   0x00000000   Code   RO         7282    .ARM.Collect$$$$0000000D  mc_w.l(entry10a.o)
    0x08000198   0x00000000   Code   RO         7284    .ARM.Collect$$$$0000000F  mc_w.l(entry11a.o)
    0x08000198   0x00000004   Code   RO         7273    .ARM.Collect$$$$00002712  mc_w.l(entry2.o)
    0x0800019c   0x00000024   Code   RO         5444    .text               startup_stm32f40_41xxx.o
    0x080001c0   0x00000062   Code   RO         7182    .text               mc_w.l(uldiv.o)
    0x08000222   0x00000024   Code   RO         7184    .text               mc_w.l(memcpya.o)
    0x08000246   0x0000002c   Code   RO         7289    .text               mc_w.l(uidiv.o)
    0x08000272   0x0000001e   Code   RO         7291    .text               mc_w.l(llshl.o)
    0x08000290   0x00000020   Code   RO         7293    .text               mc_w.l(llushr.o)
    0x080002b0   0x00000000   Code   RO         7304    .text               mc_w.l(iusefp.o)
    0x080002b0   0x0000014e   Code   RO         7305    .text               mf_w.l(dadd.o)
    0x080003fe   0x000000e4   Code   RO         7307    .text               mf_w.l(dmul.o)
    0x080004e2   0x000000de   Code   RO         7309    .text               mf_w.l(ddiv.o)
    0x080005c0   0x00000030   Code   RO         7311    .text               mf_w.l(dfixul.o)
    0x080005f0   0x00000030   Code   RO         7313    .text               mf_w.l(cdrcmple.o)
    0x08000620   0x00000024   Code   RO         7315    .text               mc_w.l(init.o)
    0x08000644   0x00000024   Code   RO         7318    .text               mc_w.l(llsshr.o)
    0x08000668   0x000000ba   Code   RO         7321    .text               mf_w.l(depilogue.o)
    0x08000722   0x00000056   Code   RO         7331    .text               mc_w.l(__dczerorl2.o)
    0x08000778   0x00000004   Code   RO         5122    i.BusFault_Handler  stm32f4xx_it.o
    0x0800077c   0x00000060   Code   RO         5522    i.CAN1_RX0_IRQHandler  can_protocol.o
    0x080007dc   0x00000060   Code   RO         5523    i.CAN1_RX1_IRQHandler  can_protocol.o
    0x0800083c   0x00000020   Code   RO         5524    i.CAN1_TX_IRQHandler  can_protocol.o
    0x0800085c   0x000000a8   Code   RO          359    i.CAN_ClearITPendingBit  stm32f4xx_can.o
    0x08000904   0x00000120   Code   RO          365    i.CAN_GetITStatus   stm32f4xx_can.o
    0x08000a24   0x000000f0   Code   RO          373    i.CAN_Receive       stm32f4xx_can.o
    0x08000b14   0x00000126   Code   RO          378    i.CAN_Transmit      stm32f4xx_can.o
    0x08000c3a   0x00000012   Code   RO          381    i.CheckITStatus     stm32f4xx_can.o
    0x08000c4c   0x00000002   Code   RO         5123    i.DebugMon_Handler  stm32f4xx_it.o
    0x08000c4e   0x00000090   Code   RO         1950    i.GPIO_Init         stm32f4xx_gpio.o
    0x08000cde   0x00000046   Code   RO         1951    i.GPIO_PinAFConfig  stm32f4xx_gpio.o
    0x08000d24   0x00000004   Code   RO         1957    i.GPIO_ResetBits    stm32f4xx_gpio.o
    0x08000d28   0x00000004   Code   RO         1958    i.GPIO_SetBits      stm32f4xx_gpio.o
    0x08000d2c   0x00000004   Code   RO         5124    i.HardFault_Handler  stm32f4xx_it.o
    0x08000d30   0x00000004   Code   RO         5125    i.MemManage_Handler  stm32f4xx_it.o
    0x08000d34   0x00000002   Code   RO         5126    i.NMI_Handler       stm32f4xx_it.o
    0x08000d36   0x00000002   PAD
    0x08000d38   0x00000078   Code   RO         5352    i.NVIC_Init         misc.o
    0x08000db0   0x00000002   Code   RO         5127    i.PendSV_Handler    stm32f4xx_it.o
    0x08000db2   0x00000002   PAD
    0x08000db4   0x00000020   Code   RO         2891    i.RCC_AHB1PeriphClockCmd  stm32f4xx_rcc.o
    0x08000dd4   0x00000020   Code   RO         2900    i.RCC_APB1PeriphClockCmd  stm32f4xx_rcc.o
    0x08000df4   0x00000020   Code   RO         2903    i.RCC_APB2PeriphClockCmd  stm32f4xx_rcc.o
    0x08000e14   0x00000020   Code   RO         2904    i.RCC_APB2PeriphClockLPModeCmd  stm32f4xx_rcc.o
    0x08000e34   0x00000030   Code   RO         7023    i.SPI3_IRQHandler   spi_xbc_mb.o
    0x08000e64   0x00000018   Code   RO         4060    i.SPI_CalculateCRC  stm32f4xx_spi.o
    0x08000e7c   0x00000018   Code   RO         4061    i.SPI_Cmd           stm32f4xx_spi.o
    0x08000e94   0x00000012   Code   RO         4069    i.SPI_I2S_GetFlagStatus  stm32f4xx_spi.o
    0x08000ea6   0x00000034   Code   RO         4070    i.SPI_I2S_GetITStatus  stm32f4xx_spi.o
    0x08000eda   0x00000020   Code   RO         4071    i.SPI_I2S_ITConfig  stm32f4xx_spi.o
    0x08000efa   0x00000006   Code   RO         4072    i.SPI_I2S_ReceiveData  stm32f4xx_spi.o
    0x08000f00   0x00000004   Code   RO         4073    i.SPI_I2S_SendData  stm32f4xx_spi.o
    0x08000f04   0x0000003c   Code   RO         4074    i.SPI_Init          stm32f4xx_spi.o
    0x08000f40   0x0000001e   Code   RO         4075    i.SPI_NSSInternalSoftwareConfig  stm32f4xx_spi.o
    0x08000f5e   0x00000018   Code   RO         4076    i.SPI_SSOutputCmd   stm32f4xx_spi.o
    0x08000f76   0x00000002   Code   RO         5128    i.SVC_Handler       stm32f4xx_it.o
    0x08000f78   0x000000fc   Code   RO         5403    i.SetSysClock       system_stm32f4xx.o
    0x08001074   0x00000010   Code   RO         5129    i.SysTick_Handler   stm32f4xx_it.o
    0x08001084   0x000000c0   Code   RO         5404    i.SystemCoreClockUpdate  system_stm32f4xx.o
    0x08001144   0x00000068   Code   RO         5405    i.SystemInit        system_stm32f4xx.o
    0x080011ac   0x00000038   Code   RO         5750    i.UART4_IRQHandler  uart.o
    0x080011e4   0x00000038   Code   RO         5751    i.UART5_IRQHandler  uart.o
    0x0800121c   0x00000038   Code   RO         5752    i.USART1_IRQHandler  uart.o
    0x08001254   0x00000038   Code   RO         5753    i.USART2_IRQHandler  uart.o
    0x0800128c   0x00000038   Code   RO         5754    i.USART3_IRQHandler  uart.o
    0x080012c4   0x00000038   Code   RO         5755    i.USART6_IRQHandler  uart.o
    0x080012fc   0x0000001e   Code   RO         4859    i.USART_ClearITPendingBit  stm32f4xx_usart.o
    0x0800131a   0x00000054   Code   RO         4866    i.USART_GetITStatus  stm32f4xx_usart.o
    0x0800136e   0x0000000a   Code   RO         4876    i.USART_ReceiveData  stm32f4xx_usart.o
    0x08001378   0x00000004   Code   RO         5130    i.UsageFault_Handler  stm32f4xx_it.o
    0x0800137c   0x00000024   Code   RO         7195    i.__0vsprintf       mc_w.l(printfa.o)
    0x080013a0   0x0000000e   Code   RO         7325    i.__scatterload_copy  mc_w.l(handlers.o)
    0x080013ae   0x00000002   Code   RO         7326    i.__scatterload_null  mc_w.l(handlers.o)
    0x080013b0   0x0000000e   Code   RO         7327    i.__scatterload_zeroinit  mc_w.l(handlers.o)
    0x080013be   0x0000001a   Code   RO         5905    i._delay_ms         ticks.o
    0x080013d8   0x00000184   Code   RO         7196    i._fp_digits        mc_w.l(printfa.o)
    0x0800155c   0x000006dc   Code   RO         7197    i._printf_core      mc_w.l(printfa.o)
    0x08001c38   0x00000024   Code   RO         7198    i._printf_post_padding  mc_w.l(printfa.o)
    0x08001c5c   0x0000002e   Code   RO         7199    i._printf_pre_padding  mc_w.l(printfa.o)
    0x08001c8a   0x0000000a   Code   RO         7201    i._sputc            mc_w.l(printfa.o)
    0x08001c94   0x00000020   Code   RO         5528    i.can_tx            can_protocol.o
    0x08001cb4   0x000000a0   Code   RO         5529    i.can_tx_dequeue    can_protocol.o
    0x08001d54   0x00000018   Code   RO         5615    i.can_tx_queue_empty  can_protocol.o
    0x08001d6c   0x0000003c   Code   RO         5954    i.gpio_rcc_init_all  gpio.o
    0x08001da8   0x00000058   Code   RO         5451    i.main              main.o
    0x08001e00   0x0000000c   Code   RO         7024    i.spi_get_count     spi_xbc_mb.o
    0x08001e0c   0x00000100   Code   RO         7025    i.spi_xbc_mb_init   spi_xbc_mb.o
    0x08001f0c   0x000000fc   Code   RO         6400    i.tft_char_is_changed  lcd_main.o
    0x08002008   0x00000020   Code   RO         6401    i.tft_clear         lcd_main.o
    0x08002028   0x0000008c   Code   RO         6402    i.tft_clear_line    lcd_main.o
    0x080020b4   0x00000214   Code   RO         6403    i.tft_config        lcd_main.o
    0x080022c8   0x00000062   Code   RO         6406    i.tft_fill_color    lcd_main.o
    0x0800232a   0x00000002   PAD
    0x0800232c   0x00000124   Code   RO         6409    i.tft_init          lcd_main.o
    0x08002450   0x00000104   Code   RO         6411    i.tft_prints        lcd_main.o
    0x08002554   0x00000034   Code   RO         6414    i.tft_reset         lcd_main.o
    0x08002588   0x0000000c   Code   RO         6415    i.tft_set_bg_color  lcd_main.o
    0x08002594   0x00000052   Code   RO         6416    i.tft_set_char_pos  lcd_main.o
    0x080025e6   0x00000002   PAD
    0x080025e8   0x0000000c   Code   RO         6418    i.tft_set_special_color  lcd_main.o
    0x080025f4   0x0000000c   Code   RO         6419    i.tft_set_text_color  lcd_main.o
    0x08002600   0x00000120   Code   RO         6420    i.tft_spi_init      lcd_main.o
    0x08002720   0x000005c0   Code   RO         6422    i.tft_update        lcd_main.o
    0x08002ce0   0x00000050   Code   RO         6423    i.tft_write_command  lcd_main.o
    0x08002d30   0x00000050   Code   RO         6424    i.tft_write_data    lcd_main.o
    0x08002d80   0x00000068   Code   RO         5907    i.ticks_init        ticks.o
    0x08002de8   0x00000020   Data   RO         7323    Region$$Table       anon$$obj.o


    Execution Region RW_IRAM1 (Base: 0x20000000, Size: 0x000024a0, Max: 0x00020000, ABSOLUTE, COMPRESSED[0x000002cc])

    Base Addr    Size         Type   Attr      Idx    E Section Name        Object

    0x20000000   0x00000004   Data   RW         5132    .data               stm32f4xx_it.o
    0x20000004   0x00000014   Data   RW         5406    .data               system_stm32f4xx.o
    0x20000018   0x00000009   Data   RW         5536    .data               can_protocol.o
    0x20000021   0x00000001   PAD
    0x20000022   0x00000610   Data   RW         6426    .data               lcd_main.o
    0x20000632   0x00000001   Data   RW         7026    .data               spi_xbc_mb.o
    0x20000633   0x00000001   PAD
    0x20000634   0x00000e80   Zero   RW         5535    .bss                can_protocol.o
    0x200014b4   0x00000018   Zero   RW         5763    .bss                uart.o
    0x200014cc   0x000007d0   Zero   RW         6425    .bss                lcd_main.o
    0x20001c9c   0x00000004   PAD
    0x20001ca0   0x00000800   Zero   RW         5441    STACK               startup_stm32f40_41xxx.o


==============================================================================

Image component sizes


      Code (inc. data)   RO Data    RW Data    ZI Data      Debug   Object Name

       440         52          0          9       3712       4557   can_protocol.o
        60          0          0          0          0        516   gpio.o
      3696        226          0       1552       2000      14564   lcd_main.o
        88         10          0          0          0        511   main.o
       120         14          0          0          0       3020   misc.o
       316         30          0          1          0       2004   spi_xbc_mb.o
        36          8        392          0       2048        928   startup_stm32f40_41xxx.o
         0          0          0          0          0     233496   stm32f4xx_adc.o
      1008         10          0          0          0      13199   stm32f4xx_can.o
       222          0          0          0          0      10503   stm32f4xx_gpio.o
        40          4          0          4          0      37917   stm32f4xx_it.o
       128         24          0          0          0       2686   stm32f4xx_rcc.o
       274          0          0          0          0      15936   stm32f4xx_spi.o
       124          0          0          0          0       9138   stm32f4xx_usart.o
       548         60          0         20          0       2573   system_stm32f4xx.o
       130         16          0          0          0      28016   ticks.o
       336         48          0          0         24       7982   uart.o

    ----------------------------------------------------------------------
      7574        502        424       1588       7788     387546   Object Totals
         0          0         32          0          0          0   (incl. Generated)
         8          0          0          2          4          0   (incl. Padding)

    ----------------------------------------------------------------------

      Code (inc. data)   RO Data    RW Data    ZI Data      Debug   Library Member Name

        86          0          0          0          0          0   __dczerorl2.o
         0          0          0          0          0          0   entry.o
         0          0          0          0          0          0   entry10a.o
         0          0          0          0          0          0   entry11a.o
         8          4          0          0          0          0   entry2.o
         4          0          0          0          0          0   entry5.o
         0          0          0          0          0          0   entry7b.o
         0          0          0          0          0          0   entry8b.o
         8          4          0          0          0          0   entry9a.o
        30          0          0          0          0          0   handlers.o
        36          8          0          0          0         68   init.o
         0          0          0          0          0          0   iusefp.o
        30          0          0          0          0         68   llshl.o
        36          0          0          0          0         68   llsshr.o
        32          0          0          0          0         68   llushr.o
        36          0          0          0          0         68   memcpya.o
      2272         86          0          0          0        516   printfa.o
        44          0          0          0          0         80   uidiv.o
        98          0          0          0          0         92   uldiv.o
        48          0          0          0          0         68   cdrcmple.o
       334          0          0          0          0        148   dadd.o
       222          0          0          0          0        100   ddiv.o
       186          0          0          0          0        176   depilogue.o
        48          0          0          0          0         68   dfixul.o
       228          0          0          0          0         96   dmul.o

    ----------------------------------------------------------------------
      3786        102          0          0          0       1684   Library Totals
         0          0          0          0          0          0   (incl. Padding)

    ----------------------------------------------------------------------

      Code (inc. data)   RO Data    RW Data    ZI Data      Debug   Library Name

      2720        102          0          0          0       1028   mc_w.l
      1066          0          0          0          0        656   mf_w.l

    ----------------------------------------------------------------------
      3786        102          0          0          0       1684   Library Totals

    ----------------------------------------------------------------------

==============================================================================


      Code (inc. data)   RO Data    RW Data    ZI Data      Debug   

     11360        604        424       1588       7788     381830   Grand Totals
     11360        604        424        716       7788     381830   ELF Image Totals (compressed)
     11360        604        424        716          0          0   ROM Totals

==============================================================================

    Total RO  Size (Code + RO Data)                11784 (  11.51kB)
    Total RW  Size (RW Data + ZI Data)              9376 (   9.16kB)
    Total ROM Size (Code + RO Data + RW Data)      12500 (  12.21kB)

==============================================================================

