Component: ARM Compiler 5.06 update 1 (build 61) Tool: armlink [4d35a8]

==============================================================================

Section Cross References

    stm32f4xx_adc.o(i.ADC_DeInit) refers to stm32f4xx_rcc.o(i.RCC_APB2PeriphResetCmd) for RCC_APB2PeriphResetCmd
    stm32f4xx_can.o(i.CAN_DeInit) refers to stm32f4xx_rcc.o(i.RCC_APB1PeriphResetCmd) for RCC_APB1PeriphResetCmd
    stm32f4xx_cryp.o(i.CRYP_DeInit) refers to stm32f4xx_rcc.o(i.RCC_AHB2PeriphResetCmd) for RCC_AHB2PeriphResetCmd
    stm32f4xx_cryp_aes.o(i.CRYP_AES_CBC) refers to stm32f4xx_cryp.o(i.CRYP_KeyStructInit) for CRYP_KeyStructInit
    stm32f4xx_cryp_aes.o(i.CRYP_AES_CBC) refers to stm32f4xx_cryp.o(i.CRYP_KeyInit) for CRYP_KeyInit
    stm32f4xx_cryp_aes.o(i.CRYP_AES_CBC) refers to stm32f4xx_cryp.o(i.CRYP_Init) for CRYP_Init
    stm32f4xx_cryp_aes.o(i.CRYP_AES_CBC) refers to stm32f4xx_cryp.o(i.CRYP_IVInit) for CRYP_IVInit
    stm32f4xx_cryp_aes.o(i.CRYP_AES_CBC) refers to stm32f4xx_cryp.o(i.CRYP_FIFOFlush) for CRYP_FIFOFlush
    stm32f4xx_cryp_aes.o(i.CRYP_AES_CBC) refers to stm32f4xx_cryp.o(i.CRYP_Cmd) for CRYP_Cmd
    stm32f4xx_cryp_aes.o(i.CRYP_AES_CBC) refers to stm32f4xx_cryp.o(i.CRYP_GetCmdStatus) for CRYP_GetCmdStatus
    stm32f4xx_cryp_aes.o(i.CRYP_AES_CBC) refers to stm32f4xx_cryp.o(i.CRYP_GetFlagStatus) for CRYP_GetFlagStatus
    stm32f4xx_cryp_aes.o(i.CRYP_AES_CBC) refers to stm32f4xx_cryp.o(i.CRYP_DataIn) for CRYP_DataIn
    stm32f4xx_cryp_aes.o(i.CRYP_AES_CBC) refers to stm32f4xx_cryp.o(i.CRYP_DataOut) for CRYP_DataOut
    stm32f4xx_cryp_aes.o(i.CRYP_AES_CCM) refers to stm32f4xx_cryp.o(i.CRYP_KeyStructInit) for CRYP_KeyStructInit
    stm32f4xx_cryp_aes.o(i.CRYP_AES_CCM) refers to stm32f4xx_cryp.o(i.CRYP_FIFOFlush) for CRYP_FIFOFlush
    stm32f4xx_cryp_aes.o(i.CRYP_AES_CCM) refers to stm32f4xx_cryp.o(i.CRYP_KeyInit) for CRYP_KeyInit
    stm32f4xx_cryp_aes.o(i.CRYP_AES_CCM) refers to stm32f4xx_cryp.o(i.CRYP_IVInit) for CRYP_IVInit
    stm32f4xx_cryp_aes.o(i.CRYP_AES_CCM) refers to stm32f4xx_cryp.o(i.CRYP_Init) for CRYP_Init
    stm32f4xx_cryp_aes.o(i.CRYP_AES_CCM) refers to stm32f4xx_cryp.o(i.CRYP_PhaseConfig) for CRYP_PhaseConfig
    stm32f4xx_cryp_aes.o(i.CRYP_AES_CCM) refers to stm32f4xx_cryp.o(i.CRYP_DataIn) for CRYP_DataIn
    stm32f4xx_cryp_aes.o(i.CRYP_AES_CCM) refers to stm32f4xx_cryp.o(i.CRYP_Cmd) for CRYP_Cmd
    stm32f4xx_cryp_aes.o(i.CRYP_AES_CCM) refers to stm32f4xx_cryp.o(i.CRYP_GetCmdStatus) for CRYP_GetCmdStatus
    stm32f4xx_cryp_aes.o(i.CRYP_AES_CCM) refers to stm32f4xx_cryp.o(i.CRYP_GetFlagStatus) for CRYP_GetFlagStatus
    stm32f4xx_cryp_aes.o(i.CRYP_AES_CCM) refers to stm32f4xx_cryp.o(i.CRYP_DataOut) for CRYP_DataOut
    stm32f4xx_cryp_aes.o(i.CRYP_AES_CTR) refers to stm32f4xx_cryp.o(i.CRYP_KeyStructInit) for CRYP_KeyStructInit
    stm32f4xx_cryp_aes.o(i.CRYP_AES_CTR) refers to stm32f4xx_cryp.o(i.CRYP_KeyInit) for CRYP_KeyInit
    stm32f4xx_cryp_aes.o(i.CRYP_AES_CTR) refers to stm32f4xx_cryp.o(i.CRYP_Init) for CRYP_Init
    stm32f4xx_cryp_aes.o(i.CRYP_AES_CTR) refers to stm32f4xx_cryp.o(i.CRYP_IVInit) for CRYP_IVInit
    stm32f4xx_cryp_aes.o(i.CRYP_AES_CTR) refers to stm32f4xx_cryp.o(i.CRYP_FIFOFlush) for CRYP_FIFOFlush
    stm32f4xx_cryp_aes.o(i.CRYP_AES_CTR) refers to stm32f4xx_cryp.o(i.CRYP_Cmd) for CRYP_Cmd
    stm32f4xx_cryp_aes.o(i.CRYP_AES_CTR) refers to stm32f4xx_cryp.o(i.CRYP_GetCmdStatus) for CRYP_GetCmdStatus
    stm32f4xx_cryp_aes.o(i.CRYP_AES_CTR) refers to stm32f4xx_cryp.o(i.CRYP_DataIn) for CRYP_DataIn
    stm32f4xx_cryp_aes.o(i.CRYP_AES_CTR) refers to stm32f4xx_cryp.o(i.CRYP_GetFlagStatus) for CRYP_GetFlagStatus
    stm32f4xx_cryp_aes.o(i.CRYP_AES_CTR) refers to stm32f4xx_cryp.o(i.CRYP_DataOut) for CRYP_DataOut
    stm32f4xx_cryp_aes.o(i.CRYP_AES_ECB) refers to stm32f4xx_cryp.o(i.CRYP_KeyStructInit) for CRYP_KeyStructInit
    stm32f4xx_cryp_aes.o(i.CRYP_AES_ECB) refers to stm32f4xx_cryp.o(i.CRYP_KeyInit) for CRYP_KeyInit
    stm32f4xx_cryp_aes.o(i.CRYP_AES_ECB) refers to stm32f4xx_cryp.o(i.CRYP_Init) for CRYP_Init
    stm32f4xx_cryp_aes.o(i.CRYP_AES_ECB) refers to stm32f4xx_cryp.o(i.CRYP_FIFOFlush) for CRYP_FIFOFlush
    stm32f4xx_cryp_aes.o(i.CRYP_AES_ECB) refers to stm32f4xx_cryp.o(i.CRYP_Cmd) for CRYP_Cmd
    stm32f4xx_cryp_aes.o(i.CRYP_AES_ECB) refers to stm32f4xx_cryp.o(i.CRYP_GetCmdStatus) for CRYP_GetCmdStatus
    stm32f4xx_cryp_aes.o(i.CRYP_AES_ECB) refers to stm32f4xx_cryp.o(i.CRYP_GetFlagStatus) for CRYP_GetFlagStatus
    stm32f4xx_cryp_aes.o(i.CRYP_AES_ECB) refers to stm32f4xx_cryp.o(i.CRYP_DataIn) for CRYP_DataIn
    stm32f4xx_cryp_aes.o(i.CRYP_AES_ECB) refers to stm32f4xx_cryp.o(i.CRYP_DataOut) for CRYP_DataOut
    stm32f4xx_cryp_aes.o(i.CRYP_AES_GCM) refers to stm32f4xx_cryp.o(i.CRYP_KeyStructInit) for CRYP_KeyStructInit
    stm32f4xx_cryp_aes.o(i.CRYP_AES_GCM) refers to stm32f4xx_cryp.o(i.CRYP_FIFOFlush) for CRYP_FIFOFlush
    stm32f4xx_cryp_aes.o(i.CRYP_AES_GCM) refers to stm32f4xx_cryp.o(i.CRYP_KeyInit) for CRYP_KeyInit
[...]
    printfa.o(i.__0vsprintf) refers to printfa.o(i._printf_core) for _printf_core
    printfa.o(i.__0vsprintf) refers to printfa.o(i._sputc) for _sputc
    printfa.o(i._fp_digits) refers (Special) to iusefp.o(.text) for __I$use$fp
    printfa.o(i._fp_digits) refers to dmul.o(.text) for __aeabi_dmul
    printfa.o(i._fp_digits) refers to ddiv.o(.text) for __aeabi_ddiv
    printfa.o(i._fp_digits) refers to cdrcmple.o(.text) for __aeabi_cdrcmple
    printfa.o(i._fp_digits) refers to dadd.o(.text) for __aeabi_dadd
    printfa.o(i._fp_digits) refers to dfixul.o(.text) for __aeabi_d2ulz
    printfa.o(i._fp_digits) refers to uldiv.o(.text) for __aeabi_uldivmod
    printfa.o(i._printf_core) refers (Special) to iusefp.o(.text) for __I$use$fp
    printfa.o(i._printf_core) refers to printfa.o(i._printf_pre_padding) for _printf_pre_padding
    printfa.o(i._printf_core) refers to uldiv.o(.text) for __aeabi_uldivmod
    printfa.o(i._printf_core) refers to printfa.o(i._printf_post_padding) for _printf_post_padding
    printfa.o(i._printf_core) refers to printfa.o(i._fp_digits) for _fp_digits
    printfa.o(i._printf_core) refers to uidiv.o(.text) for __aeabi_uidivmod
    printfa.o(i._printf_post_padding) refers (Special) to iusefp.o(.text) for __I$use$fp
    printfa.o(i._printf_pre_padding) refers (Special) to iusefp.o(.text) for __I$use$fp
    printfa.o(i._snputc) refers (Special) to iusefp.o(.text) for __I$use$fp
    printfa.o(i._sputc) refers (Special) to iusefp.o(.text) for __I$use$fp
    malloc.o(i.free) refers to mvars.o(.data) for __microlib_freelist
    malloc.o(i.malloc) refers to mvars.o(.data) for __microlib_freelist_initialised
    malloc.o(i.malloc) refers to mvars.o(.data) for __microlib_freelist
    malloc.o(i.malloc) refers to startup_stm32f40_41xxx.o(HEAP) for __heap_base
    mallocr.o(i.__free$realloc) refers to mvars.o(.data) for __microlib_freelist
    mallocr.o(i.__malloc$realloc) refers to mallocr.o(i.internal_alloc) for internal_alloc
    mallocr.o(i.__malloc$realloc) refers to mvars.o(.data) for __microlib_freelist_initialised
    mallocr.o(i.__malloc$realloc) refers to startup_stm32f40_41xxx.o(HEAP) for __heap_base
    mallocr.o(i.__malloc$realloc) refers to mvars.o(.data) for __microlib_freelist
    mallocr.o(i.internal_alloc) refers to memcpya.o(.text) for __aeabi_memcpy
    mallocr.o(i.internal_alloc) refers to mvars.o(.data) for __microlib_freelist
    mallocr.o(i.realloc) refers to mallocr.o(i.__free$realloc) for __free$realloc
    mallocr.o(i.realloc) refers to mallocr.o(i.internal_alloc) for internal_alloc
    mallocr.o(i.realloc) refers to mallocr.o(i.__malloc$realloc) for __malloc$realloc
    mallocr.o(i.realloc) refers to mvars.o(.data) for __microlib_freelist
    malloca.o(i.__aligned_malloc) refers to mvars.o(.data) for __microlib_freelist_initialised
    malloca.o(i.__aligned_malloc) refers to mvars.o(.data) for __microlib_freelist
    malloca.o(i.__aligned_malloc) refers to startup_stm32f40_41xxx.o(HEAP) for __heap_base
    malloca.o(i.__free$memalign) refers to mvars.o(.data) for __microlib_freelist
    malloca.o(i.__malloc$memalign) refers to malloca.o(i.__aligned_malloc) for __aligned_malloc
    mallocra.o(i.__aligned_malloc$realloc) refers to mallocra.o(i.internal_alloc) for internal_alloc
    mallocra.o(i.__aligned_malloc$realloc) refers to mvars.o(.data) for __microlib_freelist_initialised
    mallocra.o(i.__aligned_malloc$realloc) refers to startup_stm32f40_41xxx.o(HEAP) for __heap_base
    mallocra.o(i.__aligned_malloc$realloc) refers to mvars.o(.data) for __microlib_freelist
    mallocra.o(i.__free$realloc$memalign) refers to mvars.o(.data) for __microlib_freelist
    mallocra.o(i.__malloc$realloc$memalign) refers to mallocra.o(i.__aligned_malloc$realloc) for __aligned_malloc$realloc
    mallocra.o(i.__realloc$memalign) refers to mallocra.o(i.__free$realloc$memalign) for __free$realloc$memalign
    mallocra.o(i.__realloc$memalign) refers to mallocra.o(i.internal_alloc) for internal_alloc
    mallocra.o(i.__realloc$memalign) refers to mallocra.o(i.__malloc$realloc$memalign) for __malloc$realloc$memalign
    mallocra.o(i.__realloc$memalign) refers to mvars.o(.data) for __microlib_freelist
    mallocra.o(i.internal_alloc) refers to memcpya.o(.text) for __aeabi_memcpy
    mallocra.o(i.internal_alloc) refers to mvars.o(.data) for __microlib_freelist
    dadd.o(.text) refers (Special) to iusefp.o(.text) for __I$use$fp
    dadd.o(.text) refers to llshl.o(.text) for __aeabi_llsl
    dadd.o(.text) refers to llsshr.o(.text) for __aeabi_lasr
    dadd.o(.text) refers to depilogue.o(.text) for _double_epilogue
    dmul.o(.text) refers (Special) to iusefp.o(.text) for __I$use$fp
    dmul.o(.text) refers to depilogue.o(.text) for _double_epilogue
    ddiv.o(.text) refers (Special) to iusefp.o(.text) for __I$use$fp
    ddiv.o(.text) refers to depilogue.o(.text) for _double_round
    dflti.o(.text) refers (Special) to iusefp.o(.text) for __I$use$fp
    dflti.o(.text) refers to depilogue.o(.text) for _double_epilogue
    dfixi.o(.text) refers (Special) to iusefp.o(.text) for __I$use$fp
    dfixi.o(.text) refers to llushr.o(.text) for __aeabi_llsr
    f2d.o(.text) refers (Special) to iusefp.o(.text) for __I$use$fp
    d2f.o(.text) refers (Special) to iusefp.o(.text) for __I$use$fp
    d2f.o(.text) refers to fepilogue.o(.text) for _float_round
    dunder.o(i.__mathlib_dbl_divzero) refers to ddiv.o(.text) for __aeabi_ddiv
    dunder.o(i.__mathlib_dbl_infnan) refers to dadd.o(.text) for __aeabi_dadd
    dunder.o(i.__mathlib_dbl_infnan2) refers to dadd.o(.text) for __aeabi_dadd
    dunder.o(i.__mathlib_dbl_invalid) refers to ddiv.o(.text) for __aeabi_ddiv
    dunder.o(i.__mathlib_dbl_overflow) refers to dmul.o(.text) for __aeabi_dmul
    dunder.o(i.__mathlib_dbl_posinfnan) refers to dmul.o(.text) for __aeabi_dmul
    dunder.o(i.__mathlib_dbl_underflow) refers to dmul.o(.text) for __aeabi_dmul
    rred.o(i.__ieee754_rem_pio2) refers (Special) to iusefp.o(.text) for __I$use$fp
    rred.o(i.__ieee754_rem_pio2) refers to dadd.o(.text) for __aeabi_dsub
    rred.o(i.__ieee754_rem_pio2) refers to fabs.o(i.fabs) for fabs
    rred.o(i.__ieee754_rem_pio2) refers to dmul.o(.text) for __aeabi_dmul
    rred.o(i.__ieee754_rem_pio2) refers to dfixi.o(.text) for __aeabi_d2iz
    rred.o(i.__ieee754_rem_pio2) refers to dflti.o(.text) for __aeabi_i2d
    rred.o(i.__ieee754_rem_pio2) refers to dfltui.o(.text) for __aeabi_ui2d
    rred.o(i.__ieee754_rem_pio2) refers to rred.o(.constdata) for .constdata
    rred.o(i.__use_accurate_range_reduction) refers (Special) to iusefp.o(.text) for __I$use$fp
    rred.o(.constdata) refers (Special) to iusefp.o(.text) for __I$use$fp
    tan_i.o(i.__kernel_tan) refers (Special) to iusefp.o(.text) for __I$use$fp
    tan_i.o(i.__kernel_tan) refers to dfixi.o(.text) for __aeabi_d2iz
    tan_i.o(i.__kernel_tan) refers to dadd.o(.text) for __aeabi_drsub
    tan_i.o(i.__kernel_tan) refers to dmul.o(.text) for __aeabi_dmul
    tan_i.o(i.__kernel_tan) refers to poly.o(i.__kernel_poly) for __kernel_poly
    tan_i.o(i.__kernel_tan) refers to dflti.o(.text) for __aeabi_i2d
    tan_i.o(i.__kernel_tan) refers to ddiv.o(.text) for __aeabi_ddiv
    tan_i.o(i.__kernel_tan) refers to fabs.o(i.fabs) for fabs
    tan_i.o(i.__kernel_tan) refers to fpclassify.o(i.__ARM_fpclassify) for __ARM_fpclassify
    tan_i.o(i.__kernel_tan) refers to dunder.o(i.__mathlib_dbl_underflow) for __mathlib_dbl_underflow
    tan_i.o(i.__kernel_tan) refers to tan_i.o(.constdata) for .constdata
    tan_i.o(.constdata) refers (Special) to iusefp.o(.text) for __I$use$fp
    tan_i_x.o(i.____kernel_tan$lsc) refers (Special) to iusefp.o(.text) for __I$use$fp
    tan_i_x.o(i.____kernel_tan$lsc) refers to dfixi.o(.text) for __aeabi_d2iz
    tan_i_x.o(i.____kernel_tan$lsc) refers to dadd.o(.text) for __aeabi_drsub
    tan_i_x.o(i.____kernel_tan$lsc) refers to dmul.o(.text) for __aeabi_dmul
    tan_i_x.o(i.____kernel_tan$lsc) refers to poly.o(i.__kernel_poly) for __kernel_poly
    tan_i_x.o(i.____kernel_tan$lsc) refers to dflti.o(.text) for __aeabi_i2d
    tan_i_x.o(i.____kernel_tan$lsc) refers to ddiv.o(.text) for __aeabi_ddiv
    tan_i_x.o(i.____kernel_tan$lsc) refers to fabs.o(i.fabs) for fabs
    tan_i_x.o(i.____kernel_tan$lsc) refers to tan_i_x.o(.constdata) for .constdata
    tan_i_x.o(.constdata) refers (Special) to iusefp.o(.text) for __I$use$fp
    entry2.o(.ARM.Collect$$$$00000001) refers to entry2.o(.ARM.Collect$$$$00002712) for __lit__00000000
    entry2.o(.ARM.Collect$$$$00002712) refers to startup_stm32f40_41xxx.o(STACK) for __initial_sp
    entry2.o(__vectab_stack_and_reset_area) refers to startup_stm32f40_41xxx.o(STACK) for __initial_sp
    entry2.o(__vectab_stack_and_reset_area) refers to entry.o(.ARM.Collect$$$$00000000) for __main
    entry5.o(.ARM.Collect$$$$00000004) refers to init.o(.text) for __scatterload
    entry9a.o(.ARM.Collect$$$$0000000B) refers to main.o(i.main) for main
    entry9b.o(.ARM.Collect$$$$0000000C) refers to main.o(i.main) for main
    fputc.o(i.fputc) refers (Special) to iusesemip.o(.text) for __I$use$semihosting$fputc
    fputc.o(i.fputc) refers (Special) to semi.o(.text) for __semihosting_library_function
    uldiv.o(.text) refers to llushr.o(.text) for __aeabi_llsr
    uldiv.o(.text) refers to llshl.o(.text) for __aeabi_llsl
    errno.o(i.__aeabi_errno_addr) refers to errno.o(.data) for .data
    errno.o(i.__read_errno) refers to errno.o(.data) for .data
    errno.o(i.__set_errno) refers to errno.o(.data) for .data
    depilogue.o(.text) refers to llshl.o(.text) for __aeabi_llsl
    depilogue.o(.text) refers to llushr.o(.text) for __aeabi_llsr
    dfixul.o(.text) refers to llushr.o(.text) for __aeabi_llsr
    dfixul.o(.text) refers to llshl.o(.text) for __aeabi_llsl
    fabs.o(i.__hardfp_fabs) refers (Special) to iusefp.o(.text) for __I$use$fp
    fabs.o(i.__softfp_fabs) refers (Special) to iusefp.o(.text) for __I$use$fp
    fabs.o(i.fabs) refers (Special) to iusefp.o(.text) for __I$use$fp
    fpclassify.o(i.__ARM_fpclassify) refers (Special) to iusefp.o(.text) for __I$use$fp
    poly.o(i.__kernel_poly) refers (Special) to iusefp.o(.text) for __I$use$fp
    poly.o(i.__kernel_poly) refers to dmul.o(.text) for __aeabi_dmul
    poly.o(i.__kernel_poly) refers to dadd.o(.text) for __aeabi_dadd
    init.o(.text) refers to entry5.o(.ARM.Collect$$$$00000004) for __main_after_scatterload
    dfltui.o(.text) refers to depilogue.o(.text) for _double_epilogue
    dsp_math.o(i.dsp_cos) refers to arm_cos_q15.o(.text) for arm_cos_q15
    dsp_math.o(i.dsp_sin) refers to arm_sin_q15.o(.text) for arm_sin_q15


==============================================================================

Removing Unused input sections from the image.

    Removing misc_1.o(.rev16_text), (4 bytes).
    Removing misc_1.o(.revsh_text), (4 bytes).
    Removing misc_1.o(.rrx_text), (6 bytes).
    Removing misc_1.o(i.NVIC_PriorityGroupConfig), (20 bytes).
    Removing misc_1.o(i.NVIC_SetVectorTable), (20 bytes).
    Removing misc_1.o(i.NVIC_SystemLPConfig), (24 bytes).
    Removing misc_1.o(i.SysTick_CLKSourceConfig), (22 bytes).
    Removing stm32f4xx_adc.o(.rev16_text), (4 bytes).
    Removing stm32f4xx_adc.o(.revsh_text), (4 bytes).
    Removing stm32f4xx_adc.o(.rrx_text), (6 bytes).
    Removing stm32f4xx_adc.o(i.ADC_AnalogWatchdogCmd), (16 bytes).
    Removing stm32f4xx_adc.o(i.ADC_AnalogWatchdogSingleChannelConfig), (12 bytes).
    Removing stm32f4xx_adc.o(i.ADC_AnalogWatchdogThresholdsConfig), (6 bytes).
    Removing stm32f4xx_adc.o(i.ADC_AutoInjectedConvCmd), (18 bytes).
    Removing stm32f4xx_adc.o(i.ADC_ClearFlag), (6 bytes).
    Removing stm32f4xx_adc.o(i.ADC_ClearITPendingBit), (8 bytes).
    Removing stm32f4xx_adc.o(i.ADC_CommonStructInit), (12 bytes).
    Removing stm32f4xx_adc.o(i.ADC_ContinuousModeCmd), (18 bytes).
    Removing stm32f4xx_adc.o(i.ADC_DeInit), (24 bytes).
    Removing stm32f4xx_adc.o(i.ADC_DiscModeChannelCountConfig), (16 bytes).
    Removing stm32f4xx_adc.o(i.ADC_DiscModeCmd), (18 bytes).
    Removing stm32f4xx_adc.o(i.ADC_EOCOnEachRegularChannelCmd), (18 bytes).
    Removing stm32f4xx_adc.o(i.ADC_ExternalTrigInjectedConvConfig), (12 bytes).
    Removing stm32f4xx_adc.o(i.ADC_ExternalTrigInjectedConvEdgeConfig), (12 bytes).
    Removing stm32f4xx_adc.o(i.ADC_GetConversionValue), (6 bytes).
    Removing stm32f4xx_adc.o(i.ADC_GetFlagStatus), (14 bytes).
    Removing stm32f4xx_adc.o(i.ADC_GetITStatus), (36 bytes).
    Removing stm32f4xx_adc.o(i.ADC_GetInjectedConversionValue), (16 bytes).
    Removing stm32f4xx_adc.o(i.ADC_GetMultiModeConversionValue), (12 bytes).
    Removing stm32f4xx_adc.o(i.ADC_GetSoftwareStartConvStatus), (16 bytes).
    Removing stm32f4xx_adc.o(i.ADC_GetSoftwareStartInjectedConvCmdStatus), (16 bytes).
    Removing stm32f4xx_adc.o(i.ADC_ITConfig), (22 bytes).
    Removing stm32f4xx_adc.o(i.ADC_InjectedChannelConfig), (96 bytes).
    Removing stm32f4xx_adc.o(i.ADC_InjectedDiscModeCmd), (18 bytes).
    Removing stm32f4xx_adc.o(i.ADC_InjectedSequencerLengthConfig), (16 bytes).
    Removing stm32f4xx_adc.o(i.ADC_MultiModeDMARequestAfterLastTransferCmd), (28 bytes).
    Removing stm32f4xx_adc.o(i.ADC_SetInjectedOffset), (12 bytes).
    Removing stm32f4xx_adc.o(i.ADC_SoftwareStartInjectedConv), (10 bytes).
    Removing stm32f4xx_adc.o(i.ADC_StructInit), (20 bytes).
    Removing stm32f4xx_adc.o(i.ADC_TempSensorVrefintCmd), (28 bytes).
    Removing stm32f4xx_adc.o(i.ADC_VBATCmd), (28 bytes).
    Removing stm32f4xx_can.o(.rev16_text), (4 bytes).
    Removing stm32f4xx_can.o(.revsh_text), (4 bytes).
    Removing stm32f4xx_can.o(.rrx_text), (6 bytes).
    Removing stm32f4xx_can.o(i.CAN_CancelTransmit), (40 bytes).
    Removing stm32f4xx_can.o(i.CAN_ClearFlag), (52 bytes).
    Removing stm32f4xx_can.o(i.CAN_DBGFreeze), (18 bytes).
    Removing stm32f4xx_can.o(i.CAN_DeInit), (58 bytes).
    Removing stm32f4xx_can.o(i.CAN_FIFORelease), (22 bytes).
    Removing stm32f4xx_can.o(i.CAN_FilterInit), (240 bytes).
    Removing stm32f4xx_can.o(i.CAN_GetFlagStatus), (82 bytes).
    Removing stm32f4xx_can.o(i.CAN_GetLSBTransmitErrorCounter), (8 bytes).
    Removing stm32f4xx_can.o(i.CAN_GetLastErrorCode), (10 bytes).
    Removing stm32f4xx_can.o(i.CAN_GetReceiveErrorCounter), (6 bytes).
    Removing stm32f4xx_can.o(i.CAN_ITConfig), (16 bytes).
    Removing stm32f4xx_can.o(i.CAN_Init), (234 bytes).
    Removing stm32f4xx_can.o(i.CAN_MessagePending), (26 bytes).
    Removing stm32f4xx_can.o(i.CAN_OperatingModeRequest), (138 bytes).
    Removing stm32f4xx_can.o(i.CAN_SlaveStartBank), (44 bytes).
    Removing stm32f4xx_can.o(i.CAN_Sleep), (30 bytes).
    Removing stm32f4xx_can.o(i.CAN_StructInit), (32 bytes).
    Removing stm32f4xx_can.o(i.CAN_TTComModeCmd), (90 bytes).
    Removing stm32f4xx_can.o(i.CAN_TransmitStatus), (124 bytes).
    Removing stm32f4xx_can.o(i.CAN_WakeUp), (42 bytes).
    Removing stm32f4xx_cec.o(.rev16_text), (4 bytes).
    Removing stm32f4xx_cec.o(.revsh_text), (4 bytes).
    Removing stm32f4xx_cec.o(.rrx_text), (6 bytes).
    Removing stm32f4xx_crc.o(.rev16_text), (4 bytes).
    Removing stm32f4xx_crc.o(.revsh_text), (4 bytes).
    Removing stm32f4xx_crc.o(.rrx_text), (6 bytes).
    Removing stm32f4xx_crc.o(i.CRC_CalcBlockCRC), (60 bytes).
    Removing stm32f4xx_crc.o(i.CRC_CalcCRC), (12 bytes).
    Removing stm32f4xx_crc.o(i.CRC_GetCRC), (12 bytes).
    Removing stm32f4xx_crc.o(i.CRC_GetIDRegister), (12 bytes).
    Removing stm32f4xx_crc.o(i.CRC_ResetDR), (12 bytes).
    Removing stm32f4xx_crc.o(i.CRC_SetIDRegister), (12 bytes).
    Removing stm32f4xx_cryp.o(.rev16_text), (4 bytes).
    Removing stm32f4xx_cryp.o(.revsh_text), (4 bytes).
    Removing stm32f4xx_cryp.o(.rrx_text), (6 bytes).
    Removing stm32f4xx_cryp.o(i.CRYP_Cmd), (24 bytes).
    Removing stm32f4xx_cryp.o(i.CRYP_DMACmd), (24 bytes).
    Removing stm32f4xx_cryp.o(i.CRYP_DataIn), (12 bytes).
    Removing stm32f4xx_cryp.o(i.CRYP_DataOut), (12 bytes).
    Removing stm32f4xx_cryp.o(i.CRYP_DeInit), (22 bytes).
    Removing stm32f4xx_cryp.o(i.CRYP_FIFOFlush), (16 bytes).
    Removing stm32f4xx_cryp.o(i.CRYP_GetCmdStatus), (20 bytes).
    Removing stm32f4xx_cryp.o(i.CRYP_GetFlagStatus), (28 bytes).
    Removing stm32f4xx_cryp.o(i.CRYP_GetITStatus), (20 bytes).
    Removing stm32f4xx_cryp.o(i.CRYP_ITConfig), (24 bytes).
    Removing stm32f4xx_cryp.o(i.CRYP_IVInit), (24 bytes).
    Removing stm32f4xx_cryp.o(i.CRYP_IVStructInit), (12 bytes).
    Removing stm32f4xx_cryp.o(i.CRYP_Init), (96 bytes).
    Removing stm32f4xx_cryp.o(i.CRYP_KeyInit), (40 bytes).
    Removing stm32f4xx_cryp.o(i.CRYP_KeyStructInit), (20 bytes).
    Removing stm32f4xx_cryp.o(i.CRYP_PhaseConfig), (20 bytes).
    Removing stm32f4xx_cryp.o(i.CRYP_RestoreContext), (140 bytes).
    Removing stm32f4xx_cryp.o(i.CRYP_SaveContext), (236 bytes).
    Removing stm32f4xx_cryp.o(i.CRYP_StructInit), (12 bytes).
    Removing stm32f4xx_cryp_aes.o(.rev16_text), (4 bytes).
    Removing stm32f4xx_cryp_aes.o(.revsh_text), (4 bytes).
    Removing stm32f4xx_cryp_aes.o(.rrx_text), (6 bytes).
    Removing stm32f4xx_cryp_aes.o(i.CRYP_AES_CBC), (470 bytes).
    Removing stm32f4xx_cryp_aes.o(i.CRYP_AES_CCM), (1666 bytes).
    Removing stm32f4xx_cryp_aes.o(i.CRYP_AES_CTR), (438 bytes).
    Removing stm32f4xx_cryp_aes.o(i.CRYP_AES_ECB), (434 bytes).
    Removing stm32f4xx_cryp_aes.o(i.CRYP_AES_GCM), (1162 bytes).
    Removing stm32f4xx_cryp_des.o(.rev16_text), (4 bytes).
    Removing stm32f4xx_cryp_des.o(.revsh_text), (4 bytes).
    Removing stm32f4xx_cryp_des.o(.rrx_text), (6 bytes).
    Removing stm32f4xx_cryp_des.o(i.CRYP_DES_CBC), (228 bytes).
    Removing stm32f4xx_cryp_des.o(i.CRYP_DES_ECB), (206 bytes).
    Removing stm32f4xx_cryp_tdes.o(.rev16_text), (4 bytes).
    Removing stm32f4xx_cryp_tdes.o(.revsh_text), (4 bytes).
    Removing stm32f4xx_cryp_tdes.o(.rrx_text), (6 bytes).
    Removing stm32f4xx_cryp_tdes.o(i.CRYP_TDES_CBC), (260 bytes).
    Removing stm32f4xx_cryp_tdes.o(i.CRYP_TDES_ECB), (234 bytes).
    Removing stm32f4xx_dac.o(.rev16_text), (4 bytes).
    Removing stm32f4xx_dac.o(.revsh_text), (4 bytes).
    Removing stm32f4xx_dac.o(.rrx_text), (6 bytes).
    Removing stm32f4xx_dac.o(i.DAC_ClearFlag), (16 bytes).
    Removing stm32f4xx_dac.o(i.DAC_ClearITPendingBit), (16 bytes).
    Removing stm32f4xx_dac.o(i.DAC_Cmd), (28 bytes).
    Removing stm32f4xx_dac.o(i.DAC_DMACmd), (28 bytes).
    Removing stm32f4xx_dac.o(i.DAC_DeInit), (24 bytes).
    Removing stm32f4xx_dac.o(i.DAC_DualSoftwareTriggerCmd), (24 bytes).
    Removing stm32f4xx_dac.o(i.DAC_GetDataOutputValue), (24 bytes).
    Removing stm32f4xx_dac.o(i.DAC_GetFlagStatus), (24 bytes).
    Removing stm32f4xx_dac.o(i.DAC_GetITStatus), (40 bytes).
    Removing stm32f4xx_dac.o(i.DAC_ITConfig), (28 bytes).
    Removing stm32f4xx_dac.o(i.DAC_Init), (52 bytes).
    Removing stm32f4xx_dac.o(i.DAC_SetChannel1Data), (22 bytes).
    Removing stm32f4xx_dac.o(i.DAC_SetChannel2Data), (22 bytes).
    Removing stm32f4xx_dac.o(i.DAC_SetDualChannelData), (24 bytes).
    Removing stm32f4xx_dac.o(i.DAC_SoftwareTriggerCmd), (32 bytes).
    Removing stm32f4xx_dac.o(i.DAC_StructInit), (12 bytes).
    Removing stm32f4xx_dac.o(i.DAC_WaveGenerationCmd), (28 bytes).
    Removing stm32f4xx_dbgmcu.o(.rev16_text), (4 bytes).
    Removing stm32f4xx_dbgmcu.o(.revsh_text), (4 bytes).
    Removing stm32f4xx_dbgmcu.o(.rrx_text), (6 bytes).
    Removing stm32f4xx_dbgmcu.o(i.DBGMCU_APB1PeriphConfig), (24 bytes).
    Removing stm32f4xx_dbgmcu.o(i.DBGMCU_APB2PeriphConfig), (24 bytes).
    Removing stm32f4xx_dbgmcu.o(i.DBGMCU_Config), (24 bytes).
    Removing stm32f4xx_dbgmcu.o(i.DBGMCU_GetDEVID), (16 bytes).
    Removing stm32f4xx_dbgmcu.o(i.DBGMCU_GetREVID), (12 bytes).
    Removing stm32f4xx_dcmi.o(.rev16_text), (4 bytes).
    Removing stm32f4xx_dcmi.o(.revsh_text), (4 bytes).
    Removing stm32f4xx_dcmi.o(.rrx_text), (6 bytes).
    Removing stm32f4xx_dcmi.o(i.DCMI_CROPCmd), (24 bytes).
    Removing stm32f4xx_dcmi.o(i.DCMI_CROPConfig), (24 bytes).
    Removing stm32f4xx_dcmi.o(i.DCMI_CaptureCmd), (24 bytes).
    Removing stm32f4xx_dcmi.o(i.DCMI_ClearFlag), (12 bytes).
    Removing stm32f4xx_dcmi.o(i.DCMI_ClearITPendingBit), (12 bytes).
    Removing stm32f4xx_dcmi.o(i.DCMI_Cmd), (24 bytes).
    Removing stm32f4xx_dcmi.o(i.DCMI_DeInit), (28 bytes).
    Removing stm32f4xx_dcmi.o(i.DCMI_GetFlagStatus), (36 bytes).
    Removing stm32f4xx_dcmi.o(i.DCMI_GetITStatus), (20 bytes).
    Removing stm32f4xx_dcmi.o(i.DCMI_ITConfig), (24 bytes).
    Removing stm32f4xx_dcmi.o(i.DCMI_Init), (84 bytes).
    Removing stm32f4xx_dcmi.o(i.DCMI_JPEGCmd), (24 bytes).
    Removing stm32f4xx_dcmi.o(i.DCMI_ReadData), (12 bytes).
    Removing stm32f4xx_dcmi.o(i.DCMI_SetEmbeddedSynchroCodes), (20 bytes).
    Removing stm32f4xx_dcmi.o(i.DCMI_StructInit), (18 bytes).
    Removing stm32f4xx_dma.o(.rev16_text), (4 bytes).
    Removing stm32f4xx_dma.o(.revsh_text), (4 bytes).
    Removing stm32f4xx_dma.o(.rrx_text), (6 bytes).
    Removing stm32f4xx_dma.o(i.DMA_ClearFlag), (44 bytes).
    Removing stm32f4xx_dma.o(i.DMA_ClearITPendingBit), (44 bytes).
    Removing stm32f4xx_dma.o(i.DMA_DoubleBufferModeCmd), (18 bytes).
    Removing stm32f4xx_dma.o(i.DMA_DoubleBufferModeConfig), (20 bytes).
    Removing stm32f4xx_dma.o(i.DMA_FlowControllerConfig), (18 bytes).
    Removing stm32f4xx_dma.o(i.DMA_GetCmdStatus), (16 bytes).
    Removing stm32f4xx_dma.o(i.DMA_GetCurrDataCounter), (6 bytes).
    Removing stm32f4xx_dma.o(i.DMA_GetCurrentMemoryTarget), (16 bytes).
    Removing stm32f4xx_dma.o(i.DMA_GetFIFOStatus), (8 bytes).
    Removing stm32f4xx_dma.o(i.DMA_GetFlagStatus), (52 bytes).
    Removing stm32f4xx_dma.o(i.DMA_GetITStatus), (96 bytes).
    Removing stm32f4xx_dma.o(i.DMA_ITConfig), (64 bytes).
    Removing stm32f4xx_dma.o(i.DMA_MemoryTargetConfig), (10 bytes).
    Removing stm32f4xx_dma.o(i.DMA_PeriphIncOffsetSizeConfig), (18 bytes).
    Removing stm32f4xx_dma.o(i.DMA_SetCurrDataCounter), (4 bytes).
    Removing stm32f4xx_dma.o(i.DMA_StructInit), (34 bytes).
    Removing stm32f4xx_dma2d.o(.rev16_text), (4 bytes).
    Removing stm32f4xx_dma2d.o(.revsh_text), (4 bytes).
    Removing stm32f4xx_dma2d.o(.rrx_text), (6 bytes).
    Removing stm32f4xx_dma2d.o(i.DMA2D_AbortTransfer), (16 bytes).
    Removing stm32f4xx_dma2d.o(i.DMA2D_BGConfig), (116 bytes).
    Removing stm32f4xx_dma2d.o(i.DMA2D_BGStart), (24 bytes).
    Removing stm32f4xx_dma2d.o(i.DMA2D_BG_StructInit), (26 bytes).
    Removing stm32f4xx_dma2d.o(i.DMA2D_ClearFlag), (12 bytes).
    Removing stm32f4xx_dma2d.o(i.DMA2D_ClearITPendingBit), (12 bytes).
    Removing stm32f4xx_dma2d.o(i.DMA2D_DeInit), (24 bytes).
    Removing stm32f4xx_dma2d.o(i.DMA2D_DeadTimeConfig), (44 bytes).
    Removing stm32f4xx_dma2d.o(i.DMA2D_FGConfig), (116 bytes).
    Removing stm32f4xx_dma2d.o(i.DMA2D_FGStart), (24 bytes).
    Removing stm32f4xx_dma2d.o(i.DMA2D_FG_StructInit), (26 bytes).
    Removing stm32f4xx_dma2d.o(i.DMA2D_GetFlagStatus), (20 bytes).
    Removing stm32f4xx_dma2d.o(i.DMA2D_GetITStatus), (36 bytes).
    Removing stm32f4xx_dma2d.o(i.DMA2D_ITConfig), (24 bytes).
    Removing stm32f4xx_dma2d.o(i.DMA2D_Init), (200 bytes).
    Removing stm32f4xx_dma2d.o(i.DMA2D_LineWatermarkConfig), (12 bytes).
    Removing stm32f4xx_dma2d.o(i.DMA2D_StartTransfer), (16 bytes).
    Removing stm32f4xx_dma2d.o(i.DMA2D_StructInit), (24 bytes).
    Removing stm32f4xx_dma2d.o(i.DMA2D_Suspend), (24 bytes).
    Removing stm32f4xx_dsi.o(.rev16_text), (4 bytes).
    Removing stm32f4xx_dsi.o(.revsh_text), (4 bytes).
    Removing stm32f4xx_dsi.o(.rrx_text), (6 bytes).
    Removing stm32f4xx_exti.o(.rev16_text), (4 bytes).
    Removing stm32f4xx_exti.o(.revsh_text), (4 bytes).
    Removing stm32f4xx_exti.o(.rrx_text), (6 bytes).
    Removing stm32f4xx_exti.o(i.EXTI_ClearFlag), (12 bytes).
    Removing stm32f4xx_exti.o(i.EXTI_ClearITPendingBit), (12 bytes).
    Removing stm32f4xx_exti.o(i.EXTI_DeInit), (40 bytes).
    Removing stm32f4xx_exti.o(i.EXTI_GenerateSWInterrupt), (16 bytes).
    Removing stm32f4xx_exti.o(i.EXTI_GetFlagStatus), (20 bytes).
    Removing stm32f4xx_exti.o(i.EXTI_GetITStatus), (20 bytes).
    Removing stm32f4xx_exti.o(i.EXTI_Init), (144 bytes).
    Removing stm32f4xx_exti.o(i.EXTI_StructInit), (14 bytes).
    Removing stm32f4xx_flash.o(.rev16_text), (4 bytes).
    Removing stm32f4xx_flash.o(.revsh_text), (4 bytes).
    Removing stm32f4xx_flash.o(.rrx_text), (6 bytes).
    Removing stm32f4xx_flash.o(i.FLASH_ClearFlag), (12 bytes).
    Removing stm32f4xx_flash.o(i.FLASH_DataCacheCmd), (24 bytes).
    Removing stm32f4xx_flash.o(i.FLASH_DataCacheReset), (16 bytes).
    Removing stm32f4xx_flash.o(i.FLASH_EraseAllBank1Sectors), (92 bytes).
    Removing stm32f4xx_flash.o(i.FLASH_EraseAllBank2Sectors), (92 bytes).
    Removing stm32f4xx_flash.o(i.FLASH_EraseAllSectors), (92 bytes).
    Removing stm32f4xx_flash.o(i.FLASH_EraseSector), (108 bytes).
    Removing stm32f4xx_flash.o(i.FLASH_GetFlagStatus), (20 bytes).
    Removing stm32f4xx_flash.o(i.FLASH_GetStatus), (68 bytes).
    Removing stm32f4xx_flash.o(i.FLASH_ITConfig), (24 bytes).
    Removing stm32f4xx_flash.o(i.FLASH_InstructionCacheCmd), (24 bytes).
    Removing stm32f4xx_flash.o(i.FLASH_InstructionCacheReset), (16 bytes).
    Removing stm32f4xx_flash.o(i.FLASH_Lock), (16 bytes).
    Removing stm32f4xx_flash.o(i.FLASH_OB_BORConfig), (24 bytes).
    Removing stm32f4xx_flash.o(i.FLASH_OB_BootConfig), (24 bytes).
    Removing stm32f4xx_flash.o(i.FLASH_OB_GetBOR), (16 bytes).
    Removing stm32f4xx_flash.o(i.FLASH_OB_GetPCROP), (12 bytes).
    Removing stm32f4xx_flash.o(i.FLASH_OB_GetPCROP1), (12 bytes).
    Removing stm32f4xx_flash.o(i.FLASH_OB_GetRDP), (20 bytes).
    Removing stm32f4xx_flash.o(i.FLASH_OB_GetUser), (16 bytes).
    Removing stm32f4xx_flash.o(i.FLASH_OB_GetWRP), (12 bytes).
    Removing stm32f4xx_flash.o(i.FLASH_OB_GetWRP1), (12 bytes).
    Removing stm32f4xx_flash.o(i.FLASH_OB_Launch), (20 bytes).
    Removing stm32f4xx_flash.o(i.FLASH_OB_Lock), (16 bytes).
    Removing stm32f4xx_flash.o(i.FLASH_OB_PCROP1Config), (36 bytes).
    Removing stm32f4xx_flash.o(i.FLASH_OB_PCROPConfig), (36 bytes).
    Removing stm32f4xx_flash.o(i.FLASH_OB_PCROPSelectionConfig), (20 bytes).
    Removing stm32f4xx_flash.o(i.FLASH_OB_RDPConfig), (24 bytes).
    Removing stm32f4xx_flash.o(i.FLASH_OB_Unlock), (40 bytes).
    Removing stm32f4xx_flash.o(i.FLASH_OB_UserConfig), (40 bytes).
    Removing stm32f4xx_flash.o(i.FLASH_OB_WRP1Config), (36 bytes).
    Removing stm32f4xx_flash.o(i.FLASH_OB_WRPConfig), (36 bytes).
    Removing stm32f4xx_flash.o(i.FLASH_PrefetchBufferCmd), (24 bytes).
    Removing stm32f4xx_flash.o(i.FLASH_ProgramByte), (60 bytes).
    Removing stm32f4xx_flash.o(i.FLASH_ProgramDoubleWord), (64 bytes).
    Removing stm32f4xx_flash.o(i.FLASH_ProgramHalfWord), (64 bytes).
    Removing stm32f4xx_flash.o(i.FLASH_ProgramWord), (64 bytes).
    Removing stm32f4xx_flash.o(i.FLASH_SetLatency), (12 bytes).
    Removing stm32f4xx_flash.o(i.FLASH_Unlock), (40 bytes).
    Removing stm32f4xx_flash.o(i.FLASH_WaitForLastOperation), (168 bytes).
    Removing stm32f4xx_flash_ramfunc.o(.rev16_text), (4 bytes).
    Removing stm32f4xx_flash_ramfunc.o(.revsh_text), (4 bytes).
    Removing stm32f4xx_flash_ramfunc.o(.rrx_text), (6 bytes).
    Removing stm32f4xx_flash_ramfunc.o(i.FLASH_FlashInterfaceCmd), (24 bytes).
    Removing stm32f4xx_flash_ramfunc.o(i.FLASH_FlashSleepModeCmd), (24 bytes).
    Removing stm32f4xx_fmpi2c.o(.rev16_text), (4 bytes).
    Removing stm32f4xx_fmpi2c.o(.revsh_text), (4 bytes).
    Removing stm32f4xx_fmpi2c.o(.rrx_text), (6 bytes).
    Removing stm32f4xx_fsmc.o(.rev16_text), (4 bytes).
    Removing stm32f4xx_fsmc.o(.revsh_text), (4 bytes).
    Removing stm32f4xx_fsmc.o(.rrx_text), (6 bytes).
    Removing stm32f4xx_fsmc.o(i.FSMC_ClearFlag), (46 bytes).
    Removing stm32f4xx_fsmc.o(i.FSMC_ClearITPendingBit), (52 bytes).
    Removing stm32f4xx_fsmc.o(i.FSMC_GetECC), (16 bytes).
    Removing stm32f4xx_fsmc.o(i.FSMC_GetFlagStatus), (38 bytes).
    Removing stm32f4xx_fsmc.o(i.FSMC_GetITStatus), (44 bytes).
    Removing stm32f4xx_fsmc.o(i.FSMC_ITConfig), (82 bytes).
    Removing stm32f4xx_fsmc.o(i.FSMC_NANDCmd), (56 bytes).
    Removing stm32f4xx_fsmc.o(i.FSMC_NANDDeInit), (48 bytes).
    Removing stm32f4xx_fsmc.o(i.FSMC_NANDECCCmd), (56 bytes).
    Removing stm32f4xx_fsmc.o(i.FSMC_NANDInit), (164 bytes).
    Removing stm32f4xx_fsmc.o(i.FSMC_NANDStructInit), (54 bytes).
    Removing stm32f4xx_fsmc.o(i.FSMC_NORSRAMCmd), (28 bytes).
    Removing stm32f4xx_fsmc.o(i.FSMC_NORSRAMDeInit), (40 bytes).
    Removing stm32f4xx_fsmc.o(i.FSMC_NORSRAMInit), (280 bytes).
    Removing stm32f4xx_fsmc.o(i.FSMC_NORSRAMStructInit), (48 bytes).
    Removing stm32f4xx_fsmc.o(i.FSMC_PCCARDCmd), (32 bytes).
    Removing stm32f4xx_fsmc.o(i.FSMC_PCCARDDeInit), (26 bytes).
    Removing stm32f4xx_fsmc.o(i.FSMC_PCCARDInit), (132 bytes).
    Removing stm32f4xx_fsmc.o(i.FSMC_PCCARDStructInit), (60 bytes).
    Removing stm32f4xx_fsmc.o(.constdata), (28 bytes).
    Removing stm32f4xx_gpio.o(.rev16_text), (4 bytes).
    Removing stm32f4xx_gpio.o(.revsh_text), (4 bytes).
    Removing stm32f4xx_gpio.o(.rrx_text), (6 bytes).
    Removing stm32f4xx_gpio.o(i.GPIO_DeInit), (300 bytes).
    Removing stm32f4xx_gpio.o(i.GPIO_PinLockConfig), (26 bytes).
    Removing stm32f4xx_gpio.o(i.GPIO_ReadInputData), (6 bytes).
    Removing stm32f4xx_gpio.o(i.GPIO_ReadInputDataBit), (14 bytes).
    Removing stm32f4xx_gpio.o(i.GPIO_ReadOutputData), (6 bytes).
    Removing stm32f4xx_gpio.o(i.GPIO_ReadOutputDataBit), (14 bytes).
    Removing stm32f4xx_gpio.o(i.GPIO_ToggleBits), (8 bytes).
    Removing stm32f4xx_gpio.o(i.GPIO_Write), (4 bytes).
    Removing stm32f4xx_hash.o(.rev16_text), (4 bytes).
    Removing stm32f4xx_hash.o(.revsh_text), (4 bytes).
    Removing stm32f4xx_hash.o(.rrx_text), (6 bytes).
    Removing stm32f4xx_hash.o(i.HASH_AutoStartDigest), (24 bytes).
    Removing stm32f4xx_hash.o(i.HASH_ClearFlag), (12 bytes).
    Removing stm32f4xx_hash.o(i.HASH_ClearITPendingBit), (12 bytes).
    Removing stm32f4xx_hash.o(i.HASH_DMACmd), (24 bytes).
    Removing stm32f4xx_hash.o(i.HASH_DataIn), (12 bytes).
    Removing stm32f4xx_hash.o(i.HASH_DeInit), (22 bytes).
    Removing stm32f4xx_hash.o(i.HASH_GetDigest), (84 bytes).
    Removing stm32f4xx_hash.o(i.HASH_GetFlagStatus), (32 bytes).
    Removing stm32f4xx_hash.o(i.HASH_GetITStatus), (32 bytes).
    Removing stm32f4xx_hash.o(i.HASH_GetInFIFOWordsNbr), (16 bytes).
    Removing stm32f4xx_hash.o(i.HASH_ITConfig), (24 bytes).
    Removing stm32f4xx_hash.o(i.HASH_Init), (68 bytes).
    Removing stm32f4xx_hash.o(i.HASH_Reset), (16 bytes).
    Removing stm32f4xx_hash.o(i.HASH_RestoreContext), (72 bytes).
    Removing stm32f4xx_hash.o(i.HASH_SaveContext), (64 bytes).
    Removing stm32f4xx_hash.o(i.HASH_SetLastWordValidBitsNbr), (24 bytes).
    Removing stm32f4xx_hash.o(i.HASH_StartDigest), (16 bytes).
    Removing stm32f4xx_hash.o(i.HASH_StructInit), (12 bytes).
    Removing stm32f4xx_hash_md5.o(.rev16_text), (4 bytes).
    Removing stm32f4xx_hash_md5.o(.revsh_text), (4 bytes).
    Removing stm32f4xx_hash_md5.o(.rrx_text), (6 bytes).
    Removing stm32f4xx_hash_md5.o(i.HASH_MD5), (160 bytes).
    Removing stm32f4xx_hash_md5.o(i.HMAC_MD5), (324 bytes).
    Removing stm32f4xx_hash_sha1.o(.rev16_text), (4 bytes).
    Removing stm32f4xx_hash_sha1.o(.revsh_text), (4 bytes).
    Removing stm32f4xx_hash_sha1.o(.rrx_text), (6 bytes).
    Removing stm32f4xx_hash_sha1.o(i.HASH_SHA1), (166 bytes).
    Removing stm32f4xx_hash_sha1.o(i.HMAC_SHA1), (336 bytes).
    Removing stm32f4xx_i2c.o(.rev16_text), (4 bytes).
    Removing stm32f4xx_i2c.o(.revsh_text), (4 bytes).
    Removing stm32f4xx_i2c.o(.rrx_text), (6 bytes).
    Removing stm32f4xx_i2c.o(i.I2C_ARPCmd), (18 bytes).
    Removing stm32f4xx_i2c.o(i.I2C_AcknowledgeConfig), (18 bytes).
    Removing stm32f4xx_i2c.o(i.I2C_AnalogFilterCmd), (18 bytes).
    Removing stm32f4xx_i2c.o(i.I2C_CalculatePEC), (18 bytes).
    Removing stm32f4xx_i2c.o(i.I2C_CheckEvent), (26 bytes).
    Removing stm32f4xx_i2c.o(i.I2C_ClearFlag), (6 bytes).
    Removing stm32f4xx_i2c.o(i.I2C_ClearITPendingBit), (6 bytes).
    Removing stm32f4xx_i2c.o(i.I2C_Cmd), (18 bytes).
    Removing stm32f4xx_i2c.o(i.I2C_DMACmd), (18 bytes).
    Removing stm32f4xx_i2c.o(i.I2C_DMALastTransferCmd), (18 bytes).
    Removing stm32f4xx_i2c.o(i.I2C_DeInit), (92 bytes).
    Removing stm32f4xx_i2c.o(i.I2C_DigitalFilterConfig), (16 bytes).
    Removing stm32f4xx_i2c.o(i.I2C_DualAddressCmd), (18 bytes).
    Removing stm32f4xx_i2c.o(i.I2C_FastModeDutyCycleConfig), (20 bytes).
    Removing stm32f4xx_i2c.o(i.I2C_GeneralCallCmd), (18 bytes).
    Removing stm32f4xx_i2c.o(i.I2C_GenerateSTART), (18 bytes).
    Removing stm32f4xx_i2c.o(i.I2C_GenerateSTOP), (18 bytes).
    Removing stm32f4xx_i2c.o(i.I2C_GetFlagStatus), (42 bytes).
    Removing stm32f4xx_i2c.o(i.I2C_GetITStatus), (34 bytes).
    Removing stm32f4xx_i2c.o(i.I2C_GetLastEvent), (14 bytes).
    Removing stm32f4xx_i2c.o(i.I2C_GetPEC), (6 bytes).
    Removing stm32f4xx_i2c.o(i.I2C_ITConfig), (16 bytes).
    Removing stm32f4xx_i2c.o(i.I2C_Init), (196 bytes).
    Removing stm32f4xx_i2c.o(i.I2C_NACKPositionConfig), (20 bytes).
    Removing stm32f4xx_i2c.o(i.I2C_OwnAddress2Config), (16 bytes).
    Removing stm32f4xx_i2c.o(i.I2C_PECPositionConfig), (20 bytes).
    Removing stm32f4xx_i2c.o(i.I2C_ReadRegister), (12 bytes).
    Removing stm32f4xx_i2c.o(i.I2C_ReceiveData), (6 bytes).
    Removing stm32f4xx_i2c.o(i.I2C_SMBusAlertConfig), (20 bytes).
    Removing stm32f4xx_i2c.o(i.I2C_Send7bitAddress), (16 bytes).
    Removing stm32f4xx_i2c.o(i.I2C_SendData), (4 bytes).
    Removing stm32f4xx_i2c.o(i.I2C_SoftwareResetCmd), (18 bytes).
    Removing stm32f4xx_i2c.o(i.I2C_StretchClockCmd), (18 bytes).
    Removing stm32f4xx_i2c.o(i.I2C_StructInit), (28 bytes).
    Removing stm32f4xx_i2c.o(i.I2C_TransmitPEC), (18 bytes).
    Removing stm32f4xx_iwdg.o(.rev16_text), (4 bytes).
    Removing stm32f4xx_iwdg.o(.revsh_text), (4 bytes).
    Removing stm32f4xx_iwdg.o(.rrx_text), (6 bytes).
    Removing stm32f4xx_iwdg.o(i.IWDG_Enable), (16 bytes).
    Removing stm32f4xx_iwdg.o(i.IWDG_GetFlagStatus), (20 bytes).
    Removing stm32f4xx_iwdg.o(i.IWDG_ReloadCounter), (16 bytes).
    Removing stm32f4xx_iwdg.o(i.IWDG_SetPrescaler), (12 bytes).
    Removing stm32f4xx_iwdg.o(i.IWDG_SetReload), (12 bytes).
    Removing stm32f4xx_iwdg.o(i.IWDG_WriteAccessCmd), (12 bytes).
    Removing stm32f4xx_lptim.o(.rev16_text), (4 bytes).
    Removing stm32f4xx_lptim.o(.revsh_text), (4 bytes).
    Removing stm32f4xx_lptim.o(.rrx_text), (6 bytes).
    Removing stm32f4xx_ltdc.o(.rev16_text), (4 bytes).
    Removing stm32f4xx_ltdc.o(.revsh_text), (4 bytes).
    Removing stm32f4xx_ltdc.o(.rrx_text), (6 bytes).
    Removing stm32f4xx_ltdc.o(i.LTDC_CLUTCmd), (28 bytes).
    Removing stm32f4xx_ltdc.o(i.LTDC_CLUTInit), (26 bytes).
    Removing stm32f4xx_ltdc.o(i.LTDC_CLUTStructInit), (12 bytes).
    Removing stm32f4xx_ltdc.o(i.LTDC_ClearFlag), (12 bytes).
    Removing stm32f4xx_ltdc.o(i.LTDC_ClearITPendingBit), (12 bytes).
    Removing stm32f4xx_ltdc.o(i.LTDC_Cmd), (24 bytes).
    Removing stm32f4xx_ltdc.o(i.LTDC_ColorKeyingConfig), (68 bytes).
    Removing stm32f4xx_ltdc.o(i.LTDC_ColorKeyingStructInit), (10 bytes).
    Removing stm32f4xx_ltdc.o(i.LTDC_DeInit), (24 bytes).
    Removing stm32f4xx_ltdc.o(i.LTDC_DitherCmd), (24 bytes).
    Removing stm32f4xx_ltdc.o(i.LTDC_GetCDStatus), (16 bytes).
    Removing stm32f4xx_ltdc.o(i.LTDC_GetFlagStatus), (20 bytes).
    Removing stm32f4xx_ltdc.o(i.LTDC_GetITStatus), (36 bytes).
    Removing stm32f4xx_ltdc.o(i.LTDC_GetPosStatus), (28 bytes).
    Removing stm32f4xx_ltdc.o(i.LTDC_GetRGBWidth), (44 bytes).
    Removing stm32f4xx_ltdc.o(i.LTDC_ITConfig), (24 bytes).
    Removing stm32f4xx_ltdc.o(i.LTDC_Init), (200 bytes).
    Removing stm32f4xx_ltdc.o(i.LTDC_LIPConfig), (12 bytes).
    Removing stm32f4xx_ltdc.o(i.LTDC_LayerAddress), (4 bytes).
    Removing stm32f4xx_ltdc.o(i.LTDC_LayerAlpha), (4 bytes).
    Removing stm32f4xx_ltdc.o(i.LTDC_LayerCmd), (18 bytes).
    Removing stm32f4xx_ltdc.o(i.LTDC_LayerInit), (162 bytes).
    Removing stm32f4xx_ltdc.o(i.LTDC_LayerPixelFormat), (100 bytes).
    Removing stm32f4xx_ltdc.o(i.LTDC_LayerPosition), (124 bytes).
    Removing stm32f4xx_ltdc.o(i.LTDC_LayerSize), (98 bytes).
    Removing stm32f4xx_ltdc.o(i.LTDC_LayerStructInit), (44 bytes).
    Removing stm32f4xx_ltdc.o(i.LTDC_PosStructInit), (8 bytes).
    Removing stm32f4xx_ltdc.o(i.LTDC_RGBStructInit), (10 bytes).
    Removing stm32f4xx_ltdc.o(i.LTDC_ReloadConfig), (12 bytes).
    Removing stm32f4xx_ltdc.o(i.LTDC_StructInit), (34 bytes).
    Removing stm32f4xx_pwr.o(.rev16_text), (4 bytes).
    Removing stm32f4xx_pwr.o(.revsh_text), (4 bytes).
    Removing stm32f4xx_pwr.o(.rrx_text), (6 bytes).
    Removing stm32f4xx_pwr.o(i.PWR_BackupAccessCmd), (12 bytes).
    Removing stm32f4xx_pwr.o(i.PWR_BackupRegulatorCmd), (12 bytes).
    Removing stm32f4xx_pwr.o(i.PWR_ClearFlag), (16 bytes).
    Removing stm32f4xx_pwr.o(i.PWR_DeInit), (24 bytes).
    Removing stm32f4xx_pwr.o(i.PWR_EnterSTANDBYMode), (32 bytes).
    Removing stm32f4xx_pwr.o(i.PWR_EnterSTOPMode), (52 bytes).
    Removing stm32f4xx_pwr.o(i.PWR_EnterUnderDriveSTOPMode), (52 bytes).
    Removing stm32f4xx_pwr.o(i.PWR_FlashPowerDownCmd), (12 bytes).
    Removing stm32f4xx_pwr.o(i.PWR_GetFlagStatus), (20 bytes).
    Removing stm32f4xx_pwr.o(i.PWR_MainRegulatorModeConfig), (20 bytes).
    Removing stm32f4xx_pwr.o(i.PWR_OverDriveCmd), (12 bytes).
    Removing stm32f4xx_pwr.o(i.PWR_OverDriveSWCmd), (12 bytes).
    Removing stm32f4xx_pwr.o(i.PWR_PVDCmd), (12 bytes).
    Removing stm32f4xx_pwr.o(i.PWR_PVDLevelConfig), (20 bytes).
    Removing stm32f4xx_pwr.o(i.PWR_UnderDriveCmd), (24 bytes).
    Removing stm32f4xx_pwr.o(i.PWR_WakeUpPinCmd), (12 bytes).
    Removing stm32f4xx_qspi.o(.rev16_text), (4 bytes).
    Removing stm32f4xx_qspi.o(.revsh_text), (4 bytes).
    Removing stm32f4xx_qspi.o(.rrx_text), (6 bytes).
    Removing stm32f4xx_rcc.o(.rev16_text), (4 bytes).
    Removing stm32f4xx_rcc.o(.revsh_text), (4 bytes).
    Removing stm32f4xx_rcc.o(.rrx_text), (6 bytes).
    Removing stm32f4xx_rcc.o(i.RCC_AHB1PeriphClockLPModeCmd), (24 bytes).
    Removing stm32f4xx_rcc.o(i.RCC_AHB1PeriphResetCmd), (24 bytes).
    Removing stm32f4xx_rcc.o(i.RCC_AHB2PeriphClockCmd), (24 bytes).
    Removing stm32f4xx_rcc.o(i.RCC_AHB2PeriphClockLPModeCmd), (24 bytes).
    Removing stm32f4xx_rcc.o(i.RCC_AHB2PeriphResetCmd), (24 bytes).
    Removing stm32f4xx_rcc.o(i.RCC_AHB3PeriphClockCmd), (24 bytes).
    Removing stm32f4xx_rcc.o(i.RCC_AHB3PeriphClockLPModeCmd), (24 bytes).
    Removing stm32f4xx_rcc.o(i.RCC_AHB3PeriphResetCmd), (24 bytes).
    Removing stm32f4xx_rcc.o(i.RCC_APB2PeriphClockLPModeCmd), (24 bytes).
    Removing stm32f4xx_rcc.o(i.RCC_AdjustHSICalibrationValue), (20 bytes).
    Removing stm32f4xx_rcc.o(i.RCC_BackupResetCmd), (12 bytes).
    Removing stm32f4xx_rcc.o(i.RCC_ClearFlag), (16 bytes).
    Removing stm32f4xx_rcc.o(i.RCC_ClearITPendingBit), (12 bytes).
    Removing stm32f4xx_rcc.o(i.RCC_ClockSecuritySystemCmd), (12 bytes).
    Removing stm32f4xx_rcc.o(i.RCC_DeInit), (92 bytes).
    Removing stm32f4xx_rcc.o(i.RCC_GetFlagStatus), (56 bytes).
    Removing stm32f4xx_rcc.o(i.RCC_GetITStatus), (20 bytes).
    Removing stm32f4xx_rcc.o(i.RCC_GetSYSCLKSource), (16 bytes).
    Removing stm32f4xx_rcc.o(i.RCC_HCLKConfig), (20 bytes).
    Removing stm32f4xx_rcc.o(i.RCC_HSEConfig), (16 bytes).
    Removing stm32f4xx_rcc.o(i.RCC_HSICmd), (12 bytes).
    Removing stm32f4xx_rcc.o(i.RCC_I2SCLKConfig), (12 bytes).
    Removing stm32f4xx_rcc.o(i.RCC_ITConfig), (24 bytes).
    Removing stm32f4xx_rcc.o(i.RCC_LSEConfig), (28 bytes).
    Removing stm32f4xx_rcc.o(i.RCC_LSEModeConfig), (24 bytes).
    Removing stm32f4xx_rcc.o(i.RCC_LSICmd), (12 bytes).
    Removing stm32f4xx_rcc.o(i.RCC_LTDCCLKDivConfig), (20 bytes).
    Removing stm32f4xx_rcc.o(i.RCC_MCO1Config), (20 bytes).
    Removing stm32f4xx_rcc.o(i.RCC_MCO2Config), (20 bytes).
    Removing stm32f4xx_rcc.o(i.RCC_PCLK1Config), (20 bytes).
    Removing stm32f4xx_rcc.o(i.RCC_PCLK2Config), (20 bytes).
    Removing stm32f4xx_rcc.o(i.RCC_PLLCmd), (12 bytes).
    Removing stm32f4xx_rcc.o(i.RCC_PLLConfig), (40 bytes).
    Removing stm32f4xx_rcc.o(i.RCC_PLLI2SCmd), (12 bytes).
    Removing stm32f4xx_rcc.o(i.RCC_PLLI2SConfig), (16 bytes).
    Removing stm32f4xx_rcc.o(i.RCC_PLLSAICmd), (12 bytes).
    Removing stm32f4xx_rcc.o(i.RCC_PLLSAIConfig), (20 bytes).
    Removing stm32f4xx_rcc.o(i.RCC_RTCCLKCmd), (12 bytes).
    Removing stm32f4xx_rcc.o(i.RCC_RTCCLKConfig), (52 bytes).
    Removing stm32f4xx_rcc.o(i.RCC_SAIBlockACLKConfig), (20 bytes).
    Removing stm32f4xx_rcc.o(i.RCC_SAIBlockBCLKConfig), (20 bytes).
    Removing stm32f4xx_rcc.o(i.RCC_SAIPLLI2SClkDivConfig), (20 bytes).
    Removing stm32f4xx_rcc.o(i.RCC_SAIPLLSAIClkDivConfig), (28 bytes).
    Removing stm32f4xx_rcc.o(i.RCC_SYSCLKConfig), (20 bytes).
    Removing stm32f4xx_rcc.o(i.RCC_TIMCLKPresConfig), (12 bytes).
    Removing stm32f4xx_rcc.o(i.RCC_WaitForHSEStartUp), (56 bytes).
    Removing stm32f4xx_rng.o(.rev16_text), (4 bytes).
    Removing stm32f4xx_rng.o(.revsh_text), (4 bytes).
    Removing stm32f4xx_rng.o(.rrx_text), (6 bytes).
    Removing stm32f4xx_rng.o(i.RNG_ClearFlag), (16 bytes).
    Removing stm32f4xx_rng.o(i.RNG_ClearITPendingBit), (16 bytes).
    Removing stm32f4xx_rng.o(i.RNG_Cmd), (24 bytes).
    Removing stm32f4xx_rng.o(i.RNG_DeInit), (22 bytes).
    Removing stm32f4xx_rng.o(i.RNG_GetFlagStatus), (20 bytes).
    Removing stm32f4xx_rng.o(i.RNG_GetITStatus), (20 bytes).
    Removing stm32f4xx_rng.o(i.RNG_GetRandomNumber), (12 bytes).
    Removing stm32f4xx_rng.o(i.RNG_ITConfig), (24 bytes).
    Removing stm32f4xx_rtc.o(.rev16_text), (4 bytes).
    Removing stm32f4xx_rtc.o(.revsh_text), (4 bytes).
    Removing stm32f4xx_rtc.o(.rrx_text), (6 bytes).
    Removing stm32f4xx_rtc.o(i.RTC_AlarmCmd), (100 bytes).
    Removing stm32f4xx_rtc.o(i.RTC_AlarmStructInit), (20 bytes).
    Removing stm32f4xx_rtc.o(i.RTC_AlarmSubSecondConfig), (52 bytes).
    Removing stm32f4xx_rtc.o(i.RTC_BypassShadowCmd), (44 bytes).
    Removing stm32f4xx_rtc.o(i.RTC_ByteToBcd2), (48 bytes).
    Removing stm32f4xx_rtc.o(i.RTC_CalibOutputCmd), (44 bytes).
    Removing stm32f4xx_rtc.o(i.RTC_CalibOutputConfig), (40 bytes).
    Removing stm32f4xx_rtc.o(i.RTC_ClearFlag), (28 bytes).
    Removing stm32f4xx_rtc.o(i.RTC_ClearITPendingBit), (28 bytes).
    Removing stm32f4xx_rtc.o(i.RTC_CoarseCalibCmd), (72 bytes).
    Removing stm32f4xx_rtc.o(i.RTC_CoarseCalibConfig), (64 bytes).
    Removing stm32f4xx_rtc.o(i.RTC_DateStructInit), (14 bytes).
    Removing stm32f4xx_rtc.o(i.RTC_DayLightSavingConfig), (52 bytes).
    Removing stm32f4xx_rtc.o(i.RTC_DeInit), (208 bytes).
    Removing stm32f4xx_rtc.o(i.RTC_EnterInitMode), (68 bytes).
    Removing stm32f4xx_rtc.o(i.RTC_ExitInitMode), (16 bytes).
    Removing stm32f4xx_rtc.o(i.RTC_GetAlarm), (148 bytes).
    Removing stm32f4xx_rtc.o(i.RTC_GetAlarmSubSecond), (36 bytes).
    Removing stm32f4xx_rtc.o(i.RTC_GetDate), (108 bytes).
    Removing stm32f4xx_rtc.o(i.RTC_GetFlagStatus), (28 bytes).
    Removing stm32f4xx_rtc.o(i.RTC_GetITStatus), (56 bytes).
    Removing stm32f4xx_rtc.o(i.RTC_GetStoreOperation), (16 bytes).
    Removing stm32f4xx_rtc.o(i.RTC_GetSubSecond), (20 bytes).
    Removing stm32f4xx_rtc.o(i.RTC_GetTime), (112 bytes).
    Removing stm32f4xx_rtc.o(i.RTC_GetTimeStamp), (208 bytes).
    Removing stm32f4xx_rtc.o(i.RTC_GetTimeStampSubSecond), (12 bytes).
    Removing stm32f4xx_rtc.o(i.RTC_GetWakeUpCounter), (12 bytes).
    Removing stm32f4xx_rtc.o(i.RTC_ITConfig), (72 bytes).
    Removing stm32f4xx_rtc.o(i.RTC_Init), (88 bytes).
    Removing stm32f4xx_rtc.o(i.RTC_OutputConfig), (52 bytes).
    Removing stm32f4xx_rtc.o(i.RTC_OutputTypeConfig), (24 bytes).
    Removing stm32f4xx_rtc.o(i.RTC_ReadBackupRegister), (20 bytes).
    Removing stm32f4xx_rtc.o(i.RTC_RefClockCmd), (72 bytes).
    Removing stm32f4xx_rtc.o(i.RTC_SetAlarm), (168 bytes).
    Removing stm32f4xx_rtc.o(i.RTC_SetDate), (156 bytes).
    Removing stm32f4xx_rtc.o(i.RTC_SetTime), (172 bytes).
    Removing stm32f4xx_rtc.o(i.RTC_SetWakeUpCounter), (28 bytes).
    Removing stm32f4xx_rtc.o(i.RTC_SmoothCalibConfig), (88 bytes).
    Removing stm32f4xx_rtc.o(i.RTC_StructInit), (14 bytes).
    Removing stm32f4xx_rtc.o(i.RTC_SynchroShiftConfig), (108 bytes).
    Removing stm32f4xx_rtc.o(i.RTC_TamperCmd), (24 bytes).
    Removing stm32f4xx_rtc.o(i.RTC_TamperFilterConfig), (24 bytes).
    Removing stm32f4xx_rtc.o(i.RTC_TamperPinSelection), (24 bytes).
    Removing stm32f4xx_rtc.o(i.RTC_TamperPinsPrechargeDuration), (24 bytes).
    Removing stm32f4xx_rtc.o(i.RTC_TamperPullUpCmd), (24 bytes).
    Removing stm32f4xx_rtc.o(i.RTC_TamperSamplingFreqConfig), (24 bytes).
    Removing stm32f4xx_rtc.o(i.RTC_TamperTriggerConfig), (24 bytes).
    Removing stm32f4xx_rtc.o(i.RTC_TimeStampCmd), (52 bytes).
    Removing stm32f4xx_rtc.o(i.RTC_TimeStampOnTamperDetectionCmd), (24 bytes).
    Removing stm32f4xx_rtc.o(i.RTC_TimeStampPinSelection), (24 bytes).
    Removing stm32f4xx_rtc.o(i.RTC_TimeStructInit), (12 bytes).
    Removing stm32f4xx_rtc.o(i.RTC_WaitForSynchro), (76 bytes).
    Removing stm32f4xx_rtc.o(i.RTC_WakeUpClockConfig), (40 bytes).
    Removing stm32f4xx_rtc.o(i.RTC_WakeUpCmd), (96 bytes).
    Removing stm32f4xx_rtc.o(i.RTC_WriteBackupRegister), (20 bytes).
    Removing stm32f4xx_rtc.o(i.RTC_WriteProtectionCmd), (24 bytes).
    Removing stm32f4xx_sai.o(.rev16_text), (4 bytes).
    Removing stm32f4xx_sai.o(.revsh_text), (4 bytes).
    Removing stm32f4xx_sai.o(.rrx_text), (6 bytes).
    Removing stm32f4xx_sai.o(i.SAI_ClearFlag), (8 bytes).
    Removing stm32f4xx_sai.o(i.SAI_ClearITPendingBit), (8 bytes).
    Removing stm32f4xx_sai.o(i.SAI_Cmd), (18 bytes).
    Removing stm32f4xx_sai.o(i.SAI_CompandingModeConfig), (16 bytes).
    Removing stm32f4xx_sai.o(i.SAI_DMACmd), (18 bytes).
    Removing stm32f4xx_sai.o(i.SAI_DeInit), (36 bytes).
    Removing stm32f4xx_sai.o(i.SAI_FlushFIFO), (10 bytes).
    Removing stm32f4xx_sai.o(i.SAI_FrameInit), (60 bytes).
    Removing stm32f4xx_sai.o(i.SAI_FrameStructInit), (18 bytes).
    Removing stm32f4xx_sai.o(i.SAI_GetCmdStatus), (16 bytes).
    Removing stm32f4xx_sai.o(i.SAI_GetFIFOStatus), (8 bytes).
    Removing stm32f4xx_sai.o(i.SAI_GetFlagStatus), (14 bytes).
    Removing stm32f4xx_sai.o(i.SAI_GetITStatus), (20 bytes).
    Removing stm32f4xx_sai.o(i.SAI_ITConfig), (16 bytes).
    Removing stm32f4xx_sai.o(i.SAI_Init), (92 bytes).
    Removing stm32f4xx_sai.o(i.SAI_MonoModeConfig), (18 bytes).
    Removing stm32f4xx_sai.o(i.SAI_MuteFrameCounterConfig), (18 bytes).
    Removing stm32f4xx_sai.o(i.SAI_MuteModeCmd), (18 bytes).
    Removing stm32f4xx_sai.o(i.SAI_MuteValueConfig), (16 bytes).
    Removing stm32f4xx_sai.o(i.SAI_ReceiveData), (4 bytes).
    Removing stm32f4xx_sai.o(i.SAI_SendData), (4 bytes).
    Removing stm32f4xx_sai.o(i.SAI_SlotInit), (46 bytes).
    Removing stm32f4xx_sai.o(i.SAI_SlotStructInit), (14 bytes).
    Removing stm32f4xx_sai.o(i.SAI_StructInit), (26 bytes).
    Removing stm32f4xx_sai.o(i.SAI_TRIStateConfig), (18 bytes).
    Removing stm32f4xx_sdio.o(.rev16_text), (4 bytes).
    Removing stm32f4xx_sdio.o(.revsh_text), (4 bytes).
    Removing stm32f4xx_sdio.o(.rrx_text), (6 bytes).
    Removing stm32f4xx_sdio.o(i.SDIO_CEATAITCmd), (20 bytes).
    Removing stm32f4xx_sdio.o(i.SDIO_ClearFlag), (12 bytes).
    Removing stm32f4xx_sdio.o(i.SDIO_ClearITPendingBit), (12 bytes).
    Removing stm32f4xx_sdio.o(i.SDIO_ClockCmd), (12 bytes).
    Removing stm32f4xx_sdio.o(i.SDIO_CmdStructInit), (14 bytes).
    Removing stm32f4xx_sdio.o(i.SDIO_CommandCompletionCmd), (12 bytes).
    Removing stm32f4xx_sdio.o(i.SDIO_DMACmd), (12 bytes).
    Removing stm32f4xx_sdio.o(i.SDIO_DataConfig), (48 bytes).
    Removing stm32f4xx_sdio.o(i.SDIO_DataStructInit), (20 bytes).
    Removing stm32f4xx_sdio.o(i.SDIO_DeInit), (24 bytes).
    Removing stm32f4xx_sdio.o(i.SDIO_GetCommandResponse), (12 bytes).
    Removing stm32f4xx_sdio.o(i.SDIO_GetDataCounter), (12 bytes).
    Removing stm32f4xx_sdio.o(i.SDIO_GetFIFOCount), (12 bytes).
    Removing stm32f4xx_sdio.o(i.SDIO_GetFlagStatus), (20 bytes).
    Removing stm32f4xx_sdio.o(i.SDIO_GetITStatus), (20 bytes).
    Removing stm32f4xx_sdio.o(i.SDIO_GetPowerState), (16 bytes).
    Removing stm32f4xx_sdio.o(i.SDIO_GetResponse), (20 bytes).
    Removing stm32f4xx_sdio.o(i.SDIO_ITConfig), (24 bytes).
    Removing stm32f4xx_sdio.o(i.SDIO_Init), (64 bytes).
    Removing stm32f4xx_sdio.o(i.SDIO_ReadData), (12 bytes).
    Removing stm32f4xx_sdio.o(i.SDIO_SendCEATACmd), (12 bytes).
    Removing stm32f4xx_sdio.o(i.SDIO_SendCommand), (44 bytes).
    Removing stm32f4xx_sdio.o(i.SDIO_SendSDIOSuspendCmd), (12 bytes).
    Removing stm32f4xx_sdio.o(i.SDIO_SetPowerState), (12 bytes).
    Removing stm32f4xx_sdio.o(i.SDIO_SetSDIOOperation), (12 bytes).
    Removing stm32f4xx_sdio.o(i.SDIO_SetSDIOReadWaitMode), (12 bytes).
    Removing stm32f4xx_sdio.o(i.SDIO_StartSDIOReadWait), (12 bytes).
    Removing stm32f4xx_sdio.o(i.SDIO_StopSDIOReadWait), (12 bytes).
    Removing stm32f4xx_sdio.o(i.SDIO_StructInit), (16 bytes).
    Removing stm32f4xx_sdio.o(i.SDIO_WriteData), (12 bytes).
    Removing stm32f4xx_spdifrx.o(.rev16_text), (4 bytes).
    Removing stm32f4xx_spdifrx.o(.revsh_text), (4 bytes).
    Removing stm32f4xx_spdifrx.o(.rrx_text), (6 bytes).
    Removing stm32f4xx_spi.o(.rev16_text), (4 bytes).
    Removing stm32f4xx_spi.o(.revsh_text), (4 bytes).
    Removing stm32f4xx_spi.o(.rrx_text), (6 bytes).
    Removing stm32f4xx_spi.o(i.I2S_Cmd), (18 bytes).
    Removing stm32f4xx_spi.o(i.I2S_FullDuplexConfig), (64 bytes).
    Removing stm32f4xx_spi.o(i.I2S_Init), (260 bytes).
    Removing stm32f4xx_spi.o(i.I2S_StructInit), (18 bytes).
    Removing stm32f4xx_spi.o(i.SPI_BiDirectionalLineConfig), (20 bytes).
    Removing stm32f4xx_spi.o(i.SPI_DataSizeConfig), (16 bytes).
    Removing stm32f4xx_spi.o(i.SPI_GetCRC), (10 bytes).
    Removing stm32f4xx_spi.o(i.SPI_GetCRCPolynomial), (4 bytes).
    Removing stm32f4xx_spi.o(i.SPI_I2S_ClearFlag), (6 bytes).
    Removing stm32f4xx_spi.o(i.SPI_I2S_ClearITPendingBit), (16 bytes).
    Removing stm32f4xx_spi.o(i.SPI_I2S_DMACmd), (16 bytes).
    Removing stm32f4xx_spi.o(i.SPI_I2S_DeInit), (176 bytes).
    Removing stm32f4xx_spi.o(i.SPI_I2S_GetITStatus), (46 bytes).
    Removing stm32f4xx_spi.o(i.SPI_I2S_ITConfig), (26 bytes).
    Removing stm32f4xx_spi.o(i.SPI_NSSInternalSoftwareConfig), (22 bytes).
    Removing stm32f4xx_spi.o(i.SPI_StructInit), (24 bytes).
    Removing stm32f4xx_spi.o(i.SPI_TIModeCmd), (18 bytes).
    Removing stm32f4xx_spi.o(i.SPI_TransmitCRC), (10 bytes).
    Removing stm32f4xx_syscfg.o(.rev16_text), (4 bytes).
    Removing stm32f4xx_syscfg.o(.revsh_text), (4 bytes).
    Removing stm32f4xx_syscfg.o(.rrx_text), (6 bytes).
    Removing stm32f4xx_syscfg.o(i.SYSCFG_CompensationCellCmd), (12 bytes).
    Removing stm32f4xx_syscfg.o(i.SYSCFG_DeInit), (24 bytes).
    Removing stm32f4xx_syscfg.o(i.SYSCFG_ETH_MediaInterfaceConfig), (12 bytes).
    Removing stm32f4xx_syscfg.o(i.SYSCFG_EXTILineConfig), (46 bytes).
    Removing stm32f4xx_syscfg.o(i.SYSCFG_GetCompensationCellStatus), (20 bytes).
    Removing stm32f4xx_syscfg.o(i.SYSCFG_MemoryRemapConfig), (12 bytes).
    Removing stm32f4xx_syscfg.o(i.SYSCFG_MemorySwappingBank), (12 bytes).
    Removing stm32f4xx_tim.o(.rev16_text), (4 bytes).
    Removing stm32f4xx_tim.o(.revsh_text), (4 bytes).
    Removing stm32f4xx_tim.o(.rrx_text), (6 bytes).
    Removing stm32f4xx_tim.o(i.TIM_BDTRConfig), (36 bytes).
    Removing stm32f4xx_tim.o(i.TIM_BDTRStructInit), (18 bytes).
    Removing stm32f4xx_tim.o(i.TIM_CCPreloadControl), (18 bytes).
    Removing stm32f4xx_tim.o(i.TIM_CCxCmd), (26 bytes).
    Removing stm32f4xx_tim.o(i.TIM_CCxNCmd), (26 bytes).
    Removing stm32f4xx_tim.o(i.TIM_ClearOC1Ref), (12 bytes).
    Removing stm32f4xx_tim.o(i.TIM_ClearOC2Ref), (20 bytes).
    Removing stm32f4xx_tim.o(i.TIM_ClearOC3Ref), (12 bytes).
    Removing stm32f4xx_tim.o(i.TIM_ClearOC4Ref), (20 bytes).
    Removing stm32f4xx_tim.o(i.TIM_CounterModeConfig), (12 bytes).
    Removing stm32f4xx_tim.o(i.TIM_DMACmd), (16 bytes).
    Removing stm32f4xx_tim.o(i.TIM_DMAConfig), (8 bytes).
    Removing stm32f4xx_tim.o(i.TIM_ETRClockMode1Config), (40 bytes).
    Removing stm32f4xx_tim.o(i.TIM_ETRClockMode2Config), (40 bytes).
    Removing stm32f4xx_tim.o(i.TIM_ETRConfig), (32 bytes).
    Removing stm32f4xx_tim.o(i.TIM_ForcedOC1Config), (12 bytes).
    Removing stm32f4xx_tim.o(i.TIM_ForcedOC2Config), (20 bytes).
    Removing stm32f4xx_tim.o(i.TIM_ForcedOC3Config), (12 bytes).
    Removing stm32f4xx_tim.o(i.TIM_ForcedOC4Config), (20 bytes).
    Removing stm32f4xx_tim.o(i.TIM_GenerateEvent), (4 bytes).
    Removing stm32f4xx_tim.o(i.TIM_GetCapture1), (4 bytes).
    Removing stm32f4xx_tim.o(i.TIM_GetCapture2), (4 bytes).
    Removing stm32f4xx_tim.o(i.TIM_GetCapture3), (4 bytes).
    Removing stm32f4xx_tim.o(i.TIM_GetCapture4), (4 bytes).
    Removing stm32f4xx_tim.o(i.TIM_GetCounter), (4 bytes).
    Removing stm32f4xx_tim.o(i.TIM_GetFlagStatus), (14 bytes).
    Removing stm32f4xx_tim.o(i.TIM_GetPrescaler), (4 bytes).
    Removing stm32f4xx_tim.o(i.TIM_ICInit), (294 bytes).
    Removing stm32f4xx_tim.o(i.TIM_ICStructInit), (16 bytes).
    Removing stm32f4xx_tim.o(i.TIM_ITRxExternalClockConfig), (20 bytes).
    Removing stm32f4xx_tim.o(i.TIM_InternalClockConfig), (10 bytes).
    Removing stm32f4xx_tim.o(i.TIM_OC1FastConfig), (12 bytes).
    Removing stm32f4xx_tim.o(i.TIM_OC1NPolarityConfig), (12 bytes).
    Removing stm32f4xx_tim.o(i.TIM_OC1PolarityConfig), (12 bytes).
    Removing stm32f4xx_tim.o(i.TIM_OC2FastConfig), (20 bytes).
    Removing stm32f4xx_tim.o(i.TIM_OC2Init), (138 bytes).
    Removing stm32f4xx_tim.o(i.TIM_OC2NPolarityConfig), (20 bytes).
    Removing stm32f4xx_tim.o(i.TIM_OC2PolarityConfig), (20 bytes).
    Removing stm32f4xx_tim.o(i.TIM_OC2PreloadConfig), (20 bytes).
    Removing stm32f4xx_tim.o(i.TIM_OC3FastConfig), (12 bytes).
    Removing stm32f4xx_tim.o(i.TIM_OC3Init), (140 bytes).
    Removing stm32f4xx_tim.o(i.TIM_OC3NPolarityConfig), (20 bytes).
    Removing stm32f4xx_tim.o(i.TIM_OC3PolarityConfig), (20 bytes).
    Removing stm32f4xx_tim.o(i.TIM_OC3PreloadConfig), (12 bytes).
    Removing stm32f4xx_tim.o(i.TIM_OC4FastConfig), (20 bytes).
    Removing stm32f4xx_tim.o(i.TIM_OC4Init), (102 bytes).
    Removing stm32f4xx_tim.o(i.TIM_OC4PolarityConfig), (20 bytes).
    Removing stm32f4xx_tim.o(i.TIM_OC4PreloadConfig), (20 bytes).
    Removing stm32f4xx_tim.o(i.TIM_OCStructInit), (20 bytes).
    Removing stm32f4xx_tim.o(i.TIM_PWMIConfig), (300 bytes).
    Removing stm32f4xx_tim.o(i.TIM_PrescalerConfig), (6 bytes).
    Removing stm32f4xx_tim.o(i.TIM_RemapConfig), (6 bytes).
    Removing stm32f4xx_tim.o(i.TIM_SelectCCDMA), (18 bytes).
    Removing stm32f4xx_tim.o(i.TIM_SelectCOM), (18 bytes).
    Removing stm32f4xx_tim.o(i.TIM_SelectHallSensor), (18 bytes).
    Removing stm32f4xx_tim.o(i.TIM_SelectInputTrigger), (12 bytes).
    Removing stm32f4xx_tim.o(i.TIM_SelectMasterSlaveMode), (16 bytes).
    Removing stm32f4xx_tim.o(i.TIM_SelectOCxM), (92 bytes).
    Removing stm32f4xx_tim.o(i.TIM_SelectOnePulseMode), (16 bytes).
    Removing stm32f4xx_tim.o(i.TIM_SelectOutputTrigger), (16 bytes).
    Removing stm32f4xx_tim.o(i.TIM_SelectSlaveMode), (16 bytes).
    Removing stm32f4xx_tim.o(i.TIM_SetAutoreload), (4 bytes).
    Removing stm32f4xx_tim.o(i.TIM_SetClockDivision), (16 bytes).
    Removing stm32f4xx_tim.o(i.TIM_SetCompare2), (4 bytes).
    Removing stm32f4xx_tim.o(i.TIM_SetCompare3), (4 bytes).
    Removing stm32f4xx_tim.o(i.TIM_SetCompare4), (4 bytes).
    Removing stm32f4xx_tim.o(i.TIM_SetIC1Prescaler), (16 bytes).
    Removing stm32f4xx_tim.o(i.TIM_SetIC2Prescaler), (24 bytes).
    Removing stm32f4xx_tim.o(i.TIM_SetIC3Prescaler), (16 bytes).
    Removing stm32f4xx_tim.o(i.TIM_SetIC4Prescaler), (24 bytes).
    Removing stm32f4xx_tim.o(i.TIM_TIxExternalClockConfig), (120 bytes).
    Removing stm32f4xx_tim.o(i.TIM_TimeBaseStructInit), (18 bytes).
    Removing stm32f4xx_tim.o(i.TIM_UpdateDisableConfig), (18 bytes).
    Removing stm32f4xx_tim.o(i.TIM_UpdateRequestConfig), (18 bytes).
    Removing stm32f4xx_usart.o(.rev16_text), (4 bytes).
    Removing stm32f4xx_usart.o(.revsh_text), (4 bytes).
    Removing stm32f4xx_usart.o(.rrx_text), (6 bytes).
    Removing stm32f4xx_usart.o(i.USART_ClearFlag), (6 bytes).
    Removing stm32f4xx_usart.o(i.USART_ClockInit), (34 bytes).
    Removing stm32f4xx_usart.o(i.USART_ClockStructInit), (12 bytes).
    Removing stm32f4xx_usart.o(i.USART_DMACmd), (16 bytes).
    Removing stm32f4xx_usart.o(i.USART_DeInit), (228 bytes).
    Removing stm32f4xx_usart.o(i.USART_GetFlagStatus), (14 bytes).
    Removing stm32f4xx_usart.o(i.USART_HalfDuplexCmd), (18 bytes).
    Removing stm32f4xx_usart.o(i.USART_ITConfig), (48 bytes).
    Removing stm32f4xx_usart.o(i.USART_IrDACmd), (18 bytes).
    Removing stm32f4xx_usart.o(i.USART_IrDAConfig), (16 bytes).
    Removing stm32f4xx_usart.o(i.USART_LINBreakDetectLengthConfig), (16 bytes).
    Removing stm32f4xx_usart.o(i.USART_LINCmd), (18 bytes).
    Removing stm32f4xx_usart.o(i.USART_OneBitMethodCmd), (18 bytes).
    Removing stm32f4xx_usart.o(i.USART_OverSampling8Cmd), (18 bytes).
    Removing stm32f4xx_usart.o(i.USART_ReceiverWakeUpCmd), (18 bytes).
    Removing stm32f4xx_usart.o(i.USART_SendBreak), (10 bytes).
    Removing stm32f4xx_usart.o(i.USART_SendData), (8 bytes).
    Removing stm32f4xx_usart.o(i.USART_SetAddress), (16 bytes).
    Removing stm32f4xx_usart.o(i.USART_SetGuardTime), (16 bytes).
    Removing stm32f4xx_usart.o(i.USART_SetPrescaler), (16 bytes).
    Removing stm32f4xx_usart.o(i.USART_SmartCardCmd), (18 bytes).
    Removing stm32f4xx_usart.o(i.USART_SmartCardNACKCmd), (18 bytes).
    Removing stm32f4xx_usart.o(i.USART_StructInit), (22 bytes).
    Removing stm32f4xx_usart.o(i.USART_WakeUpConfig), (16 bytes).
    Removing stm32f4xx_wwdg.o(.rev16_text), (4 bytes).
    Removing stm32f4xx_wwdg.o(.revsh_text), (4 bytes).
    Removing stm32f4xx_wwdg.o(.rrx_text), (6 bytes).
    Removing stm32f4xx_wwdg.o(i.WWDG_ClearFlag), (12 bytes).
    Removing stm32f4xx_wwdg.o(i.WWDG_DeInit), (24 bytes).
    Removing stm32f4xx_wwdg.o(i.WWDG_Enable), (16 bytes).
    Removing stm32f4xx_wwdg.o(i.WWDG_EnableIT), (16 bytes).
    Removing stm32f4xx_wwdg.o(i.WWDG_GetFlagStatus), (20 bytes).
    Removing stm32f4xx_wwdg.o(i.WWDG_SetCounter), (16 bytes).
    Removing stm32f4xx_wwdg.o(i.WWDG_SetPrescaler), (20 bytes).
    Removing stm32f4xx_wwdg.o(i.WWDG_SetWindowValue), (28 bytes).
    Removing stm32f4xx_it.o(.rev16_text), (4 bytes).
    Removing stm32f4xx_it.o(.revsh_text), (4 bytes).
    Removing stm32f4xx_it.o(.rrx_text), (6 bytes).
    Removing system_stm32f4xx.o(.rev16_text), (4 bytes).
    Removing system_stm32f4xx.o(.revsh_text), (4 bytes).
    Removing system_stm32f4xx.o(.rrx_text), (6 bytes).
    Removing startup_stm32f40_41xxx.o(HEAP), (2 bytes).
    Removing main.o(.rev16_text), (4 bytes).
    Removing main.o(.revsh_text), (4 bytes).
    Removing main.o(.rrx_text), (6 bytes).
    Removing adc.o(.rev16_text), (4 bytes).
    Removing adc.o(.revsh_text), (4 bytes).
    Removing adc.o(.rrx_text), (6 bytes).
    Removing adc.o(i.adc_get), (12 bytes).
    Removing approx_math.o(.rev16_text), (4 bytes).
    Removing approx_math.o(.revsh_text), (4 bytes).
    Removing approx_math.o(.rrx_text), (6 bytes).
    Removing approx_math.o(i.int_arc_cos), (14 bytes).
    Removing approx_math.o(i.int_arc_sin), (236 bytes).
    Removing approx_math.o(i.int_arc_tan), (284 bytes).
    Removing approx_math.o(i.int_arc_tan2), (74 bytes).
    Removing approx_math.o(i.int_cos), (8 bytes).
    Removing approx_math.o(i.int_sin), (136 bytes).
    Removing approx_math.o(i.int_tan), (108 bytes).
    Removing approx_math.o(.data), (364 bytes).
    Removing can_protocol.o(.rev16_text), (4 bytes).
    Removing can_protocol.o(.revsh_text), (4 bytes).
    Removing can_protocol.o(.rrx_text), (6 bytes).
    Removing can_protocol.o(i.can_empty_mailbox), (32 bytes).
    Removing can_protocol.o(i.can_get_recent_rx), (20 bytes).
    Removing can_protocol.o(i.can_get_rx_count), (12 bytes).
    Removing can_protocol.o(i.can_init), (212 bytes).
    Removing can_protocol.o(i.can_rx_add_filter), (96 bytes).
    Removing can_protocol.o(i.can_rx_init), (48 bytes).
    Removing can_protocol.o(i.can_tx_enqueue), (92 bytes).
    Removing can_protocol.o(i.can_tx_queue_clear), (16 bytes).
    Removing can_protocol.o(i.can_tx_queue_empty), (20 bytes).
    Removing can_protocol.o(i.can_tx_queue_head), (12 bytes).
    Removing can_protocol.o(i.can_tx_queue_size), (28 bytes).
    Removing can_protocol.o(i.can_tx_queue_tail), (12 bytes).
    Removing can_protocol.o(i.n_bytes_to_one), (30 bytes).
    Removing can_protocol.o(i.one_to_n_bytes), (16 bytes).
    Removing encoder.o(.rev16_text), (4 bytes).
    Removing encoder.o(.revsh_text), (4 bytes).
    Removing encoder.o(.rrx_text), (6 bytes).
    Removing encoder.o(i.get_count), (20 bytes).
    Removing encoder.o(i.reset_encoder), (16 bytes).
    Removing encoder.o(.data), (8 bytes).
    Removing button.o(.rev16_text), (4 bytes).
    Removing button.o(.revsh_text), (4 bytes).
    Removing button.o(.rrx_text), (6 bytes).
    Removing button.o(i.button_pressed), (28 bytes).
    Removing lcd_main.o(.rev16_text), (4 bytes).
    Removing lcd_main.o(.revsh_text), (4 bytes).
    Removing lcd_main.o(.rrx_text), (6 bytes).
    Removing lcd_main.o(i.tft_clear_line), (92 bytes).
    Removing lcd_main.o(i.tft_disable), (12 bytes).
    Removing lcd_main.o(i.tft_enable), (12 bytes).
    Removing lcd_main.o(i.tft_fill_color), (98 bytes).
    Removing lcd_main.o(i.tft_force_clear), (152 bytes).
    Removing lcd_main.o(i.tft_get_orientation), (12 bytes).
    Removing lcd_main.o(i.tft_prints), (196 bytes).
    Removing lcd_main.o(i.tft_reset), (56 bytes).
    Removing lcd_main.o(i.tft_set_bg_color), (12 bytes).
    Removing lcd_main.o(i.tft_set_char_pos), (82 bytes).
    Removing lcd_main.o(i.tft_set_pixel_pos), (80 bytes).
    Removing lcd_main.o(i.tft_set_special_color), (12 bytes).
    Removing lcd_main.o(i.tft_set_text_color), (12 bytes).
    Removing lcd_main.o(i.tft_stream), (2 bytes).
    Removing lcd_main.o(.data), (2 bytes).
    Removing led.o(.rev16_text), (4 bytes).
    Removing led.o(.revsh_text), (4 bytes).
    Removing led.o(.rrx_text), (6 bytes).
    Removing led.o(i.led_blink), (108 bytes).
    Removing led.o(i.led_control), (68 bytes).
    Removing led.o(.data), (8 bytes).
    Removing usart.o(.rev16_text), (4 bytes).
    Removing usart.o(.revsh_text), (4 bytes).
    Removing usart.o(.rrx_text), (6 bytes).
    Removing usart.o(i.uart_interrupt), (72 bytes).
    Removing usart.o(i.uart_interrupt_init), (88 bytes).
    Removing usart.o(i.uart_printf_disable), (12 bytes).
    Removing usart.o(i.uart_printf_enable), (12 bytes).
    Removing usart.o(i.uart_rx_byte), (40 bytes).
    Removing usart.o(i.uart_tx), (92 bytes).
    Removing usart.o(i.uart_tx_byte), (40 bytes).
    Removing usart.o(.bss), (256 bytes).
    Removing usart.o(.data), (1 bytes).
    Removing usart.o(.data), (20 bytes).
    Removing buzzer.o(.rev16_text), (4 bytes).
    Removing buzzer.o(.revsh_text), (4 bytes).
    Removing buzzer.o(.rrx_text), (6 bytes).
    Removing buzzer.o(i.buzzer_check), (384 bytes).
    Removing buzzer.o(i.buzzer_control), (64 bytes).
    Removing buzzer.o(i.buzzer_control_note), (176 bytes).
    Removing buzzer.o(i.buzzer_dequeue), (60 bytes).
    Removing buzzer.o(i.buzzer_enqueue), (64 bytes).
    Removing buzzer.o(i.buzzer_off), (12 bytes).
    Removing buzzer.o(i.buzzer_on), (44 bytes).
    Removing buzzer.o(i.buzzer_play_song), (176 bytes).
    Removing buzzer.o(i.buzzer_set_note_period), (28 bytes).
    Removing buzzer.o(i.buzzer_set_volume), (16 bytes).
    Removing buzzer.o(i.buzzer_stop_song), (12 bytes).
    Removing buzzer.o(i.get_note_period), (72 bytes).
    Removing buzzer.o(.constdata), (2 bytes).
    Removing servo.o(.rev16_text), (4 bytes).
    Removing servo.o(.revsh_text), (4 bytes).
    Removing servo.o(.rrx_text), (6 bytes).
    Removing servo.o(i.servo_control), (24 bytes).
    Removing ticks.o(.rev16_text), (4 bytes).
    Removing ticks.o(.revsh_text), (4 bytes).
    Removing ticks.o(.rrx_text), (6 bytes).
    Removing ticks.o(i._delay_us), (92 bytes).
    Removing ticks.o(i.get_seconds), (12 bytes).
    Removing ticks.o(i.simple_delay1_ms), (18 bytes).
    Removing gpio.o(.rev16_text), (4 bytes).
    Removing gpio.o(.revsh_text), (4 bytes).
    Removing gpio.o(.rrx_text), (6 bytes).
    Removing gpio.o(i.gpio_init), (40 bytes).
    Removing gpio.o(i.gpio_rcc_init), (122 bytes).
    Removing gpio.o(i.gpio_read_input), (8 bytes).
    Removing gpio.o(i.gpio_read_output), (8 bytes).
    Removing gpio.o(i.gpio_toggle), (28 bytes).
    Removing gpio.o(.constdata), (8 bytes).
    Removing gpio.o(.constdata), (8 bytes).
    Removing gpio.o(.constdata), (8 bytes).
    Removing gpio.o(.constdata), (8 bytes).
    Removing gpio.o(.constdata), (8 bytes).
    Removing gpio.o(.constdata), (8 bytes).
    Removing gpio.o(.constdata), (8 bytes).
    Removing gpio.o(.constdata), (8 bytes).
    Removing gpio.o(.constdata), (8 bytes).
    Removing gpio.o(.constdata), (8 bytes).
    Removing gpio.o(.constdata), (8 bytes).
    Removing gpio.o(.constdata), (8 bytes).
    Removing gpio.o(.constdata), (8 bytes).
    Removing gpio.o(.constdata), (8 bytes).
    Removing gpio.o(.constdata), (8 bytes).
    Removing gpio.o(.constdata), (8 bytes).
    Removing gpio.o(.constdata), (8 bytes).
    Removing gpio.o(.constdata), (8 bytes).
    Removing gpio.o(.constdata), (8 bytes).
    Removing gpio.o(.constdata), (8 bytes).
    Removing gpio.o(.constdata), (8 bytes).
    Removing gpio.o(.constdata), (8 bytes).
    Removing gpio.o(.constdata), (8 bytes).
    Removing gpio.o(.constdata), (8 bytes).
    Removing gpio.o(.constdata), (8 bytes).
    Removing gpio.o(.constdata), (8 bytes).
    Removing gpio.o(.constdata), (8 bytes).
    Removing gpio.o(.constdata), (8 bytes).
    Removing gpio.o(.constdata), (8 bytes).
    Removing gpio.o(.constdata), (8 bytes).
    Removing gpio.o(.constdata), (8 bytes).
    Removing gpio.o(.constdata), (8 bytes).
    Removing gpio.o(.constdata), (8 bytes).
    Removing gpio.o(.constdata), (8 bytes).
    Removing gpio.o(.constdata), (8 bytes).
    Removing gpio.o(.constdata), (8 bytes).
    Removing gpio.o(.constdata), (8 bytes).
    Removing gpio.o(.constdata), (8 bytes).
    Removing gpio.o(.constdata), (8 bytes).
    Removing gpio.o(.constdata), (8 bytes).
    Removing gpio.o(.constdata), (8 bytes).
    Removing gpio.o(.constdata), (8 bytes).
    Removing gpio.o(.constdata), (8 bytes).
    Removing gpio.o(.constdata), (8 bytes).
    Removing gpio.o(.constdata), (8 bytes).
    Removing gpio.o(.constdata), (8 bytes).
    Removing gpio.o(.constdata), (8 bytes).
    Removing gpio.o(.constdata), (8 bytes).
    Removing gpio.o(.constdata), (8 bytes).
    Removing gpio.o(.constdata), (8 bytes).
    Removing gpio.o(.constdata), (8 bytes).
    Removing gpio.o(.constdata), (8 bytes).
    Removing gpio.o(.constdata), (8 bytes).
    Removing gpio.o(.constdata), (8 bytes).
    Removing gpio.o(.constdata), (8 bytes).
    Removing gpio.o(.constdata), (8 bytes).
    Removing gpio.o(.constdata), (8 bytes).
    Removing gpio.o(.constdata), (8 bytes).
    Removing gpio.o(.constdata), (8 bytes).
    Removing gpio.o(.constdata), (8 bytes).
    Removing gpio.o(.constdata), (8 bytes).
    Removing gpio.o(.constdata), (8 bytes).
    Removing gpio.o(.constdata), (8 bytes).
    Removing gpio.o(.constdata), (8 bytes).
    Removing gpio.o(.constdata), (8 bytes).
    Removing gpio.o(.constdata), (8 bytes).
    Removing gpio.o(.constdata), (8 bytes).
    Removing gpio.o(.constdata), (8 bytes).
    Removing gpio.o(.constdata), (8 bytes).
    Removing gpio.o(.constdata), (8 bytes).
    Removing gpio.o(.constdata), (8 bytes).
    Removing gpio.o(.constdata), (8 bytes).
    Removing gpio.o(.constdata), (8 bytes).
    Removing gpio.o(.constdata), (8 bytes).
    Removing gpio.o(.constdata), (8 bytes).
    Removing gpio.o(.constdata), (8 bytes).
    Removing gpio.o(.constdata), (8 bytes).
    Removing gpio.o(.constdata), (8 bytes).
    Removing gpio.o(.constdata), (8 bytes).
    Removing gpio.o(.constdata), (8 bytes).
    Removing gpio.o(.constdata), (8 bytes).
    Removing gpio.o(.constdata), (8 bytes).
    Removing gpio.o(.constdata), (8 bytes).
    Removing gpio.o(.constdata), (8 bytes).
    Removing gpio.o(.constdata), (8 bytes).
    Removing gpio.o(.constdata), (8 bytes).
    Removing gpio.o(.constdata), (8 bytes).
    Removing gpio.o(.constdata), (8 bytes).
    Removing gpio.o(.constdata), (8 bytes).
    Removing gpio.o(.constdata), (8 bytes).
    Removing gpio.o(.constdata), (8 bytes).
    Removing gpio.o(.constdata), (8 bytes).
    Removing gpio.o(.constdata), (8 bytes).
    Removing gpio.o(.constdata), (8 bytes).
    Removing gpio.o(.constdata), (8 bytes).
    Removing gpio.o(.constdata), (8 bytes).
    Removing gpio.o(.constdata), (8 bytes).
    Removing gpio.o(.constdata), (8 bytes).
    Removing gpio.o(.constdata), (8 bytes).
    Removing gpio.o(.constdata), (8 bytes).
    Removing gpio.o(.constdata), (8 bytes).
    Removing gpio.o(.constdata), (8 bytes).
    Removing gpio.o(.constdata), (8 bytes).
    Removing gpio.o(.constdata), (8 bytes).
    Removing gpio.o(.constdata), (8 bytes).
    Removing gpio.o(.constdata), (8 bytes).
    Removing gpio.o(.constdata), (8 bytes).
    Removing gpio.o(.constdata), (8 bytes).
    Removing gpio.o(.constdata), (8 bytes).
    Removing gpio.o(.constdata), (8 bytes).
    Removing gpio.o(.constdata), (8 bytes).
    Removing gpio.o(.constdata), (8 bytes).
    Removing gpio.o(.constdata), (8 bytes).
    Removing gpio.o(.constdata), (8 bytes).
    Removing gpio.o(.constdata), (8 bytes).
    Removing gpio.o(.constdata), (8 bytes).
    Removing gpio.o(.constdata), (8 bytes).
    Removing gpio.o(.constdata), (8 bytes).
    Removing gpio.o(.constdata), (8 bytes).
    Removing gpio.o(.constdata), (8 bytes).
    Removing gpio.o(.constdata), (8 bytes).
    Removing gpio.o(.constdata), (8 bytes).
    Removing gpio.o(.constdata), (8 bytes).
    Removing gpio.o(.constdata), (8 bytes).
    Removing gpio.o(.constdata), (8 bytes).
    Removing gpio.o(.constdata), (8 bytes).
    Removing gpio.o(.constdata), (8 bytes).
    Removing gpio.o(.constdata), (8 bytes).
    Removing gpio.o(.constdata), (8 bytes).
    Removing gpio.o(.constdata), (8 bytes).
    Removing gpio.o(.constdata), (8 bytes).
    Removing gpio.o(.constdata), (8 bytes).
    Removing gpio.o(.constdata), (8 bytes).
    Removing gpio.o(.constdata), (8 bytes).
    Removing gpio.o(.constdata), (8 bytes).
    Removing gpio.o(.constdata), (8 bytes).
    Removing gpio.o(.constdata), (8 bytes).
    Removing gpio.o(.constdata), (8 bytes).
    Removing gpio.o(.constdata), (8 bytes).
    Removing gpio.o(.constdata), (8 bytes).
    Removing gpio.o(.constdata), (8 bytes).
    Removing gpio.o(.constdata), (8 bytes).
    Removing gpio.o(.constdata), (8 bytes).
    Removing gpio.o(.constdata), (8 bytes).
    Removing gpio.o(.constdata), (8 bytes).
    Removing gpio.o(.constdata), (8 bytes).
    Removing gpio.o(.constdata), (8 bytes).
    Removing gpio.o(.constdata), (8 bytes).
    Removing dsp_math.o(.rev16_text), (4 bytes).
    Removing dsp_math.o(.revsh_text), (4 bytes).
    Removing dsp_math.o(.rrx_text), (6 bytes).
    Removing quick_math.o(.rev16_text), (4 bytes).
    Removing quick_math.o(.revsh_text), (4 bytes).
    Removing quick_math.o(.rrx_text), (6 bytes).
    Removing quick_math.o(i.s16_kth_smallest), (164 bytes).
    Removing trigon_math.o(.rev16_text), (4 bytes).
    Removing trigon_math.o(.revsh_text), (4 bytes).
    Removing trigon_math.o(.rrx_text), (6 bytes).
    Removing trigon_math.o(i.app_tan), (164 bytes).
    Removing trigon_math.o(.data), (1024 bytes).
    Removing buzzer_song.o(.rev16_text), (4 bytes).
    Removing buzzer_song.o(.revsh_text), (4 bytes).
    Removing buzzer_song.o(.rrx_text), (6 bytes).
    Removing buzzer_song.o(.constdata), (12 bytes).
    Removing buzzer_song.o(.constdata), (12 bytes).
    Removing buzzer_song.o(.constdata), (8 bytes).
    Removing buzzer_song.o(.constdata), (6 bytes).
    Removing buzzer_song.o(.constdata), (4 bytes).
    Removing buzzer_song.o(.constdata), (4 bytes).
    Removing buzzer_song.o(.constdata), (6 bytes).
    Removing buzzer_song.o(.constdata), (8 bytes).
    Removing buzzer_song.o(.constdata), (10 bytes).
    Removing buzzer_song.o(.constdata), (12 bytes).
    Removing buzzer_song.o(.constdata), (12 bytes).
    Removing buzzer_song.o(.constdata), (56 bytes).
    Removing buzzer_song.o(.constdata), (258 bytes).
    Removing buzzer_song.o(.constdata), (258 bytes).
    Removing buzzer_song.o(.constdata), (54 bytes).
    Removing buzzer_song.o(.constdata), (144 bytes).
    Removing can_motor.o(.rev16_text), (4 bytes).
    Removing can_motor.o(.revsh_text), (4 bytes).
    Removing can_motor.o(.rrx_text), (6 bytes).
    Removing can_motor.o(i.can_motor_feedback_decoding), (72 bytes).
    Removing can_motor.o(i.can_motor_init), (16 bytes).
    Removing can_motor.o(i.get_encoder_value), (12 bytes).
    Removing can_motor.o(i.motor_lock), (22 bytes).
    Removing can_motor.o(i.motor_set_acceleration), (60 bytes).
    Removing can_motor.o(i.motor_set_pos), (112 bytes).
    Removing can_motor.o(i.motor_set_vel), (92 bytes).
    Removing can_motor.o(.bss), (64 bytes).
    Removing mti-1_uart.o(.rev16_text), (4 bytes).
    Removing mti-1_uart.o(.revsh_text), (4 bytes).
    Removing mti-1_uart.o(.rrx_text), (6 bytes).
    Removing mti-1_uart.o(i.MTi_1_UART_Rx), (464 bytes).
    Removing mti-1_uart.o(i.MTi_1_UART_init), (104 bytes).
    Removing mti-1_uart.o(i.MTi_1_reset), (68 bytes).
    Removing mti-1_uart.o(i.clear_buffer), (20 bytes).
    Removing mti-1_uart.o(i.flt_cal), (138 bytes).
    Removing mti-1_uart.o(i.get_MTi_acc), (16 bytes).
    Removing mti-1_uart.o(i.get_MTi_ang), (16 bytes).
    Removing mti-1_uart.o(i.send_MTi_1_UART_msg), (208 bytes).
    Removing mti-1_uart.o(.bss), (24 bytes).
    Removing mti-1_uart.o(.data), (22 bytes).
    Removing gp2y0a41sk.o(.rev16_text), (4 bytes).
    Removing gp2y0a41sk.o(.revsh_text), (4 bytes).
    Removing gp2y0a41sk.o(.rrx_text), (6 bytes).
    Removing gp2y0a41sk.o(i.get_ir_dis), (20 bytes).
    Removing sick_dt50.o(.rev16_text), (4 bytes).
    Removing sick_dt50.o(.revsh_text), (4 bytes).
    Removing sick_dt50.o(.rrx_text), (6 bytes).
    Removing sick_dt50.o(i.get_ls_adc_reading), (20 bytes).
    Removing sick_dt50.o(i.get_ls_cal_reading), (120 bytes).
    Removing sick_dt50.o(.bss), (20 bytes).
    Removing sick_dt50.o(.constdata), (40 bytes).
    Removing pneumatic.o(.rev16_text), (4 bytes).
    Removing pneumatic.o(.revsh_text), (4 bytes).
    Removing pneumatic.o(.rrx_text), (6 bytes).
    Removing pneumatic.o(i.pneumatic_control), (16 bytes).
    Removing pneumatic.o(i.pneumatic_init), (36 bytes).
    Removing pneumatic.o(i.pneumatic_toggle), (16 bytes).
    Removing pneumatic.o(.data), (20 bytes).
    Removing gyro.o(.rev16_text), (4 bytes).
    Removing gyro.o(.revsh_text), (4 bytes).
    Removing gyro.o(.rrx_text), (6 bytes).
    Removing gyro.o(i.get_X), (48 bytes).
    Removing gyro.o(i.get_Y), (12 bytes).
    Removing gyro.o(i.get_angle), (12 bytes).
    Removing gyro.o(i.get_pos), (8 bytes).
    Removing gyro.o(i.get_pos_raw), (8 bytes).
    Removing gyro.o(i.gyro_cal), (100 bytes).
    Removing gyro.o(i.gyro_get_shift_x), (12 bytes).
    Removing gyro.o(i.gyro_get_shift_y), (12 bytes).
    Removing gyro.o(i.gyro_init), (28 bytes).
    Removing gyro.o(i.gyro_interrupt_handler), (380 bytes).
    Removing gyro.o(i.gyro_pos_set), (144 bytes).
    Removing gyro.o(i.gyro_pos_update), (30 bytes).
    Removing gyro.o(i.minus_x), (16 bytes).
    Removing gyro.o(i.minus_y), (16 bytes).
    Removing gyro.o(i.plus_x), (16 bytes).
    Removing gyro.o(i.plus_y), (16 bytes).
    Removing gyro.o(.bss), (10 bytes).
    Removing gyro.o(.data), (2 bytes).
    Removing gyro.o(.data), (2 bytes).
    Removing gyro.o(.data), (2 bytes).
    Removing gyro.o(.data), (2 bytes).
    Removing gyro.o(.data), (2 bytes).
    Removing gyro.o(.data), (2 bytes).
    Removing gyro.o(.data), (32 bytes).
    Removing arm_cos_q15.o(.rev16_text), (4 bytes).
    Removing arm_cos_q15.o(.revsh_text), (4 bytes).
    Removing arm_cos_q15.o(.text), (168 bytes).
    Removing arm_cos_q15.o(.constdata), (518 bytes).
    Removing arm_sin_q15.o(.rev16_text), (4 bytes).
    Removing arm_sin_q15.o(.revsh_text), (4 bytes).
    Removing arm_sin_q15.o(.text), (164 bytes).
    Removing arm_sin_q15.o(.constdata), (518 bytes).
    Removing dneg.o(.text), (6 bytes).
    Removing approx_math.o(i.Sqrt), (92 bytes).
    Removing dsp_math.o(i.dsp_cos), (32 bytes).
    Removing dsp_math.o(i.dsp_sin), (32 bytes).
    Removing quick_math.o(i.s16_cap), (16 bytes).
    Removing quick_math.o(i.u16_cap), (16 bytes).
    Removing quick_math.o(i.s32_sqrt), (40 bytes).

1153 unused section(s) (total 41149 bytes) removed from the image.

==============================================================================

Memory Map of the image

  Image Entry point : 0x00000000

  Load Region LR_IROM1 (Base: 0x08000000, Size: 0x00006304, Max: 0x00100000, ABSOLUTE)

    Execution Region ER_IROM1 (Base: 0x08000000, Size: 0x00005c20, Max: 0x00100000, ABSOLUTE)

    Base Addr    Size         Type   Attr      Idx    E Section Name        Object

    0x08000000   0x00000188   Data   RO          843    RESET               startup_stm32f40_41xxx.o
    0x08000188   0x00000000   Code   RO         1291  * .ARM.Collect$$$$00000000  mc_w.l(entry.o)
    0x08000188   0x00000004   Code   RO         1346    .ARM.Collect$$$$00000001  mc_w.l(entry2.o)
    0x0800018c   0x00000004   Code   RO         1349    .ARM.Collect$$$$00000004  mc_w.l(entry5.o)
    0x08000190   0x00000000   Code   RO         1351    .ARM.Collect$$$$00000008  mc_w.l(entry7b.o)
    0x08000190   0x00000000   Code   RO         1353    .ARM.Collect$$$$0000000A  mc_w.l(entry8b.o)
    0x08000190   0x00000008   Code   RO         1354    .ARM.Collect$$$$0000000B  mc_w.l(entry9a.o)
    0x08000198   0x00000000   Code   RO         1356    .ARM.Collect$$$$0000000D  mc_w.l(entry10a.o)
    0x08000198   0x00000000   Code   RO         1358    .ARM.Collect$$$$0000000F  mc_w.l(entry11a.o)
    0x08000198   0x00000004   Code   RO         1347    .ARM.Collect$$$$00002712  mc_w.l(entry2.o)
    0x0800019c   0x0000000e   Code   RO          993    .emb_text           ticks.o
    0x080001aa   0x00000002   PAD
    0x080001ac   0x00000024   Code   RO          844    .text               startup_stm32f40_41xxx.o
    0x080001d0   0x00000024   Code   RO         1295    .text               mc_w.l(memseta.o)
    0x080001f4   0x0000014e   Code   RO         1325    .text               mf_w.l(dadd.o)
    0x08000342   0x000000e4   Code   RO         1326    .text               mf_w.l(dmul.o)
    0x08000426   0x000000de   Code   RO         1327    .text               mf_w.l(ddiv.o)
    0x08000504   0x00000022   Code   RO         1328    .text               mf_w.l(dflti.o)
    0x08000526   0x0000003e   Code   RO         1329    .text               mf_w.l(dfixi.o)
    0x08000564   0x00000026   Code   RO         1330    .text               mf_w.l(f2d.o)
    0x0800058a   0x00000038   Code   RO         1331    .text               mf_w.l(d2f.o)
    0x080005c2   0x0000002c   Code   RO         1362    .text               mc_w.l(uidiv.o)
    0x080005ee   0x00000062   Code   RO         1363    .text               mc_w.l(uldiv.o)
    0x08000650   0x0000001e   Code   RO         1364    .text               mc_w.l(llshl.o)
    0x0800066e   0x00000020   Code   RO         1365    .text               mc_w.l(llushr.o)
    0x0800068e   0x00000024   Code   RO         1366    .text               mc_w.l(llsshr.o)
    0x080006b2   0x00000000   Code   RO         1373    .text               mc_w.l(iusefp.o)
    0x080006b2   0x0000006e   Code   RO         1374    .text               mf_w.l(fepilogue.o)
    0x08000720   0x000000ba   Code   RO         1375    .text               mf_w.l(depilogue.o)
    0x080007da   0x00000030   Code   RO         1376    .text               mf_w.l(dfixul.o)
    0x0800080a   0x00000002   PAD
    0x0800080c   0x00000030   Code   RO         1377    .text               mf_w.l(cdrcmple.o)
    0x0800083c   0x00000024   Code   RO         1383    .text               mc_w.l(init.o)
    0x08000860   0x0000001a   Code   RO         1387    .text               mf_w.l(dfltui.o)
    0x0800087a   0x00000012   Code   RO           18    i.ADC_Cmd           stm32f4xx_adc.o
    0x0800088c   0x0000002c   Code   RO           19    i.ADC_CommonInit    stm32f4xx_adc.o
    0x080008b8   0x00000012   Code   RO           22    i.ADC_DMACmd        stm32f4xx_adc.o
    0x080008ca   0x00000012   Code   RO           23    i.ADC_DMARequestAfterLastTransferCmd  stm32f4xx_adc.o
    0x080008dc   0x00000054   Code   RO           38    i.ADC_Init          stm32f4xx_adc.o
    0x08000930   0x00000092   Code   RO           43    i.ADC_RegularChannelConfig  stm32f4xx_adc.o
    0x080009c2   0x0000000a   Code   RO           45    i.ADC_SoftwareStartConv  stm32f4xx_adc.o
    0x080009cc   0x00000002   Code   RO          826    i.BusFault_Handler  stm32f4xx_it.o
    0x080009ce   0x00000002   PAD
    0x080009d0   0x000000d8   Code   RO          871    i.CAN1_RX0_IRQHandler  can_protocol.o
    0x08000aa8   0x00000028   Code   RO          872    i.CAN1_TX_IRQHandler  can_protocol.o
    0x08000ad0   0x0000009c   Code   RO           55    i.CAN_ClearITPendingBit  stm32f4xx_can.o
    0x08000b6c   0x00000110   Code   RO           61    i.CAN_GetITStatus   stm32f4xx_can.o
    0x08000c7c   0x000000b4   Code   RO           69    i.CAN_Receive       stm32f4xx_can.o
    0x08000d30   0x000000c2   Code   RO           74    i.CAN_Transmit      stm32f4xx_can.o
    0x08000df2   0x00000012   Code   RO          180    i.DMA_Cmd           stm32f4xx_dma.o
    0x08000e04   0x00000184   Code   RO          181    i.DMA_DeInit        stm32f4xx_dma.o
    0x08000f88   0x00000078   Code   RO          192    i.DMA_Init          stm32f4xx_dma.o
    0x08001000   0x00000002   Code   RO          827    i.DebugMon_Handler  stm32f4xx_it.o
    0x08001002   0x00000002   PAD
    0x08001004   0x00000090   Code   RO          311    i.GPIO_Init         stm32f4xx_gpio.o
    0x08001094   0x00000022   Code   RO          312    i.GPIO_PinAFConfig  stm32f4xx_gpio.o
    0x080010b6   0x00000004   Code   RO          318    i.GPIO_ResetBits    stm32f4xx_gpio.o
    0x080010ba   0x00000004   Code   RO          319    i.GPIO_SetBits      stm32f4xx_gpio.o
    0x080010be   0x00000012   Code   RO          320    i.GPIO_StructInit   stm32f4xx_gpio.o
    0x080010d0   0x0000000a   Code   RO          323    i.GPIO_WriteBit     stm32f4xx_gpio.o
    0x080010da   0x00000002   Code   RO          828    i.HardFault_Handler  stm32f4xx_it.o
    0x080010dc   0x00000002   Code   RO          829    i.MemManage_Handler  stm32f4xx_it.o
    0x080010de   0x00000002   Code   RO          830    i.NMI_Handler       stm32f4xx_it.o
    0x080010e0   0x00000070   Code   RO            4    i.NVIC_Init         misc_1.o
    0x08001150   0x00000002   Code   RO          831    i.PendSV_Handler    stm32f4xx_it.o
    0x08001152   0x00000002   PAD
    0x08001154   0x00000018   Code   RO          463    i.RCC_AHB1PeriphClockCmd  stm32f4xx_rcc.o
    0x0800116c   0x00000018   Code   RO          472    i.RCC_APB1PeriphClockCmd  stm32f4xx_rcc.o
    0x08001184   0x00000018   Code   RO          473    i.RCC_APB1PeriphClockLPModeCmd  stm32f4xx_rcc.o
    0x0800119c   0x00000018   Code   RO          474    i.RCC_APB1PeriphResetCmd  stm32f4xx_rcc.o
    0x080011b4   0x00000018   Code   RO          475    i.RCC_APB2PeriphClockCmd  stm32f4xx_rcc.o
    0x080011cc   0x00000018   Code   RO          477    i.RCC_APB2PeriphResetCmd  stm32f4xx_rcc.o
    0x080011e4   0x000000a8   Code   RO          484    i.RCC_GetClocksFreq  stm32f4xx_rcc.o
    0x0800128c   0x00000012   Code   RO          659    i.SPI_CalculateCRC  stm32f4xx_spi.o
    0x0800129e   0x00000012   Code   RO          660    i.SPI_Cmd           stm32f4xx_spi.o
    0x080012b0   0x0000000e   Code   RO          668    i.SPI_I2S_GetFlagStatus  stm32f4xx_spi.o
    0x080012be   0x00000004   Code   RO          671    i.SPI_I2S_ReceiveData  stm32f4xx_spi.o
    0x080012c2   0x00000004   Code   RO          672    i.SPI_I2S_SendData  stm32f4xx_spi.o
    0x080012c6   0x00000054   Code   RO          673    i.SPI_Init          stm32f4xx_spi.o
    0x0800131a   0x00000012   Code   RO          675    i.SPI_SSOutputCmd   stm32f4xx_spi.o
    0x0800132c   0x00000002   Code   RO          832    i.SVC_Handler       stm32f4xx_it.o
    0x0800132e   0x00000002   Code   RO          833    i.SysTick_Handler   stm32f4xx_it.o
    0x08001330   0x00000084   Code   RO          838    i.SystemCoreClockUpdate  system_stm32f4xx.o
    0x080013b4   0x0000010c   Code   RO          839    i.SystemInit        system_stm32f4xx.o
    0x080014c0   0x0000003c   Code   RO          994    i.TIM5_IRQHandler   ticks.o
    0x080014fc   0x00000012   Code   RO          692    i.TIM_ARRPreloadConfig  stm32f4xx_tim.o
    0x0800150e   0x00000006   Code   RO          698    i.TIM_ClearFlag     stm32f4xx_tim.o
    0x08001514   0x00000006   Code   RO          699    i.TIM_ClearITPendingBit  stm32f4xx_tim.o
    0x0800151a   0x00000012   Code   RO          704    i.TIM_Cmd           stm32f4xx_tim.o
    0x0800152c   0x00000016   Code   RO          706    i.TIM_CtrlPWMOutputs  stm32f4xx_tim.o
    0x08001542   0x00000182   Code   RO          709    i.TIM_DeInit        stm32f4xx_tim.o
    0x080016c4   0x0000003c   Code   RO          713    i.TIM_EncoderInterfaceConfig  stm32f4xx_tim.o
    0x08001700   0x00000016   Code   RO          725    i.TIM_GetITStatus   stm32f4xx_tim.o
    0x08001716   0x00000010   Code   RO          729    i.TIM_ITConfig      stm32f4xx_tim.o
    0x08001726   0x00000068   Code   RO          733    i.TIM_OC1Init       stm32f4xx_tim.o
    0x0800178e   0x0000000c   Code   RO          736    i.TIM_OC1PreloadConfig  stm32f4xx_tim.o
    0x0800179a   0x00000004   Code   RO          766    i.TIM_SetCompare1   stm32f4xx_tim.o
    0x0800179e   0x00000004   Code   RO          770    i.TIM_SetCounter    stm32f4xx_tim.o
    0x080017a2   0x00000002   PAD
    0x080017a4   0x00000080   Code   RO          776    i.TIM_TimeBaseInit  stm32f4xx_tim.o
    0x08001824   0x00000044   Code   RO          945    i.UART4_IRQHandler  usart.o
    0x08001868   0x00000044   Code   RO          946    i.UART5_IRQHandler  usart.o
    0x080018ac   0x00000044   Code   RO          947    i.USART1_IRQHandler  usart.o
    0x080018f0   0x00000044   Code   RO          948    i.USART2_IRQHandler  usart.o
    0x08001934   0x00000044   Code   RO          949    i.USART3_IRQHandler  usart.o
    0x08001978   0x0000000e   Code   RO          784    i.USART_ClearITPendingBit  stm32f4xx_usart.o
    0x08001986   0x00000012   Code   RO          787    i.USART_Cmd         stm32f4xx_usart.o
    0x08001998   0x0000004c   Code   RO          791    i.USART_GetITStatus  stm32f4xx_usart.o
    0x080019e4   0x000000b8   Code   RO          794    i.USART_Init        stm32f4xx_usart.o
    0x08001a9c   0x00000008   Code   RO          801    i.USART_ReceiveData  stm32f4xx_usart.o
    0x08001aa4   0x00000002   Code   RO          834    i.UsageFault_Handler  stm32f4xx_it.o
    0x08001aa6   0x00000002   PAD
    0x08001aa8   0x00000024   Code   RO         1304    i.__0vsprintf       mc_w.l(printfa.o)
    0x08001acc   0x00000030   Code   RO         1381    i.__ARM_fpclassify  m_wm.l(fpclassify.o)
    0x08001afc   0x00000004   PAD
    0x08001b00   0x00000080   Code   RO         1285    i.__hardfp_tan      m_wm.l(tan.o)
    0x08001b80   0x00000438   Code   RO         1339    i.__ieee754_rem_pio2  m_wm.l(rred.o)
    0x08001fb8   0x000000f8   Code   RO         1382    i.__kernel_poly     m_wm.l(poly.o)
    0x080020b0   0x00000350   Code   RO         1342    i.__kernel_tan      m_wm.l(tan_i.o)
    0x08002400   0x00000014   Code   RO         1333    i.__mathlib_dbl_infnan  m_wm.l(dunder.o)
    0x08002414   0x00000004   PAD
    0x08002418   0x00000020   Code   RO         1335    i.__mathlib_dbl_invalid  m_wm.l(dunder.o)
    0x08002438   0x00000020   Code   RO         1338    i.__mathlib_dbl_underflow  m_wm.l(dunder.o)
    0x08002458   0x0000000c   Code   RO         1371    i.__set_errno       mc_w.l(errno.o)
    0x08002464   0x00000078   Code   RO          995    i._delay_ms         ticks.o
    0x080024dc   0x00000164   Code   RO         1305    i._fp_digits        mc_w.l(printfa.o)
    0x08002640   0x000006dc   Code   RO         1306    i._printf_core      mc_w.l(printfa.o)
    0x08002d1c   0x00000024   Code   RO         1307    i._printf_post_padding  mc_w.l(printfa.o)
    0x08002d40   0x0000002e   Code   RO         1308    i._printf_pre_padding  mc_w.l(printfa.o)
    0x08002d6e   0x0000000a   Code   RO         1310    i._sputc            mc_w.l(printfa.o)
    0x08002d78   0x000000fc   Code   RO          853    i.adc_init          adc.o
    0x08002e74   0x00000034   Code   RO          901    i.button_init       button.o
    0x08002ea8   0x0000011c   Code   RO          972    i.buzzer_init       buzzer.o
    0x08002fc4   0x000000d0   Code   RO          879    i.can_tx_dequeue    can_protocol.o
    0x08003094   0x0000013c   Code   RO          894    i.encoder_init      encoder.o
    0x080031d0   0x00000018   Code   RO         1380    i.fabs              m_wm.l(fabs.o)
    0x080031e8   0x00000010   Code   RO          997    i.get_full_ticks    ticks.o
    0x080031f8   0x0000000c   Code   RO          999    i.get_ticks         ticks.o
    0x08003204   0x0000001e   Code   RO         1007    i.gpio_input_init   gpio.o
    0x08003222   0x00000026   Code   RO         1008    i.gpio_output_init  gpio.o
    0x08003248   0x0000005e   Code   RO         1010    i.gpio_rcc_init_all  gpio.o
    0x080032a6   0x0000000a   Code   RO         1014    i.gpio_write        gpio.o
    0x080032b0   0x0000001c   Code   RO          940    i.led_init          led.o
    0x080032cc   0x00000004   PAD
    0x080032d0   0x000002f0   Code   RO          848    i.main              main.o
    0x080035c0   0x000000d0   Code   RO          988    i.servo_init        servo.o
    0x08003690   0x0000009c   Code   RO          907    i.tft_char_is_changed  lcd_main.o
    0x0800372c   0x00000070   Code   RO          908    i.tft_clear         lcd_main.o
    0x0800379c   0x00000216   Code   RO          910    i.tft_config        lcd_main.o
    0x080039b2   0x00000002   PAD
    0x080039b4   0x0000016c   Code   RO          916    i.tft_init          lcd_main.o
    0x08003b20   0x000000cc   Code   RO          917    i.tft_println       lcd_main.o
    0x08003bec   0x0000137e   Code   RO          919    i.tft_put_logo      lcd_main.o
    0x08004f6a   0x00000002   PAD
    0x08004f6c   0x0000016c   Code   RO          920    i.tft_put_pixel     lcd_main.o
    0x080050d8   0x00000114   Code   RO          927    i.tft_spi_init      lcd_main.o
    0x080051ec   0x00000638   Code   RO          929    i.tft_update        lcd_main.o
    0x08005824   0x0000005c   Code   RO          930    i.tft_write_command  lcd_main.o
    0x08005880   0x0000005c   Code   RO          931    i.tft_write_data    lcd_main.o
    0x080058dc   0x00000068   Code   RO         1001    i.ticks_init        ticks.o
    0x08005944   0x0000010c   Code   RO          950    i.uart_init         usart.o
    0x08005a50   0x0000005a   Data   RO          960    .constdata          usart.o
    0x08005aaa   0x00000002   PAD
    0x08005aac   0x00000008   Data   RO         1019    .constdata          gpio.o
    0x08005ab4   0x00000008   Data   RO         1020    .constdata          gpio.o
    0x08005abc   0x00000008   Data   RO         1021    .constdata          gpio.o
    0x08005ac4   0x00000008   Data   RO         1022    .constdata          gpio.o
    0x08005acc   0x00000008   Data   RO         1048    .constdata          gpio.o
    0x08005ad4   0x00000008   Data   RO         1054    .constdata          gpio.o
    0x08005adc   0x00000008   Data   RO         1055    .constdata          gpio.o
    0x08005ae4   0x00000008   Data   RO         1056    .constdata          gpio.o
    0x08005aec   0x00000008   Data   RO         1062    .constdata          gpio.o
    0x08005af4   0x00000004   PAD
    0x08005af8   0x000000c8   Data   RO         1341    .constdata          m_wm.l(rred.o)
    0x08005bc0   0x00000060   Data   RO         1343    .constdata          m_wm.l(tan_i.o)
    0x08005c20   0x00000000   Data   RO         1388    Region$$Table       anon$$obj.o


    Execution Region RW_IRAM1 (Base: 0x20000000, Size: 0x00009480, Max: 0x00020000, ABSOLUTE)

    Base Addr    Size         Type   Attr      Idx    E Section Name        Object

    0x20000000   0x00000010   Data   RW          516    .data               stm32f4xx_rcc.o
    0x20000010   0x00000014   Data   RW          840    .data               system_stm32f4xx.o
    0x20000024   0x00000004   Data   RW          854    .data               adc.o
    0x20000028   0x00000014   Data   RW          890    .data               can_protocol.o
    0x2000003c   0x00000020   Data   RW          903    .data               button.o
    0x2000005c   0x0000060e   Data   RW          933    .data               lcd_main.o
    0x2000066a   0x00000002   PAD
    0x2000066c   0x00000030   Data   RW          962    .data               usart.o
    0x2000069c   0x00000024   Data   RW          983    .data               buzzer.o
    0x200006c0   0x00000018   Data   RW          989    .data               servo.o
    0x200006d8   0x00000006   Data   RW         1002    .data               ticks.o
    0x200006de   0x00000002   PAD
    0x200006e0   0x00000004   Data   RW         1372    .data               mc_w.l(errno.o)
    0x200006e4   0x00007d00   Zero   RW          888    .bss                can_protocol.o
    0x200083e4   0x00000080   Zero   RW          889    .bss                can_protocol.o
    0x20008464   0x000007d0   Zero   RW          932    .bss                lcd_main.o
    0x20008c34   0x00000014   Zero   RW          959    .bss                usart.o
    0x20008c48   0x0000001a   Zero   RW          980    .bss                buzzer.o
    0x20008c62   0x00000018   Zero   RW          981    .bss                buzzer.o
    0x20008c7a   0x00000006   PAD
    0x20008c80   0x00000800   Zero   RW          841    STACK               startup_stm32f40_41xxx.o

