<html>
<body>
<pre>
<h1>µVision Build Log</h1>
<h2>Tool Versions:</h2>
IDE-Version: µVision V5.16a
Copyright (C) 2015 ARM Ltd and ARM Germany GmbH. All rights reserved.
License Information: Rex Cheng, HKUST, LIC=8VRKP-M50WX-45FT5-G7R8Y-EZBPK-K7WBI
 
Tool Versions:
Toolchain:       MDK-ARM Standard  Version: 5.16a
Toolchain Path:  C:\WorkBench\IDE\Keil_v5\ARM\ARMCC\Bin
C Compiler:      Armcc.exe V5.06 (build 20)
Assembler:       Armasm.exe V5.06 (build 20)
Linker/Locator:  ArmLink.exe V5.06 (build 20)
Library Manager: ArmAr.exe V5.06 (build 20)
Hex Converter:   FromElf.exe V5.06 (build 20)
CPU DLL:         SARMCM3.DLL V5.16a
Dialog DLL:      DCM.DLL V1.13.2.0
Target DLL:      STLink\ST-LINKIII-KEIL_SWO.dll V2.0.17.0
Dialog DLL:      TCM.DLL V1.14.5.0
 
<h2>Project:</h2>
C:\WorkBench\Robo\robocon-f4-lib\STM32F405VG\Project.uvprojx
Project File Date:  07/20/2016

<h2>Output:</h2>
*** Using Compiler 'V5.06 (build 20)', folder: 'C:\WorkBench\IDE\Keil_v5\ARM\ARMCC\Bin'
Build target 'STM32F40_41xxx'
compiling adc.c...
compiling stm32f4xx_it.c...
compiling main.c...
user\main.c(51): warning:  #1035-D: single-precision operand implicitly converted to double-precision
  		float error = (result[i] - tan(testing_angle*
I/180.0/100.0)*scale)/scale*1000.0;
user\main.c(56): warning:  #1035-D: single-precision operand implicitly converted to double-precision
  		tft_println("%f", tan(testing_angle*
I/180.0/100.0)*scale);
user\main.c: 2 warnings, 0 errors
compiling approx_math.c...
compiling button.c...
compiling can_protocol.c...
compiling dsp_math.c...
compiling quick_math.c...
compiling can_motor.c...
compiling GP2Y0A41SK.c...
compiling SICK_DT50.c...
compiling gyro.c...
linking...
Program Size: Code=22904 RO-data=1912 RW-data=1764 ZI-data=36252  
FromELF: creating hex file...
"STM32F40_41xxx\STM32F40_41xxx.axf" - 0 Error(s), 2 Warning(s).

<h2>Software Packages used:</h2>

Package Vendor: ARM
                http://www.keil.com/pack/ARM.CMSIS.4.4.0.pack
                ARM::CMSIS:CORE:4.2.0
                CMSIS (Cortex Microcontroller Software Interface Standard)
   * Component: CORE Version: 4.2.0

<h2>Collection of Component include folders:</h2>
  C:\WorkBench\Robo\robocon-f4-lib\STM32F405VG\RTE
  C:\WorkBench\IDE\Keil_v5\ARM\PACK\ARM\CMSIS\4.4.0\CMSIS\Include
  C:\WorkBench\IDE\Keil_v5\ARM\PACK\Keil\STM32F4xx_DFP\2.6.0\Drivers\CMSIS\Device\ST\STM32F4xx\Include

<h2>Collection of Component Files used:</h2>

   * Component: ARM::CMSIS:CORE:4.2.0
Build Time Elapsed:  00:00:07
</pre>
</body>
</html>
